Archive member included to satisfy reference by file (symbol)

.\CortexM3\ARM_GCC_541\Debug\PSoC_Unicon.a(CyLib.o)
                              .\CortexM3\ARM_GCC_541\Debug\Cm3Start.o (CyHalt)
.\CortexM3\ARM_GCC_541\Debug\PSoC_Unicon.a(cyPm.o)
                              .\CortexM3\ARM_GCC_541\Debug\PSoC_Unicon.a(CyLib.o) (CyPmReadStatus)
.\CortexM3\ARM_GCC_541\Debug\PSoC_Unicon.a(ShiftReg_fwd.o)
                              .\CortexM3\ARM_GCC_541\Debug\main.o (ShiftReg_fwd_Init)
.\CortexM3\ARM_GCC_541\Debug\PSoC_Unicon.a(ShiftReg_rev.o)
                              .\CortexM3\ARM_GCC_541\Debug\main.o (ShiftReg_rev_Init)
.\CortexM3\ARM_GCC_541\Debug\PSoC_Unicon.a(UART.o)
                              .\CortexM3\ARM_GCC_541\Debug\main.o (UART_Start)
.\CortexM3\ARM_GCC_541\Debug\PSoC_Unicon.a(UART_IntClock.o)
                              .\CortexM3\ARM_GCC_541\Debug\PSoC_Unicon.a(UART.o) (UART_IntClock_Start)
.\CortexM3\ARM_GCC_541\Debug\PSoC_Unicon.a(LCD.o)
                              .\CortexM3\ARM_GCC_541\Debug\main.o (LCD_PutChar)
.\CortexM3\ARM_GCC_541\Debug\PSoC_Unicon.a(rx_int.o)
                              .\CortexM3\ARM_GCC_541\Debug\main.o (rx_int_StartEx)
.\CortexM3\ARM_GCC_541\Debug\PSoC_Unicon.a(CyBootAsmGnu.o)
                              .\CortexM3\ARM_GCC_541\Debug\cyfitter_cfg.o (CyDelayCycles)
.\CortexM3\ARM_GCC_541\Debug\PSoC_Unicon.a(CyFlash.o)
                              .\CortexM3\ARM_GCC_541\Debug\PSoC_Unicon.a(cyPm.o) (CyFlash_SetWaitCycles)
.\CortexM3\ARM_GCC_541\Debug\PSoC_Unicon.a(CySpc.o)
                              .\CortexM3\ARM_GCC_541\Debug\PSoC_Unicon.a(CyFlash.o) (CySpcStart)
c:/program files (x86)/cypress/psoc creator/4.2/psoc creator/import/gnu/arm/5.4.1/bin/../lib/gcc/arm-none-eabi/5.4.1/../../../../arm-none-eabi/lib/armv7-m\libg_nano.a(lib_a-errno.o)
                              .\CortexM3\ARM_GCC_541\Debug\Cm3Start.o (__errno)
c:/program files (x86)/cypress/psoc creator/4.2/psoc creator/import/gnu/arm/5.4.1/bin/../lib/gcc/arm-none-eabi/5.4.1/../../../../arm-none-eabi/lib/armv7-m\libg_nano.a(lib_a-exit.o)
                              c:/program files (x86)/cypress/psoc creator/4.2/psoc creator/import/gnu/arm/5.4.1/bin/../lib/gcc/arm-none-eabi/5.4.1/../../../../arm-none-eabi/lib/armv7-m/crt0.o (exit)
c:/program files (x86)/cypress/psoc creator/4.2/psoc creator/import/gnu/arm/5.4.1/bin/../lib/gcc/arm-none-eabi/5.4.1/../../../../arm-none-eabi/lib/armv7-m\libg_nano.a(lib_a-impure.o)
                              c:/program files (x86)/cypress/psoc creator/4.2/psoc creator/import/gnu/arm/5.4.1/bin/../lib/gcc/arm-none-eabi/5.4.1/../../../../arm-none-eabi/lib/armv7-m\libg_nano.a(lib_a-exit.o) (_global_impure_ptr)
c:/program files (x86)/cypress/psoc creator/4.2/psoc creator/import/gnu/arm/5.4.1/bin/../lib/gcc/arm-none-eabi/5.4.1/../../../../arm-none-eabi/lib/armv7-m\libg_nano.a(lib_a-init.o)
                              c:/program files (x86)/cypress/psoc creator/4.2/psoc creator/import/gnu/arm/5.4.1/bin/../lib/gcc/arm-none-eabi/5.4.1/../../../../arm-none-eabi/lib/armv7-m/crt0.o (__libc_init_array)
c:/program files (x86)/cypress/psoc creator/4.2/psoc creator/import/gnu/arm/5.4.1/bin/../lib/gcc/arm-none-eabi/5.4.1/../../../../arm-none-eabi/lib/armv7-m\libg_nano.a(lib_a-memcpy-stub.o)
                              .\CortexM3\ARM_GCC_541\Debug\cyfitter_cfg.o (memcpy)
c:/program files (x86)/cypress/psoc creator/4.2/psoc creator/import/gnu/arm/5.4.1/bin/../lib/gcc/arm-none-eabi/5.4.1/../../../../arm-none-eabi/lib/armv7-m\libg_nano.a(lib_a-memset.o)
                              c:/program files (x86)/cypress/psoc creator/4.2/psoc creator/import/gnu/arm/5.4.1/bin/../lib/gcc/arm-none-eabi/5.4.1/../../../../arm-none-eabi/lib/armv7-m/crt0.o (memset)

Allocating common symbols
Common symbol       size              file

dieTemperature      0x2               .\CortexM3\ARM_GCC_541\Debug\PSoC_Unicon.a(CyFlash.o)

Discarded input sections

 .text          0x00000000        0x0 c:/program files (x86)/cypress/psoc creator/4.2/psoc creator/import/gnu/arm/5.4.1/bin/../lib/gcc/arm-none-eabi/5.4.1/armv7-m/crti.o
 .data          0x00000000        0x0 c:/program files (x86)/cypress/psoc creator/4.2/psoc creator/import/gnu/arm/5.4.1/bin/../lib/gcc/arm-none-eabi/5.4.1/armv7-m/crti.o
 .bss           0x00000000        0x0 c:/program files (x86)/cypress/psoc creator/4.2/psoc creator/import/gnu/arm/5.4.1/bin/../lib/gcc/arm-none-eabi/5.4.1/armv7-m/crti.o
 .data          0x00000000        0x4 c:/program files (x86)/cypress/psoc creator/4.2/psoc creator/import/gnu/arm/5.4.1/bin/../lib/gcc/arm-none-eabi/5.4.1/armv7-m/crtbegin.o
 .text          0x00000000       0x74 c:/program files (x86)/cypress/psoc creator/4.2/psoc creator/import/gnu/arm/5.4.1/bin/../lib/gcc/arm-none-eabi/5.4.1/../../../../arm-none-eabi/lib/armv7-m/crt0.o
 .data          0x00000000        0x0 c:/program files (x86)/cypress/psoc creator/4.2/psoc creator/import/gnu/arm/5.4.1/bin/../lib/gcc/arm-none-eabi/5.4.1/../../../../arm-none-eabi/lib/armv7-m/crt0.o
 .bss           0x00000000        0x0 c:/program files (x86)/cypress/psoc creator/4.2/psoc creator/import/gnu/arm/5.4.1/bin/../lib/gcc/arm-none-eabi/5.4.1/../../../../arm-none-eabi/lib/armv7-m/crt0.o
 .ARM.extab     0x00000000        0x0 c:/program files (x86)/cypress/psoc creator/4.2/psoc creator/import/gnu/arm/5.4.1/bin/../lib/gcc/arm-none-eabi/5.4.1/../../../../arm-none-eabi/lib/armv7-m/crt0.o
 .ARM.exidx     0x00000000        0x8 c:/program files (x86)/cypress/psoc creator/4.2/psoc creator/import/gnu/arm/5.4.1/bin/../lib/gcc/arm-none-eabi/5.4.1/../../../../arm-none-eabi/lib/armv7-m/crt0.o
 .text          0x00000000        0x0 .\CortexM3\ARM_GCC_541\Debug\main.o
 .data          0x00000000        0x0 .\CortexM3\ARM_GCC_541\Debug\main.o
 .bss           0x00000000        0x0 .\CortexM3\ARM_GCC_541\Debug\main.o
 .text          0x00000000        0x0 .\CortexM3\ARM_GCC_541\Debug\cyfitter_cfg.o
 .data          0x00000000        0x0 .\CortexM3\ARM_GCC_541\Debug\cyfitter_cfg.o
 .bss           0x00000000        0x0 .\CortexM3\ARM_GCC_541\Debug\cyfitter_cfg.o
 .text.SetAnalogRoutingPumps
                0x00000000       0x10 .\CortexM3\ARM_GCC_541\Debug\cyfitter_cfg.o
 .text          0x00000000        0x0 .\CortexM3\ARM_GCC_541\Debug\cymetadata.o
 .data          0x00000000        0x0 .\CortexM3\ARM_GCC_541\Debug\cymetadata.o
 .bss           0x00000000        0x0 .\CortexM3\ARM_GCC_541\Debug\cymetadata.o
 .text          0x00000000        0x0 .\CortexM3\ARM_GCC_541\Debug\Cm3Start.o
 .data          0x00000000        0x4 .\CortexM3\ARM_GCC_541\Debug\Cm3Start.o
 .bss           0x00000000        0x0 .\CortexM3\ARM_GCC_541\Debug\Cm3Start.o
 .text._exit    0x00000000        0xc .\CortexM3\ARM_GCC_541\Debug\Cm3Start.o
 .text._sbrk    0x00000000       0x30 .\CortexM3\ARM_GCC_541\Debug\Cm3Start.o
 .text          0x00000000        0x0 .\CortexM3\ARM_GCC_541\Debug\PSoC_Unicon.a(CyLib.o)
 .bss           0x00000000       0x1c .\CortexM3\ARM_GCC_541\Debug\PSoC_Unicon.a(CyLib.o)
 .text.CyUSB_PowerOnCheck
                0x00000000       0x48 .\CortexM3\ARM_GCC_541\Debug\PSoC_Unicon.a(CyLib.o)
 .text.CyBusClk_Internal_SetDivider
                0x00000000       0x48 .\CortexM3\ARM_GCC_541\Debug\PSoC_Unicon.a(CyLib.o)
 .text.CyPLL_OUT_Stop
                0x00000000       0x10 .\CortexM3\ARM_GCC_541\Debug\PSoC_Unicon.a(CyLib.o)
 .text.CyIMO_Stop
                0x00000000       0x1c .\CortexM3\ARM_GCC_541\Debug\PSoC_Unicon.a(CyLib.o)
 .text.CyIMO_EnableDoubler
                0x00000000       0x10 .\CortexM3\ARM_GCC_541\Debug\PSoC_Unicon.a(CyLib.o)
 .text.CyIMO_DisableDoubler
                0x00000000       0x10 .\CortexM3\ARM_GCC_541\Debug\PSoC_Unicon.a(CyLib.o)
 .text.CyMasterClk_SetSource
                0x00000000       0x18 .\CortexM3\ARM_GCC_541\Debug\PSoC_Unicon.a(CyLib.o)
 .text.CyMasterClk_SetDivider
                0x00000000        0xc .\CortexM3\ARM_GCC_541\Debug\PSoC_Unicon.a(CyLib.o)
 .text.CyBusClk_SetDivider
                0x00000000       0x70 .\CortexM3\ARM_GCC_541\Debug\PSoC_Unicon.a(CyLib.o)
 .text.CyUsbClk_SetSource
                0x00000000       0x18 .\CortexM3\ARM_GCC_541\Debug\PSoC_Unicon.a(CyLib.o)
 .text.CyILO_Start1K
                0x00000000       0x10 .\CortexM3\ARM_GCC_541\Debug\PSoC_Unicon.a(CyLib.o)
 .text.CyILO_Stop1K
                0x00000000       0x10 .\CortexM3\ARM_GCC_541\Debug\PSoC_Unicon.a(CyLib.o)
 .text.CyILO_Start100K
                0x00000000       0x10 .\CortexM3\ARM_GCC_541\Debug\PSoC_Unicon.a(CyLib.o)
 .text.CyILO_Stop100K
                0x00000000       0x10 .\CortexM3\ARM_GCC_541\Debug\PSoC_Unicon.a(CyLib.o)
 .text.CyPLL_OUT_Start
                0x00000000       0x78 .\CortexM3\ARM_GCC_541\Debug\PSoC_Unicon.a(CyLib.o)
 .text.CyIMO_Start
                0x00000000       0x60 .\CortexM3\ARM_GCC_541\Debug\PSoC_Unicon.a(CyLib.o)
 .text.CyILO_Enable33K
                0x00000000       0x10 .\CortexM3\ARM_GCC_541\Debug\PSoC_Unicon.a(CyLib.o)
 .text.CyILO_Disable33K
                0x00000000       0x10 .\CortexM3\ARM_GCC_541\Debug\PSoC_Unicon.a(CyLib.o)
 .text.CyILO_SetSource
                0x00000000       0x18 .\CortexM3\ARM_GCC_541\Debug\PSoC_Unicon.a(CyLib.o)
 .text.CyILO_SetPowerMode
                0x00000000       0x24 .\CortexM3\ARM_GCC_541\Debug\PSoC_Unicon.a(CyLib.o)
 .text.CyXTAL_32KHZ_Stop
                0x00000000       0x30 .\CortexM3\ARM_GCC_541\Debug\PSoC_Unicon.a(CyLib.o)
 .text.CyXTAL_32KHZ_ReadStatus
                0x00000000       0x10 .\CortexM3\ARM_GCC_541\Debug\PSoC_Unicon.a(CyLib.o)
 .text.CyXTAL_Start
                0x00000000       0xac .\CortexM3\ARM_GCC_541\Debug\PSoC_Unicon.a(CyLib.o)
 .text.CyXTAL_Stop
                0x00000000       0x10 .\CortexM3\ARM_GCC_541\Debug\PSoC_Unicon.a(CyLib.o)
 .text.CyXTAL_EnableErrStatus
                0x00000000       0x10 .\CortexM3\ARM_GCC_541\Debug\PSoC_Unicon.a(CyLib.o)
 .text.CyXTAL_DisableErrStatus
                0x00000000       0x10 .\CortexM3\ARM_GCC_541\Debug\PSoC_Unicon.a(CyLib.o)
 .text.CyXTAL_ReadStatus
                0x00000000       0x18 .\CortexM3\ARM_GCC_541\Debug\PSoC_Unicon.a(CyLib.o)
 .text.CyXTAL_EnableFaultRecovery
                0x00000000       0x10 .\CortexM3\ARM_GCC_541\Debug\PSoC_Unicon.a(CyLib.o)
 .text.CyXTAL_DisableFaultRecovery
                0x00000000       0x10 .\CortexM3\ARM_GCC_541\Debug\PSoC_Unicon.a(CyLib.o)
 .text.CyXTAL_SetStartup
                0x00000000       0x18 .\CortexM3\ARM_GCC_541\Debug\PSoC_Unicon.a(CyLib.o)
 .text.CyXTAL_SetFbVoltage
                0x00000000       0x18 .\CortexM3\ARM_GCC_541\Debug\PSoC_Unicon.a(CyLib.o)
 .text.CyXTAL_SetWdVoltage
                0x00000000       0x18 .\CortexM3\ARM_GCC_541\Debug\PSoC_Unicon.a(CyLib.o)
 .text.CyHalt   0x00000000        0x4 .\CortexM3\ARM_GCC_541\Debug\PSoC_Unicon.a(CyLib.o)
 .text.CyPLL_OUT_SetPQ
                0x00000000       0x60 .\CortexM3\ARM_GCC_541\Debug\PSoC_Unicon.a(CyLib.o)
 .text.CyPLL_OUT_SetSource
                0x00000000       0x34 .\CortexM3\ARM_GCC_541\Debug\PSoC_Unicon.a(CyLib.o)
 .text.CyIMO_SetTrimValue
                0x00000000       0xcc .\CortexM3\ARM_GCC_541\Debug\PSoC_Unicon.a(CyLib.o)
 .text.CyIMO_SetFreq
                0x00000000       0xf4 .\CortexM3\ARM_GCC_541\Debug\PSoC_Unicon.a(CyLib.o)
 .text.CyIMO_SetSource
                0x00000000       0x58 .\CortexM3\ARM_GCC_541\Debug\PSoC_Unicon.a(CyLib.o)
 .text.CySoftwareReset
                0x00000000       0x10 .\CortexM3\ARM_GCC_541\Debug\PSoC_Unicon.a(CyLib.o)
 .text.CyXTAL_32KHZ_SetPowerMode
                0x00000000       0x84 .\CortexM3\ARM_GCC_541\Debug\PSoC_Unicon.a(CyLib.o)
 .text.CyXTAL_32KHZ_Start
                0x00000000       0x74 .\CortexM3\ARM_GCC_541\Debug\PSoC_Unicon.a(CyLib.o)
 .text.CyDelayFreq
                0x00000000       0x4c .\CortexM3\ARM_GCC_541\Debug\PSoC_Unicon.a(CyLib.o)
 .text.CyWdtStart
                0x00000000       0x40 .\CortexM3\ARM_GCC_541\Debug\PSoC_Unicon.a(CyLib.o)
 .text.CyWdtClear
                0x00000000        0xc .\CortexM3\ARM_GCC_541\Debug\PSoC_Unicon.a(CyLib.o)
 .text.CyVdStickyStatus
                0x00000000       0x2c .\CortexM3\ARM_GCC_541\Debug\PSoC_Unicon.a(CyLib.o)
 .text.CyVdLvDigitEnable
                0x00000000       0x84 .\CortexM3\ARM_GCC_541\Debug\PSoC_Unicon.a(CyLib.o)
 .text.CyVdLvAnalogEnable
                0x00000000       0x80 .\CortexM3\ARM_GCC_541\Debug\PSoC_Unicon.a(CyLib.o)
 .text.CyVdLvDigitDisable
                0x00000000       0x30 .\CortexM3\ARM_GCC_541\Debug\PSoC_Unicon.a(CyLib.o)
 .text.CyVdLvAnalogDisable
                0x00000000       0x28 .\CortexM3\ARM_GCC_541\Debug\PSoC_Unicon.a(CyLib.o)
 .text.CyVdHvAnalogEnable
                0x00000000       0x54 .\CortexM3\ARM_GCC_541\Debug\PSoC_Unicon.a(CyLib.o)
 .text.CyVdHvAnalogDisable
                0x00000000       0x20 .\CortexM3\ARM_GCC_541\Debug\PSoC_Unicon.a(CyLib.o)
 .text.CyVdRealTimeStatus
                0x00000000       0x1c .\CortexM3\ARM_GCC_541\Debug\PSoC_Unicon.a(CyLib.o)
 .text.CyDisableInts
                0x00000000       0x1c .\CortexM3\ARM_GCC_541\Debug\PSoC_Unicon.a(CyLib.o)
 .text.CyEnableInts
                0x00000000       0x18 .\CortexM3\ARM_GCC_541\Debug\PSoC_Unicon.a(CyLib.o)
 .text.CyFlushCache
                0x00000000       0x44 .\CortexM3\ARM_GCC_541\Debug\PSoC_Unicon.a(CyLib.o)
 .text.CyIntSetSysVector
                0x00000000       0x28 .\CortexM3\ARM_GCC_541\Debug\PSoC_Unicon.a(CyLib.o)
 .text.CyIntGetSysVector
                0x00000000       0x20 .\CortexM3\ARM_GCC_541\Debug\PSoC_Unicon.a(CyLib.o)
 .text.CyIntSetVector
                0x00000000       0x28 .\CortexM3\ARM_GCC_541\Debug\PSoC_Unicon.a(CyLib.o)
 .text.CyIntGetVector
                0x00000000       0x24 .\CortexM3\ARM_GCC_541\Debug\PSoC_Unicon.a(CyLib.o)
 .text.CyIntSetPriority
                0x00000000       0x30 .\CortexM3\ARM_GCC_541\Debug\PSoC_Unicon.a(CyLib.o)
 .text.CyIntGetPriority
                0x00000000       0x20 .\CortexM3\ARM_GCC_541\Debug\PSoC_Unicon.a(CyLib.o)
 .text.CyIntGetState
                0x00000000       0x24 .\CortexM3\ARM_GCC_541\Debug\PSoC_Unicon.a(CyLib.o)
 .text.CySysTickStop
                0x00000000       0x10 .\CortexM3\ARM_GCC_541\Debug\PSoC_Unicon.a(CyLib.o)
 .text.CySysTickEnableInterrupt
                0x00000000       0x10 .\CortexM3\ARM_GCC_541\Debug\PSoC_Unicon.a(CyLib.o)
 .text.CySysTickEnable
                0x00000000       0x18 .\CortexM3\ARM_GCC_541\Debug\PSoC_Unicon.a(CyLib.o)
 .text.CySysTickDisableInterrupt
                0x00000000       0x10 .\CortexM3\ARM_GCC_541\Debug\PSoC_Unicon.a(CyLib.o)
 .text.CySysTickSetReload
                0x00000000       0x10 .\CortexM3\ARM_GCC_541\Debug\PSoC_Unicon.a(CyLib.o)
 .text.CySysTickGetReload
                0x00000000       0x10 .\CortexM3\ARM_GCC_541\Debug\PSoC_Unicon.a(CyLib.o)
 .text.CySysTickGetValue
                0x00000000       0x10 .\CortexM3\ARM_GCC_541\Debug\PSoC_Unicon.a(CyLib.o)
 .text.CySysTickSetClockSource
                0x00000000       0x20 .\CortexM3\ARM_GCC_541\Debug\PSoC_Unicon.a(CyLib.o)
 .text.CySysTickGetClockSource
                0x00000000       0x10 .\CortexM3\ARM_GCC_541\Debug\PSoC_Unicon.a(CyLib.o)
 .text.CySysTickGetCountFlag
                0x00000000       0x10 .\CortexM3\ARM_GCC_541\Debug\PSoC_Unicon.a(CyLib.o)
 .text.CySysTickServiceCallbacks
                0x00000000       0x28 .\CortexM3\ARM_GCC_541\Debug\PSoC_Unicon.a(CyLib.o)
 .text.CySysTickClear
                0x00000000        0xc .\CortexM3\ARM_GCC_541\Debug\PSoC_Unicon.a(CyLib.o)
 .text.CySysTickInit
                0x00000000       0x58 .\CortexM3\ARM_GCC_541\Debug\PSoC_Unicon.a(CyLib.o)
 .text.CySysTickStart
                0x00000000       0x1c .\CortexM3\ARM_GCC_541\Debug\PSoC_Unicon.a(CyLib.o)
 .text.CySysTickSetCallback
                0x00000000       0x10 .\CortexM3\ARM_GCC_541\Debug\PSoC_Unicon.a(CyLib.o)
 .text.CySysTickGetCallback
                0x00000000       0x10 .\CortexM3\ARM_GCC_541\Debug\PSoC_Unicon.a(CyLib.o)
 .text.CyGetUniqueId
                0x00000000       0x70 .\CortexM3\ARM_GCC_541\Debug\PSoC_Unicon.a(CyLib.o)
 .text          0x00000000        0x0 .\CortexM3\ARM_GCC_541\Debug\PSoC_Unicon.a(cyPm.o)
 .data          0x00000000        0x0 .\CortexM3\ARM_GCC_541\Debug\PSoC_Unicon.a(cyPm.o)
 .bss           0x00000000       0x43 .\CortexM3\ARM_GCC_541\Debug\PSoC_Unicon.a(cyPm.o)
 .text.CyPmHibSlpSaveSet
                0x00000000      0x1dc .\CortexM3\ARM_GCC_541\Debug\PSoC_Unicon.a(cyPm.o)
 .text.CyPmHibSlpRestore
                0x00000000       0xd8 .\CortexM3\ARM_GCC_541\Debug\PSoC_Unicon.a(cyPm.o)
 .text.CyPmHviLviSaveDisable
                0x00000000       0xa0 .\CortexM3\ARM_GCC_541\Debug\PSoC_Unicon.a(cyPm.o)
 .text.CyPmHibSaveSet
                0x00000000       0x98 .\CortexM3\ARM_GCC_541\Debug\PSoC_Unicon.a(cyPm.o)
 .text.CyPmHviLviRestore
                0x00000000       0x48 .\CortexM3\ARM_GCC_541\Debug\PSoC_Unicon.a(cyPm.o)
 .text.CyPmHibRestore
                0x00000000       0x60 .\CortexM3\ARM_GCC_541\Debug\PSoC_Unicon.a(cyPm.o)
 .text.CyPmSaveClocks
                0x00000000      0x218 .\CortexM3\ARM_GCC_541\Debug\PSoC_Unicon.a(cyPm.o)
 .text.CyPmRestoreClocks
                0x00000000      0x24c .\CortexM3\ARM_GCC_541\Debug\PSoC_Unicon.a(cyPm.o)
 .text.CyPmAltAct
                0x00000000       0x6c .\CortexM3\ARM_GCC_541\Debug\PSoC_Unicon.a(cyPm.o)
 .text.CyPmSleep
                0x00000000       0xf4 .\CortexM3\ARM_GCC_541\Debug\PSoC_Unicon.a(cyPm.o)
 .text.CyPmHibernateEx
                0x00000000       0xf4 .\CortexM3\ARM_GCC_541\Debug\PSoC_Unicon.a(cyPm.o)
 .text.CyPmHibernate
                0x00000000        0xc .\CortexM3\ARM_GCC_541\Debug\PSoC_Unicon.a(cyPm.o)
 .text.CyPmReadStatus
                0x00000000       0x30 .\CortexM3\ARM_GCC_541\Debug\PSoC_Unicon.a(cyPm.o)
 .text.CyPmCtwSetInterval
                0x00000000       0x5c .\CortexM3\ARM_GCC_541\Debug\PSoC_Unicon.a(cyPm.o)
 .text.CyPmOppsSet
                0x00000000       0x2c .\CortexM3\ARM_GCC_541\Debug\PSoC_Unicon.a(cyPm.o)
 .text.CyPmFtwSetInterval
                0x00000000       0x5c .\CortexM3\ARM_GCC_541\Debug\PSoC_Unicon.a(cyPm.o)
 .rodata        0x00000000        0xf .\CortexM3\ARM_GCC_541\Debug\PSoC_Unicon.a(cyPm.o)
 .text          0x00000000        0x0 .\CortexM3\ARM_GCC_541\Debug\PSoC_Unicon.a(ShiftReg_fwd.o)
 .data          0x00000000        0x0 .\CortexM3\ARM_GCC_541\Debug\PSoC_Unicon.a(ShiftReg_fwd.o)
 .bss           0x00000000        0x1 .\CortexM3\ARM_GCC_541\Debug\PSoC_Unicon.a(ShiftReg_fwd.o)
 .text.ShiftReg_fwd_EnableInt
                0x00000000       0x1c .\CortexM3\ARM_GCC_541\Debug\PSoC_Unicon.a(ShiftReg_fwd.o)
 .text.ShiftReg_fwd_Enable
                0x00000000       0x18 .\CortexM3\ARM_GCC_541\Debug\PSoC_Unicon.a(ShiftReg_fwd.o)
 .text.ShiftReg_fwd_DisableInt
                0x00000000       0x1c .\CortexM3\ARM_GCC_541\Debug\PSoC_Unicon.a(ShiftReg_fwd.o)
 .text.ShiftReg_fwd_Stop
                0x00000000       0x18 .\CortexM3\ARM_GCC_541\Debug\PSoC_Unicon.a(ShiftReg_fwd.o)
 .text.ShiftReg_fwd_GetFIFOStatus
                0x00000000       0x48 .\CortexM3\ARM_GCC_541\Debug\PSoC_Unicon.a(ShiftReg_fwd.o)
 .text.ShiftReg_fwd_Start
                0x00000000       0x1c .\CortexM3\ARM_GCC_541\Debug\PSoC_Unicon.a(ShiftReg_fwd.o)
 .text.ShiftReg_fwd_GetIntStatus
                0x00000000       0x10 .\CortexM3\ARM_GCC_541\Debug\PSoC_Unicon.a(ShiftReg_fwd.o)
 .text.ShiftReg_fwd_WriteRegValue
                0x00000000        0xc .\CortexM3\ARM_GCC_541\Debug\PSoC_Unicon.a(ShiftReg_fwd.o)
 .text.ShiftReg_fwd_WriteData
                0x00000000       0x1c .\CortexM3\ARM_GCC_541\Debug\PSoC_Unicon.a(ShiftReg_fwd.o)
 .text.ShiftReg_fwd_ReadData
                0x00000000        0xc .\CortexM3\ARM_GCC_541\Debug\PSoC_Unicon.a(ShiftReg_fwd.o)
 .text.ShiftReg_fwd_ReadRegValue
                0x00000000       0x24 .\CortexM3\ARM_GCC_541\Debug\PSoC_Unicon.a(ShiftReg_fwd.o)
 .text          0x00000000        0x0 .\CortexM3\ARM_GCC_541\Debug\PSoC_Unicon.a(ShiftReg_rev.o)
 .data          0x00000000        0x0 .\CortexM3\ARM_GCC_541\Debug\PSoC_Unicon.a(ShiftReg_rev.o)
 .bss           0x00000000        0x1 .\CortexM3\ARM_GCC_541\Debug\PSoC_Unicon.a(ShiftReg_rev.o)
 .text.ShiftReg_rev_EnableInt
                0x00000000       0x1c .\CortexM3\ARM_GCC_541\Debug\PSoC_Unicon.a(ShiftReg_rev.o)
 .text.ShiftReg_rev_Enable
                0x00000000       0x18 .\CortexM3\ARM_GCC_541\Debug\PSoC_Unicon.a(ShiftReg_rev.o)
 .text.ShiftReg_rev_DisableInt
                0x00000000       0x1c .\CortexM3\ARM_GCC_541\Debug\PSoC_Unicon.a(ShiftReg_rev.o)
 .text.ShiftReg_rev_Stop
                0x00000000       0x18 .\CortexM3\ARM_GCC_541\Debug\PSoC_Unicon.a(ShiftReg_rev.o)
 .text.ShiftReg_rev_GetFIFOStatus
                0x00000000       0x48 .\CortexM3\ARM_GCC_541\Debug\PSoC_Unicon.a(ShiftReg_rev.o)
 .text.ShiftReg_rev_Start
                0x00000000       0x1c .\CortexM3\ARM_GCC_541\Debug\PSoC_Unicon.a(ShiftReg_rev.o)
 .text.ShiftReg_rev_GetIntStatus
                0x00000000       0x10 .\CortexM3\ARM_GCC_541\Debug\PSoC_Unicon.a(ShiftReg_rev.o)
 .text.ShiftReg_rev_WriteRegValue
                0x00000000        0xc .\CortexM3\ARM_GCC_541\Debug\PSoC_Unicon.a(ShiftReg_rev.o)
 .text.ShiftReg_rev_WriteData
                0x00000000       0x1c .\CortexM3\ARM_GCC_541\Debug\PSoC_Unicon.a(ShiftReg_rev.o)
 .text.ShiftReg_rev_ReadData
                0x00000000        0xc .\CortexM3\ARM_GCC_541\Debug\PSoC_Unicon.a(ShiftReg_rev.o)
 .text.ShiftReg_rev_ReadRegValue
                0x00000000       0x24 .\CortexM3\ARM_GCC_541\Debug\PSoC_Unicon.a(ShiftReg_rev.o)
 .text          0x00000000        0x0 .\CortexM3\ARM_GCC_541\Debug\PSoC_Unicon.a(UART.o)
 .data          0x00000000        0x0 .\CortexM3\ARM_GCC_541\Debug\PSoC_Unicon.a(UART.o)
 .text.UART_Stop
                0x00000000       0x3c .\CortexM3\ARM_GCC_541\Debug\PSoC_Unicon.a(UART.o)
 .text.UART_ReadControlRegister
                0x00000000        0x4 .\CortexM3\ARM_GCC_541\Debug\PSoC_Unicon.a(UART.o)
 .text.UART_WriteControlRegister
                0x00000000        0x4 .\CortexM3\ARM_GCC_541\Debug\PSoC_Unicon.a(UART.o)
 .text.UART_SetRxInterruptMode
                0x00000000        0xc .\CortexM3\ARM_GCC_541\Debug\PSoC_Unicon.a(UART.o)
 .text.UART_ReadRxStatus
                0x00000000       0x10 .\CortexM3\ARM_GCC_541\Debug\PSoC_Unicon.a(UART.o)
 .text.UART_GetChar
                0x00000000       0x2c .\CortexM3\ARM_GCC_541\Debug\PSoC_Unicon.a(UART.o)
 .text.UART_GetByte
                0x00000000       0x14 .\CortexM3\ARM_GCC_541\Debug\PSoC_Unicon.a(UART.o)
 .text.UART_GetRxBufferSize
                0x00000000       0x18 .\CortexM3\ARM_GCC_541\Debug\PSoC_Unicon.a(UART.o)
 .text.UART_SetRxAddressMode
                0x00000000        0x4 .\CortexM3\ARM_GCC_541\Debug\PSoC_Unicon.a(UART.o)
 .text.UART_SetRxAddress1
                0x00000000        0xc .\CortexM3\ARM_GCC_541\Debug\PSoC_Unicon.a(UART.o)
 .text.UART_SetRxAddress2
                0x00000000        0xc .\CortexM3\ARM_GCC_541\Debug\PSoC_Unicon.a(UART.o)
 .text.UART_SetTxInterruptMode
                0x00000000        0xc .\CortexM3\ARM_GCC_541\Debug\PSoC_Unicon.a(UART.o)
 .text.UART_WriteTxData
                0x00000000       0x14 .\CortexM3\ARM_GCC_541\Debug\PSoC_Unicon.a(UART.o)
 .text.UART_ReadTxStatus
                0x00000000        0xc .\CortexM3\ARM_GCC_541\Debug\PSoC_Unicon.a(UART.o)
 .text.UART_PutChar
                0x00000000       0x18 .\CortexM3\ARM_GCC_541\Debug\PSoC_Unicon.a(UART.o)
 .text.UART_PutString
                0x00000000       0x24 .\CortexM3\ARM_GCC_541\Debug\PSoC_Unicon.a(UART.o)
 .text.UART_PutArray
                0x00000000       0x28 .\CortexM3\ARM_GCC_541\Debug\PSoC_Unicon.a(UART.o)
 .text.UART_PutCRLF
                0x00000000       0x20 .\CortexM3\ARM_GCC_541\Debug\PSoC_Unicon.a(UART.o)
 .text.UART_GetTxBufferSize
                0x00000000       0x24 .\CortexM3\ARM_GCC_541\Debug\PSoC_Unicon.a(UART.o)
 .text.UART_ClearTxBuffer
                0x00000000       0x24 .\CortexM3\ARM_GCC_541\Debug\PSoC_Unicon.a(UART.o)
 .text.UART_SendBreak
                0x00000000       0x58 .\CortexM3\ARM_GCC_541\Debug\PSoC_Unicon.a(UART.o)
 .text.UART_SetTxAddressMode
                0x00000000        0x4 .\CortexM3\ARM_GCC_541\Debug\PSoC_Unicon.a(UART.o)
 .text          0x00000000        0x0 .\CortexM3\ARM_GCC_541\Debug\PSoC_Unicon.a(UART_IntClock.o)
 .data          0x00000000        0x0 .\CortexM3\ARM_GCC_541\Debug\PSoC_Unicon.a(UART_IntClock.o)
 .bss           0x00000000        0x0 .\CortexM3\ARM_GCC_541\Debug\PSoC_Unicon.a(UART_IntClock.o)
 .text.UART_IntClock_Stop
                0x00000000       0x1c .\CortexM3\ARM_GCC_541\Debug\PSoC_Unicon.a(UART_IntClock.o)
 .text.UART_IntClock_StopBlock
                0x00000000       0x6c .\CortexM3\ARM_GCC_541\Debug\PSoC_Unicon.a(UART_IntClock.o)
 .text.UART_IntClock_StandbyPower
                0x00000000       0x20 .\CortexM3\ARM_GCC_541\Debug\PSoC_Unicon.a(UART_IntClock.o)
 .text.UART_IntClock_GetDividerRegister
                0x00000000        0xc .\CortexM3\ARM_GCC_541\Debug\PSoC_Unicon.a(UART_IntClock.o)
 .text.UART_IntClock_SetModeRegister
                0x00000000       0x14 .\CortexM3\ARM_GCC_541\Debug\PSoC_Unicon.a(UART_IntClock.o)
 .text.UART_IntClock_ClearModeRegister
                0x00000000       0x18 .\CortexM3\ARM_GCC_541\Debug\PSoC_Unicon.a(UART_IntClock.o)
 .text.UART_IntClock_GetModeRegister
                0x00000000       0x10 .\CortexM3\ARM_GCC_541\Debug\PSoC_Unicon.a(UART_IntClock.o)
 .text.UART_IntClock_GetSourceRegister
                0x00000000       0x10 .\CortexM3\ARM_GCC_541\Debug\PSoC_Unicon.a(UART_IntClock.o)
 .text.UART_IntClock_SetDividerRegister
                0x00000000       0xdc .\CortexM3\ARM_GCC_541\Debug\PSoC_Unicon.a(UART_IntClock.o)
 .text.UART_IntClock_SetSourceRegister
                0x00000000       0x5c .\CortexM3\ARM_GCC_541\Debug\PSoC_Unicon.a(UART_IntClock.o)
 .text          0x00000000        0x0 .\CortexM3\ARM_GCC_541\Debug\PSoC_Unicon.a(LCD.o)
 .data          0x00000000        0x0 .\CortexM3\ARM_GCC_541\Debug\PSoC_Unicon.a(LCD.o)
 .text.LCD_PrintString
                0x00000000       0x1c .\CortexM3\ARM_GCC_541\Debug\PSoC_Unicon.a(LCD.o)
 .text.LCD_Stop
                0x00000000       0x14 .\CortexM3\ARM_GCC_541\Debug\PSoC_Unicon.a(LCD.o)
 .text.LCD_Position
                0x00000000       0x3c .\CortexM3\ARM_GCC_541\Debug\PSoC_Unicon.a(LCD.o)
 .text.LCD_PrintInt8
                0x00000000       0x20 .\CortexM3\ARM_GCC_541\Debug\PSoC_Unicon.a(LCD.o)
 .text.LCD_PrintInt16
                0x00000000       0x14 .\CortexM3\ARM_GCC_541\Debug\PSoC_Unicon.a(LCD.o)
 .text.LCD_PrintInt32
                0x00000000       0x1c .\CortexM3\ARM_GCC_541\Debug\PSoC_Unicon.a(LCD.o)
 .text.LCD_PrintU32Number
                0x00000000       0x64 .\CortexM3\ARM_GCC_541\Debug\PSoC_Unicon.a(LCD.o)
 .rodata        0x00000000       0x10 .\CortexM3\ARM_GCC_541\Debug\PSoC_Unicon.a(LCD.o)
 .text          0x00000000        0x0 .\CortexM3\ARM_GCC_541\Debug\PSoC_Unicon.a(rx_int.o)
 .data          0x00000000        0x0 .\CortexM3\ARM_GCC_541\Debug\PSoC_Unicon.a(rx_int.o)
 .bss           0x00000000        0x0 .\CortexM3\ARM_GCC_541\Debug\PSoC_Unicon.a(rx_int.o)
 .text.rx_int_Interrupt
                0x00000000        0x4 .\CortexM3\ARM_GCC_541\Debug\PSoC_Unicon.a(rx_int.o)
 .text.rx_int_GetVector
                0x00000000        0xc .\CortexM3\ARM_GCC_541\Debug\PSoC_Unicon.a(rx_int.o)
 .text.rx_int_GetPriority
                0x00000000        0xc .\CortexM3\ARM_GCC_541\Debug\PSoC_Unicon.a(rx_int.o)
 .text.rx_int_GetState
                0x00000000       0x18 .\CortexM3\ARM_GCC_541\Debug\PSoC_Unicon.a(rx_int.o)
 .text.rx_int_Start
                0x00000000       0x1c .\CortexM3\ARM_GCC_541\Debug\PSoC_Unicon.a(rx_int.o)
 .text.rx_int_Stop
                0x00000000       0x14 .\CortexM3\ARM_GCC_541\Debug\PSoC_Unicon.a(rx_int.o)
 .text.rx_int_SetPending
                0x00000000        0xc .\CortexM3\ARM_GCC_541\Debug\PSoC_Unicon.a(rx_int.o)
 .text.rx_int_ClearPending
                0x00000000        0xc .\CortexM3\ARM_GCC_541\Debug\PSoC_Unicon.a(rx_int.o)
 .data          0x00000000        0x0 .\CortexM3\ARM_GCC_541\Debug\PSoC_Unicon.a(CyBootAsmGnu.o)
 .bss           0x00000000        0x0 .\CortexM3\ARM_GCC_541\Debug\PSoC_Unicon.a(CyBootAsmGnu.o)
 .text          0x00000000        0x0 .\CortexM3\ARM_GCC_541\Debug\PSoC_Unicon.a(CyFlash.o)
 .data          0x00000000        0x0 .\CortexM3\ARM_GCC_541\Debug\PSoC_Unicon.a(CyFlash.o)
 .bss           0x00000000        0x0 .\CortexM3\ARM_GCC_541\Debug\PSoC_Unicon.a(CyFlash.o)
 .text.CySetTempInt
                0x00000000       0x60 .\CortexM3\ARM_GCC_541\Debug\PSoC_Unicon.a(CyFlash.o)
 .text.CyFlash_Start
                0x00000000       0x54 .\CortexM3\ARM_GCC_541\Debug\PSoC_Unicon.a(CyFlash.o)
 .text.CyFlash_Stop
                0x00000000       0x24 .\CortexM3\ARM_GCC_541\Debug\PSoC_Unicon.a(CyFlash.o)
 .text.CyFlash_EraseRow
                0x00000000       0x78 .\CortexM3\ARM_GCC_541\Debug\PSoC_Unicon.a(CyFlash.o)
 .text.CyFlashGetSpcAlgorithm
                0x00000000       0x4c .\CortexM3\ARM_GCC_541\Debug\PSoC_Unicon.a(CyFlash.o)
 .text.CySetTemp
                0x00000000       0x14 .\CortexM3\ARM_GCC_541\Debug\PSoC_Unicon.a(CyFlash.o)
 .text.CySetFlashEEBuffer
                0x00000000       0x20 .\CortexM3\ARM_GCC_541\Debug\PSoC_Unicon.a(CyFlash.o)
 .text.CyWriteRowFull
                0x00000000       0xf8 .\CortexM3\ARM_GCC_541\Debug\PSoC_Unicon.a(CyFlash.o)
 .text.CyWriteRowData
                0x00000000       0x14 .\CortexM3\ARM_GCC_541\Debug\PSoC_Unicon.a(CyFlash.o)
 .text.CyFlash_SetWaitCycles
                0x00000000       0x7c .\CortexM3\ARM_GCC_541\Debug\PSoC_Unicon.a(CyFlash.o)
 .text.CyEEPROM_Start
                0x00000000       0x54 .\CortexM3\ARM_GCC_541\Debug\PSoC_Unicon.a(CyFlash.o)
 .text.CyEEPROM_Stop
                0x00000000       0x24 .\CortexM3\ARM_GCC_541\Debug\PSoC_Unicon.a(CyFlash.o)
 .text.CyEEPROM_ReadReserve
                0x00000000       0x1c .\CortexM3\ARM_GCC_541\Debug\PSoC_Unicon.a(CyFlash.o)
 .text.CyEEPROM_ReadRelease
                0x00000000       0x10 .\CortexM3\ARM_GCC_541\Debug\PSoC_Unicon.a(CyFlash.o)
 COMMON         0x00000000        0x2 .\CortexM3\ARM_GCC_541\Debug\PSoC_Unicon.a(CyFlash.o)
 .text          0x00000000        0x0 .\CortexM3\ARM_GCC_541\Debug\PSoC_Unicon.a(CySpc.o)
 .data          0x00000000        0x0 .\CortexM3\ARM_GCC_541\Debug\PSoC_Unicon.a(CySpc.o)
 .bss           0x00000000        0x8 .\CortexM3\ARM_GCC_541\Debug\PSoC_Unicon.a(CySpc.o)
 .text.CySpcStart
                0x00000000       0x24 .\CortexM3\ARM_GCC_541\Debug\PSoC_Unicon.a(CySpc.o)
 .text.CySpcStop
                0x00000000       0x24 .\CortexM3\ARM_GCC_541\Debug\PSoC_Unicon.a(CySpc.o)
 .text.CySpcReadData
                0x00000000       0x34 .\CortexM3\ARM_GCC_541\Debug\PSoC_Unicon.a(CySpc.o)
 .text.CySpcLoadMultiByte
                0x00000000       0x78 .\CortexM3\ARM_GCC_541\Debug\PSoC_Unicon.a(CySpc.o)
 .text.CySpcLoadRow
                0x00000000       0x50 .\CortexM3\ARM_GCC_541\Debug\PSoC_Unicon.a(CySpc.o)
 .text.CySpcLoadRowFull
                0x00000000       0x80 .\CortexM3\ARM_GCC_541\Debug\PSoC_Unicon.a(CySpc.o)
 .text.CySpcWriteRow
                0x00000000       0x4c .\CortexM3\ARM_GCC_541\Debug\PSoC_Unicon.a(CySpc.o)
 .text.CySpcEraseSector
                0x00000000       0x3c .\CortexM3\ARM_GCC_541\Debug\PSoC_Unicon.a(CySpc.o)
 .text.CySpcEraseRow
                0x00000000       0x4c .\CortexM3\ARM_GCC_541\Debug\PSoC_Unicon.a(CySpc.o)
 .text.CySpcGetTemp
                0x00000000       0x3c .\CortexM3\ARM_GCC_541\Debug\PSoC_Unicon.a(CySpc.o)
 .text.CySpcLock
                0x00000000       0x4c .\CortexM3\ARM_GCC_541\Debug\PSoC_Unicon.a(CySpc.o)
 .text.CySpcUnlock
                0x00000000       0x38 .\CortexM3\ARM_GCC_541\Debug\PSoC_Unicon.a(CySpc.o)
 .text.CySpcGetAlgorithm
                0x00000000       0x28 .\CortexM3\ARM_GCC_541\Debug\PSoC_Unicon.a(CySpc.o)
 .text          0x00000000        0x0 c:/program files (x86)/cypress/psoc creator/4.2/psoc creator/import/gnu/arm/5.4.1/bin/../lib/gcc/arm-none-eabi/5.4.1/../../../../arm-none-eabi/lib/armv7-m\libg_nano.a(lib_a-errno.o)
 .data          0x00000000        0x0 c:/program files (x86)/cypress/psoc creator/4.2/psoc creator/import/gnu/arm/5.4.1/bin/../lib/gcc/arm-none-eabi/5.4.1/../../../../arm-none-eabi/lib/armv7-m\libg_nano.a(lib_a-errno.o)
 .bss           0x00000000        0x0 c:/program files (x86)/cypress/psoc creator/4.2/psoc creator/import/gnu/arm/5.4.1/bin/../lib/gcc/arm-none-eabi/5.4.1/../../../../arm-none-eabi/lib/armv7-m\libg_nano.a(lib_a-errno.o)
 .text          0x00000000        0x0 c:/program files (x86)/cypress/psoc creator/4.2/psoc creator/import/gnu/arm/5.4.1/bin/../lib/gcc/arm-none-eabi/5.4.1/../../../../arm-none-eabi/lib/armv7-m\libg_nano.a(lib_a-exit.o)
 .data          0x00000000        0x0 c:/program files (x86)/cypress/psoc creator/4.2/psoc creator/import/gnu/arm/5.4.1/bin/../lib/gcc/arm-none-eabi/5.4.1/../../../../arm-none-eabi/lib/armv7-m\libg_nano.a(lib_a-exit.o)
 .bss           0x00000000        0x0 c:/program files (x86)/cypress/psoc creator/4.2/psoc creator/import/gnu/arm/5.4.1/bin/../lib/gcc/arm-none-eabi/5.4.1/../../../../arm-none-eabi/lib/armv7-m\libg_nano.a(lib_a-exit.o)
 .text.exit     0x00000000       0x28 c:/program files (x86)/cypress/psoc creator/4.2/psoc creator/import/gnu/arm/5.4.1/bin/../lib/gcc/arm-none-eabi/5.4.1/../../../../arm-none-eabi/lib/armv7-m\libg_nano.a(lib_a-exit.o)
 .text          0x00000000        0x0 c:/program files (x86)/cypress/psoc creator/4.2/psoc creator/import/gnu/arm/5.4.1/bin/../lib/gcc/arm-none-eabi/5.4.1/../../../../arm-none-eabi/lib/armv7-m\libg_nano.a(lib_a-impure.o)
 .data          0x00000000        0x0 c:/program files (x86)/cypress/psoc creator/4.2/psoc creator/import/gnu/arm/5.4.1/bin/../lib/gcc/arm-none-eabi/5.4.1/../../../../arm-none-eabi/lib/armv7-m\libg_nano.a(lib_a-impure.o)
 .bss           0x00000000        0x0 c:/program files (x86)/cypress/psoc creator/4.2/psoc creator/import/gnu/arm/5.4.1/bin/../lib/gcc/arm-none-eabi/5.4.1/../../../../arm-none-eabi/lib/armv7-m\libg_nano.a(lib_a-impure.o)
 .rodata._global_impure_ptr
                0x00000000        0x4 c:/program files (x86)/cypress/psoc creator/4.2/psoc creator/import/gnu/arm/5.4.1/bin/../lib/gcc/arm-none-eabi/5.4.1/../../../../arm-none-eabi/lib/armv7-m\libg_nano.a(lib_a-impure.o)
 .text          0x00000000        0x0 c:/program files (x86)/cypress/psoc creator/4.2/psoc creator/import/gnu/arm/5.4.1/bin/../lib/gcc/arm-none-eabi/5.4.1/../../../../arm-none-eabi/lib/armv7-m\libg_nano.a(lib_a-init.o)
 .data          0x00000000        0x0 c:/program files (x86)/cypress/psoc creator/4.2/psoc creator/import/gnu/arm/5.4.1/bin/../lib/gcc/arm-none-eabi/5.4.1/../../../../arm-none-eabi/lib/armv7-m\libg_nano.a(lib_a-init.o)
 .bss           0x00000000        0x0 c:/program files (x86)/cypress/psoc creator/4.2/psoc creator/import/gnu/arm/5.4.1/bin/../lib/gcc/arm-none-eabi/5.4.1/../../../../arm-none-eabi/lib/armv7-m\libg_nano.a(lib_a-init.o)
 .text          0x00000000        0x0 c:/program files (x86)/cypress/psoc creator/4.2/psoc creator/import/gnu/arm/5.4.1/bin/../lib/gcc/arm-none-eabi/5.4.1/../../../../arm-none-eabi/lib/armv7-m\libg_nano.a(lib_a-memcpy-stub.o)
 .data          0x00000000        0x0 c:/program files (x86)/cypress/psoc creator/4.2/psoc creator/import/gnu/arm/5.4.1/bin/../lib/gcc/arm-none-eabi/5.4.1/../../../../arm-none-eabi/lib/armv7-m\libg_nano.a(lib_a-memcpy-stub.o)
 .bss           0x00000000        0x0 c:/program files (x86)/cypress/psoc creator/4.2/psoc creator/import/gnu/arm/5.4.1/bin/../lib/gcc/arm-none-eabi/5.4.1/../../../../arm-none-eabi/lib/armv7-m\libg_nano.a(lib_a-memcpy-stub.o)
 .text          0x00000000        0x0 c:/program files (x86)/cypress/psoc creator/4.2/psoc creator/import/gnu/arm/5.4.1/bin/../lib/gcc/arm-none-eabi/5.4.1/../../../../arm-none-eabi/lib/armv7-m\libg_nano.a(lib_a-memset.o)
 .data          0x00000000        0x0 c:/program files (x86)/cypress/psoc creator/4.2/psoc creator/import/gnu/arm/5.4.1/bin/../lib/gcc/arm-none-eabi/5.4.1/../../../../arm-none-eabi/lib/armv7-m\libg_nano.a(lib_a-memset.o)
 .bss           0x00000000        0x0 c:/program files (x86)/cypress/psoc creator/4.2/psoc creator/import/gnu/arm/5.4.1/bin/../lib/gcc/arm-none-eabi/5.4.1/../../../../arm-none-eabi/lib/armv7-m\libg_nano.a(lib_a-memset.o)
 .text          0x00000000        0x0 c:/program files (x86)/cypress/psoc creator/4.2/psoc creator/import/gnu/arm/5.4.1/bin/../lib/gcc/arm-none-eabi/5.4.1/armv7-m/crtend.o
 .data          0x00000000        0x0 c:/program files (x86)/cypress/psoc creator/4.2/psoc creator/import/gnu/arm/5.4.1/bin/../lib/gcc/arm-none-eabi/5.4.1/armv7-m/crtend.o
 .bss           0x00000000        0x0 c:/program files (x86)/cypress/psoc creator/4.2/psoc creator/import/gnu/arm/5.4.1/bin/../lib/gcc/arm-none-eabi/5.4.1/armv7-m/crtend.o
 .text          0x00000000        0x0 c:/program files (x86)/cypress/psoc creator/4.2/psoc creator/import/gnu/arm/5.4.1/bin/../lib/gcc/arm-none-eabi/5.4.1/armv7-m/crtn.o
 .data          0x00000000        0x0 c:/program files (x86)/cypress/psoc creator/4.2/psoc creator/import/gnu/arm/5.4.1/bin/../lib/gcc/arm-none-eabi/5.4.1/armv7-m/crtn.o
 .bss           0x00000000        0x0 c:/program files (x86)/cypress/psoc creator/4.2/psoc creator/import/gnu/arm/5.4.1/bin/../lib/gcc/arm-none-eabi/5.4.1/armv7-m/crtn.o

Memory Configuration

Name             Origin             Length             Attributes
rom              0x00000000         0x00040000         xr
ram              0x1fff8000         0x00010000         xrw
*default*        0x00000000         0xffffffff

Linker script and memory map

LOAD c:/program files (x86)/cypress/psoc creator/4.2/psoc creator/import/gnu/arm/5.4.1/bin/../lib/gcc/arm-none-eabi/5.4.1/armv7-m/crti.o
LOAD c:/program files (x86)/cypress/psoc creator/4.2/psoc creator/import/gnu/arm/5.4.1/bin/../lib/gcc/arm-none-eabi/5.4.1/armv7-m/crtbegin.o
LOAD c:/program files (x86)/cypress/psoc creator/4.2/psoc creator/import/gnu/arm/5.4.1/bin/../lib/gcc/arm-none-eabi/5.4.1/../../../../arm-none-eabi/lib/armv7-m/crt0.o
START GROUP
LOAD .\CortexM3\ARM_GCC_541\Debug\main.o
LOAD .\CortexM3\ARM_GCC_541\Debug\cyfitter_cfg.o
LOAD .\CortexM3\ARM_GCC_541\Debug\cymetadata.o
LOAD .\CortexM3\ARM_GCC_541\Debug\Cm3Start.o
LOAD .\CortexM3\ARM_GCC_541\Debug\PSoC_Unicon.a
LOAD C:\Program Files (x86)\Cypress\PSoC Creator\4.2\PSoC Creator\psoc\content\cycomponentlibrary\CyComponentLibrary.cylib\CortexM3\ARM_GCC_541\Debug\CyComponentLibrary.a
END GROUP
START GROUP
LOAD c:/program files (x86)/cypress/psoc creator/4.2/psoc creator/import/gnu/arm/5.4.1/bin/../lib/gcc/arm-none-eabi/5.4.1/armv7-m\libgcc.a
LOAD c:/program files (x86)/cypress/psoc creator/4.2/psoc creator/import/gnu/arm/5.4.1/bin/../lib/gcc/arm-none-eabi/5.4.1/../../../../arm-none-eabi/lib/armv7-m\libg_nano.a
LOAD c:/program files (x86)/cypress/psoc creator/4.2/psoc creator/import/gnu/arm/5.4.1/bin/../lib/gcc/arm-none-eabi/5.4.1/../../../../arm-none-eabi/lib/armv7-m\libc_nano.a
END GROUP
START GROUP
LOAD c:/program files (x86)/cypress/psoc creator/4.2/psoc creator/import/gnu/arm/5.4.1/bin/../lib/gcc/arm-none-eabi/5.4.1/armv7-m\libgcc.a
LOAD c:/program files (x86)/cypress/psoc creator/4.2/psoc creator/import/gnu/arm/5.4.1/bin/../lib/gcc/arm-none-eabi/5.4.1/../../../../arm-none-eabi/lib/armv7-m\libc_nano.a
END GROUP
LOAD c:/program files (x86)/cypress/psoc creator/4.2/psoc creator/import/gnu/arm/5.4.1/bin/../lib/gcc/arm-none-eabi/5.4.1/armv7-m/crtend.o
LOAD c:/program files (x86)/cypress/psoc creator/4.2/psoc creator/import/gnu/arm/5.4.1/bin/../lib/gcc/arm-none-eabi/5.4.1/armv7-m/crtn.o
START GROUP
LOAD c:/program files (x86)/cypress/psoc creator/4.2/psoc creator/import/gnu/arm/5.4.1/bin/../lib/gcc/arm-none-eabi/5.4.1/armv7-m\libgcc.a
LOAD c:/program files (x86)/cypress/psoc creator/4.2/psoc creator/import/gnu/arm/5.4.1/bin/../lib/gcc/arm-none-eabi/5.4.1/../../../../arm-none-eabi/lib/armv7-m\libc.a
LOAD c:/program files (x86)/cypress/psoc creator/4.2/psoc creator/import/gnu/arm/5.4.1/bin/../lib/gcc/arm-none-eabi/5.4.1/../../../../arm-none-eabi/lib/armv7-m\libnosys.a
END GROUP
                0x00000000                CY_APPL_ORIGIN = 0x0
                0x00000100                CY_FLASH_ROW_SIZE = 0x100
                0x00000020                CY_ECC_ROW_SIZE = 0x20
                0x00000000                CY_EE_IN_BTLDR = 0x0
                0x00000000                CY_APPL_LOADABLE = 0x0
                0x00000800                CY_EE_SIZE = 0x800
                0x00000001                CY_APPL_NUM = 0x1
                0x00000001                CY_APPL_MAX = 0x1
                0x00000040                CY_METADATA_SIZE = 0x40
                0x00000000                CY_APPL_LOADABLE = 0x0
                0x00000000                CY_CHECKSUM_EXCLUDE_SIZE = ALIGN (0x0, CY_FLASH_ROW_SIZE)
                [!provide]                PROVIDE (__cy_heap_start, _end)
                0x00000001                PROVIDE (__cy_region_num, ((__cy_regions_end - __cy_regions) / 0x10))
                0x20008000                PROVIDE (__cy_stack, (ORIGIN (ram) + LENGTH (ram)))
                [!provide]                PROVIDE (__cy_heap_end, (__cy_stack - 0x800))

.cybootloader   0x00000000        0x0
 *(.cybootloader)
                0x00000000                appl1_start = CY_APPL_ORIGIN?CY_APPL_ORIGIN:ALIGN (CY_FLASH_ROW_SIZE)
                0x0001ff00                appl2_start = (appl1_start + ALIGN ((((LENGTH (rom) - appl1_start) - (0x2 * CY_FLASH_ROW_SIZE)) / 0x2), CY_FLASH_ROW_SIZE))
                0x00000000                appl_start = (CY_APPL_NUM == 0x1)?appl1_start:appl2_start
                0x00000000                ecc_offset = ((appl_start / CY_FLASH_ROW_SIZE) * CY_ECC_ROW_SIZE)
                0x00000000                ee_offset = (CY_APPL_LOADABLE && ! (CY_EE_IN_BTLDR))?((CY_EE_SIZE / CY_APPL_MAX) * (CY_APPL_NUM - 0x1)):0x0
                0x00000800                ee_size = (CY_APPL_LOADABLE && ! (CY_EE_IN_BTLDR))?(CY_EE_SIZE / CY_APPL_MAX):CY_EE_SIZE
                [!provide]                PROVIDE (CY_ECC_OFFSET, ecc_offset)

.text           0x00000000      0x84e
 CREATE_OBJECT_SYMBOLS
                0x00000000                PROVIDE (__cy_interrupt_vector, RomVectors)
 *(.romvectors)
 .romvectors    0x00000000       0x10 .\CortexM3\ARM_GCC_541\Debug\Cm3Start.o
                0x00000000                RomVectors
                0x00000001                ASSERT ((. != __cy_interrupt_vector), No interrupt vector)
                0x00000001                ASSERT (CY_APPL_ORIGIN?(SIZEOF (.cybootloader) <= CY_APPL_ORIGIN):0x1, Wrong image location)
                0x00000010                PROVIDE (__cy_reset, Reset)
 *(.text.Reset)
 .text.Reset    0x00000010       0x18 .\CortexM3\ARM_GCC_541\Debug\Cm3Start.o
                0x00000010                Reset
                0x00000001                ASSERT ((. != __cy_reset), No reset code)
 *(.dma_init)
                0x00000001                ASSERT ((((appl_start + .) <= 0x10000) || 0x1), DMA Init must be within the first 64k of flash)
 *(.text .text.* .gnu.linkonce.t.*)
 .text          0x00000028       0x5c c:/program files (x86)/cypress/psoc creator/4.2/psoc creator/import/gnu/arm/5.4.1/bin/../lib/gcc/arm-none-eabi/5.4.1/armv7-m/crtbegin.o
 .text.RX_INT   0x00000084        0xc .\CortexM3\ARM_GCC_541\Debug\main.o
                0x00000084                RX_INT
 .text.main     0x00000090       0x2c .\CortexM3\ARM_GCC_541\Debug\main.o
                0x00000090                main
 .text.CyClockStartupError
                0x000000bc        0x4 .\CortexM3\ARM_GCC_541\Debug\cyfitter_cfg.o
 .text.cfg_write_bytes32
                0x000000c0       0x34 .\CortexM3\ARM_GCC_541\Debug\cyfitter_cfg.o
 .text.AnalogSetDefault
                0x000000f4       0x28 .\CortexM3\ARM_GCC_541\Debug\cyfitter_cfg.o
 .text.CYMEMZERO
                0x0000011c        0xc .\CortexM3\ARM_GCC_541\Debug\cyfitter_cfg.o
 .text.ClockSetup
                0x00000128       0xc8 .\CortexM3\ARM_GCC_541\Debug\cyfitter_cfg.o
 .text.CYCONFIGCPY
                0x000001f0        0x8 .\CortexM3\ARM_GCC_541\Debug\cyfitter_cfg.o
 .text.cyfitter_cfg
                0x000001f8      0x120 .\CortexM3\ARM_GCC_541\Debug\cyfitter_cfg.o
                0x000001f8                cyfitter_cfg
 .text.IntDefaultHandler
                0x00000318       0x10 .\CortexM3\ARM_GCC_541\Debug\Cm3Start.o
                0x00000318                IntDefaultHandler
 .text.Start_c  0x00000328       0x4c .\CortexM3\ARM_GCC_541\Debug\Cm3Start.o
                0x00000328                Start_c
 .text.initialize_psoc
                0x00000374       0x68 .\CortexM3\ARM_GCC_541\Debug\Cm3Start.o
                0x00000374                initialize_psoc
 .text.CyDelay  0x000003dc       0x2c .\CortexM3\ARM_GCC_541\Debug\PSoC_Unicon.a(CyLib.o)
                0x000003dc                CyDelay
 .text.CyDelayUs
                0x00000408       0x14 .\CortexM3\ARM_GCC_541\Debug\PSoC_Unicon.a(CyLib.o)
                0x00000408                CyDelayUs
 .text.ShiftReg_fwd_SetIntMode
                0x0000041c       0x1c .\CortexM3\ARM_GCC_541\Debug\PSoC_Unicon.a(ShiftReg_fwd.o)
                0x0000041c                ShiftReg_fwd_SetIntMode
 .text.ShiftReg_fwd_Init
                0x00000438        0xc .\CortexM3\ARM_GCC_541\Debug\PSoC_Unicon.a(ShiftReg_fwd.o)
                0x00000438                ShiftReg_fwd_Init
 .text.ShiftReg_rev_SetIntMode
                0x00000444       0x1c .\CortexM3\ARM_GCC_541\Debug\PSoC_Unicon.a(ShiftReg_rev.o)
                0x00000444                ShiftReg_rev_SetIntMode
 .text.ShiftReg_rev_Init
                0x00000460        0xc .\CortexM3\ARM_GCC_541\Debug\PSoC_Unicon.a(ShiftReg_rev.o)
                0x00000460                ShiftReg_rev_Init
 .text.UART_Init
                0x0000046c       0x24 .\CortexM3\ARM_GCC_541\Debug\PSoC_Unicon.a(UART.o)
                0x0000046c                UART_Init
 .text.UART_Enable
                0x00000490       0x38 .\CortexM3\ARM_GCC_541\Debug\PSoC_Unicon.a(UART.o)
                0x00000490                UART_Enable
 .text.UART_Start
                0x000004c8       0x1c .\CortexM3\ARM_GCC_541\Debug\PSoC_Unicon.a(UART.o)
                0x000004c8                UART_Start
 .text.UART_ReadRxData
                0x000004e4        0xc .\CortexM3\ARM_GCC_541\Debug\PSoC_Unicon.a(UART.o)
                0x000004e4                UART_ReadRxData
 .text.UART_ClearRxBuffer
                0x000004f0       0x24 .\CortexM3\ARM_GCC_541\Debug\PSoC_Unicon.a(UART.o)
                0x000004f0                UART_ClearRxBuffer
 .text.UART_IntClock_Start
                0x00000514       0x1c .\CortexM3\ARM_GCC_541\Debug\PSoC_Unicon.a(UART_IntClock.o)
                0x00000514                UART_IntClock_Start
 .text.LCD_WrCntrlNib
                0x00000530       0x34 .\CortexM3\ARM_GCC_541\Debug\PSoC_Unicon.a(LCD.o)
 .text.LCD_WrDatNib
                0x00000564       0x44 .\CortexM3\ARM_GCC_541\Debug\PSoC_Unicon.a(LCD.o)
 .text.LCD_IsReady
                0x000005a8       0xe4 .\CortexM3\ARM_GCC_541\Debug\PSoC_Unicon.a(LCD.o)
                0x000005a8                LCD_IsReady
 .text.LCD_WriteData
                0x0000068c       0x18 .\CortexM3\ARM_GCC_541\Debug\PSoC_Unicon.a(LCD.o)
                0x0000068c                LCD_WriteData
 .text.LCD_PutChar
                0x000006a4        0x8 .\CortexM3\ARM_GCC_541\Debug\PSoC_Unicon.a(LCD.o)
                0x000006a4                LCD_PutChar
 .text.LCD_WriteControl
                0x000006ac       0x18 .\CortexM3\ARM_GCC_541\Debug\PSoC_Unicon.a(LCD.o)
                0x000006ac                LCD_WriteControl
 .text.LCD_Init
                0x000006c4       0x6c .\CortexM3\ARM_GCC_541\Debug\PSoC_Unicon.a(LCD.o)
                0x000006c4                LCD_Init
 .text.LCD_Enable
                0x00000730       0x14 .\CortexM3\ARM_GCC_541\Debug\PSoC_Unicon.a(LCD.o)
                0x00000730                LCD_Enable
 .text.LCD_Start
                0x00000744       0x1c .\CortexM3\ARM_GCC_541\Debug\PSoC_Unicon.a(LCD.o)
                0x00000744                LCD_Start
 .text.rx_int_SetVector
                0x00000760        0xc .\CortexM3\ARM_GCC_541\Debug\PSoC_Unicon.a(rx_int.o)
                0x00000760                rx_int_SetVector
 .text.rx_int_SetPriority
                0x0000076c       0x10 .\CortexM3\ARM_GCC_541\Debug\PSoC_Unicon.a(rx_int.o)
                0x0000076c                rx_int_SetPriority
 .text.rx_int_Enable
                0x0000077c        0xc .\CortexM3\ARM_GCC_541\Debug\PSoC_Unicon.a(rx_int.o)
                0x0000077c                rx_int_Enable
 .text.rx_int_Disable
                0x00000788        0xc .\CortexM3\ARM_GCC_541\Debug\PSoC_Unicon.a(rx_int.o)
                0x00000788                rx_int_Disable
 .text.rx_int_StartEx
                0x00000794       0x1c .\CortexM3\ARM_GCC_541\Debug\PSoC_Unicon.a(rx_int.o)
                0x00000794                rx_int_StartEx
 .text          0x000007b0       0x20 .\CortexM3\ARM_GCC_541\Debug\PSoC_Unicon.a(CyBootAsmGnu.o)
                0x000007b0                CyDelayCycles
                0x000007c0                CyEnterCriticalSection
                0x000007c8                CyExitCriticalSection
 .text.__errno  0x000007d0        0xc c:/program files (x86)/cypress/psoc creator/4.2/psoc creator/import/gnu/arm/5.4.1/bin/../lib/gcc/arm-none-eabi/5.4.1/../../../../arm-none-eabi/lib/armv7-m\libg_nano.a(lib_a-errno.o)
                0x000007d0                __errno
 .text.__libc_init_array
                0x000007dc       0x4c c:/program files (x86)/cypress/psoc creator/4.2/psoc creator/import/gnu/arm/5.4.1/bin/../lib/gcc/arm-none-eabi/5.4.1/../../../../arm-none-eabi/lib/armv7-m\libg_nano.a(lib_a-init.o)
                0x000007dc                __libc_init_array
 .text.memcpy   0x00000828       0x16 c:/program files (x86)/cypress/psoc creator/4.2/psoc creator/import/gnu/arm/5.4.1/bin/../lib/gcc/arm-none-eabi/5.4.1/../../../../arm-none-eabi/lib/armv7-m\libg_nano.a(lib_a-memcpy-stub.o)
                0x00000828                memcpy
 .text.memset   0x0000083e       0x10 c:/program files (x86)/cypress/psoc creator/4.2/psoc creator/import/gnu/arm/5.4.1/bin/../lib/gcc/arm-none-eabi/5.4.1/../../../../arm-none-eabi/lib/armv7-m\libg_nano.a(lib_a-memset.o)
                0x0000083e                memset
 *(.plt)
 *(.gnu.warning)
 *(.glue_7t)
 .glue_7t       0x0000084e        0x0 linker stubs
 *(.glue_7)
 .glue_7        0x0000084e        0x0 linker stubs
 *(.vfp11_veneer)
 .vfp11_veneer  0x0000084e        0x0 linker stubs
 *(.bootloader)
 *(.ARM.extab* .gnu.linkonce.armextab.*)
 *(.gcc_except_table)

.v4_bx          0x00000850        0x0
 .v4_bx         0x00000850        0x0 linker stubs

.iplt           0x00000850        0x0
 .iplt          0x00000850        0x0 c:/program files (x86)/cypress/psoc creator/4.2/psoc creator/import/gnu/arm/5.4.1/bin/../lib/gcc/arm-none-eabi/5.4.1/armv7-m/crtbegin.o

.eh_frame_hdr
 *(.eh_frame_hdr)

.eh_frame       0x00000850        0x4
 *(.eh_frame)
 .eh_frame      0x00000850        0x0 c:/program files (x86)/cypress/psoc creator/4.2/psoc creator/import/gnu/arm/5.4.1/bin/../lib/gcc/arm-none-eabi/5.4.1/armv7-m/crtbegin.o
 .eh_frame      0x00000850        0x4 c:/program files (x86)/cypress/psoc creator/4.2/psoc creator/import/gnu/arm/5.4.1/bin/../lib/gcc/arm-none-eabi/5.4.1/armv7-m/crtend.o
                [!provide]                PROVIDE (__exidx_start, .)

.ARM.exidx
 *(.ARM.exidx* .gnu.linkonce.armexidx.*)
                0x00000854                __exidx_end = .

.rodata         0x00000854       0x74
 *(.rodata .rodata.* .gnu.linkonce.r.*)
 .rodata        0x00000854       0x3a .\CortexM3\ARM_GCC_541\Debug\cyfitter_cfg.o
 .rodata.str1.1
                0x0000088e        0x2 c:/program files (x86)/cypress/psoc creator/4.2/psoc creator/import/gnu/arm/5.4.1/bin/../lib/gcc/arm-none-eabi/5.4.1/../../../../arm-none-eabi/lib/armv7-m\libg_nano.a(lib_a-impure.o)
                0x00000890                . = ALIGN (0x4)
 *(.init)
 .init          0x00000890        0x4 c:/program files (x86)/cypress/psoc creator/4.2/psoc creator/import/gnu/arm/5.4.1/bin/../lib/gcc/arm-none-eabi/5.4.1/armv7-m/crti.o
                0x00000890                _init
 .init          0x00000894        0x8 c:/program files (x86)/cypress/psoc creator/4.2/psoc creator/import/gnu/arm/5.4.1/bin/../lib/gcc/arm-none-eabi/5.4.1/armv7-m/crtn.o
                0x0000089c                . = ALIGN (0x4)
                0x0000089c                __preinit_array_start = .
 *(.preinit_array)
                0x0000089c                __preinit_array_end = .
                0x0000089c                . = ALIGN (0x4)
                0x0000089c                __init_array_start = .
 *(SORT(.init_array.*))
 *(.init_array)
 .init_array    0x0000089c        0x4 c:/program files (x86)/cypress/psoc creator/4.2/psoc creator/import/gnu/arm/5.4.1/bin/../lib/gcc/arm-none-eabi/5.4.1/armv7-m/crtbegin.o
 .init_array    0x000008a0        0x4 .\CortexM3\ARM_GCC_541\Debug\Cm3Start.o
                0x000008a4                __init_array_end = .
                0x000008a4                . = ALIGN (0x4)
 *(.fini)
 .fini          0x000008a4        0x4 c:/program files (x86)/cypress/psoc creator/4.2/psoc creator/import/gnu/arm/5.4.1/bin/../lib/gcc/arm-none-eabi/5.4.1/armv7-m/crti.o
                0x000008a4                _fini
 .fini          0x000008a8        0x8 c:/program files (x86)/cypress/psoc creator/4.2/psoc creator/import/gnu/arm/5.4.1/bin/../lib/gcc/arm-none-eabi/5.4.1/armv7-m/crtn.o
                0x000008b0                . = ALIGN (0x4)
                0x000008b0                __fini_array_start = .
 *(.fini_array)
 .fini_array    0x000008b0        0x4 c:/program files (x86)/cypress/psoc creator/4.2/psoc creator/import/gnu/arm/5.4.1/bin/../lib/gcc/arm-none-eabi/5.4.1/armv7-m/crtbegin.o
 *(SORT(.fini_array.*))
                0x000008b4                __fini_array_end = .
                0x000008b4                . = ALIGN (0x4)
 *crtbegin.o(.ctors)
 *(EXCLUDE_FILE(*crtend.o) .ctors)
 *(SORT(.ctors.*))
 *crtend.o(.ctors)
                0x000008b4                . = ALIGN (0x4)
 *crtbegin.o(.dtors)
 *(EXCLUDE_FILE(*crtend.o) .dtors)
 *(SORT(.dtors.*))
 *crtend.o(.dtors)
                0x000008b4                . = ALIGN (0x4)
                0x000008b4                __cy_regions = .
                0x000008b4        0x4 LONG 0x8c8 __cy_region_init_ram
                0x000008b8        0x4 LONG 0x1fff80c8 __cy_region_start_data
                0x000008bc        0x4 LONG 0x78 __cy_region_init_size_ram
                0x000008c0        0x4 LONG 0x20 __cy_region_zero_size_ram
                0x000008c4                __cy_regions_end = .
                0x000008c8                . = ALIGN (0x8)
 *fill*         0x000008c4        0x4 
                0x000008c8                _etext = .

.cy_checksum_exclude
                0x000008c8        0x0
 *(.cy_checksum_exclude)

.ramvectors     0x1fff8000       0xc0
                0x1fff8000                __cy_region_start_ram = .
 *(.ramvectors)
 .ramvectors    0x1fff8000       0xc0 .\CortexM3\ARM_GCC_541\Debug\Cm3Start.o
                0x1fff8000                CyRamVectors

.noinit         0x1fff80c0        0x1
 *(.noinit)
 .noinit        0x1fff80c0        0x1 .\CortexM3\ARM_GCC_541\Debug\PSoC_Unicon.a(CyLib.o)
                0x1fff80c0                CyResetStatus

.data           0x1fff80c8       0x78 load address 0x000008c8
                0x1fff80c8                __cy_region_start_data = .
 *(.jcr)
 .jcr           0x1fff80c8        0x0 c:/program files (x86)/cypress/psoc creator/4.2/psoc creator/import/gnu/arm/5.4.1/bin/../lib/gcc/arm-none-eabi/5.4.1/armv7-m/crtbegin.o
 .jcr           0x1fff80c8        0x4 c:/program files (x86)/cypress/psoc creator/4.2/psoc creator/import/gnu/arm/5.4.1/bin/../lib/gcc/arm-none-eabi/5.4.1/armv7-m/crtend.o
 *(.got.plt)
 *(.got)
 *(.shdata)
 *(.data .data.* .gnu.linkonce.d.*)
 .data          0x1fff80cc       0x10 .\CortexM3\ARM_GCC_541\Debug\PSoC_Unicon.a(CyLib.o)
                0x1fff80cc                cydelay_32k_ms
                0x1fff80d0                cydelay_freq_khz
                0x1fff80d4                cydelay_freq_mhz
                0x1fff80d8                cydelay_freq_hz
 .data.impure_data
                0x1fff80dc       0x60 c:/program files (x86)/cypress/psoc creator/4.2/psoc creator/import/gnu/arm/5.4.1/bin/../lib/gcc/arm-none-eabi/5.4.1/../../../../arm-none-eabi/lib/armv7-m\libg_nano.a(lib_a-impure.o)
 .data._impure_ptr
                0x1fff813c        0x4 c:/program files (x86)/cypress/psoc creator/4.2/psoc creator/import/gnu/arm/5.4.1/bin/../lib/gcc/arm-none-eabi/5.4.1/../../../../arm-none-eabi/lib/armv7-m\libg_nano.a(lib_a-impure.o)
                0x1fff813c                _impure_ptr
                0x1fff8140                . = ALIGN (0x8)
 *(.ram)
                0x1fff8140                _edata = .

.igot.plt       0x1fff8140        0x0 load address 0x00000940
 .igot.plt      0x1fff8140        0x0 c:/program files (x86)/cypress/psoc creator/4.2/psoc creator/import/gnu/arm/5.4.1/bin/../lib/gcc/arm-none-eabi/5.4.1/armv7-m/crtbegin.o

.bss            0x1fff8140       0x20 load address 0x00000940
                0x1fff8140                PROVIDE (__bss_start__, .)
 *(.shbss)
 *(.bss .bss.* .gnu.linkonce.b.*)
 .bss           0x1fff8140       0x1c c:/program files (x86)/cypress/psoc creator/4.2/psoc creator/import/gnu/arm/5.4.1/bin/../lib/gcc/arm-none-eabi/5.4.1/armv7-m/crtbegin.o
 .bss           0x1fff815c        0x2 .\CortexM3\ARM_GCC_541\Debug\PSoC_Unicon.a(UART.o)
                0x1fff815c                UART_initVar
 .bss           0x1fff815e        0x2 .\CortexM3\ARM_GCC_541\Debug\PSoC_Unicon.a(LCD.o)
                0x1fff815e                LCD_enableState
                0x1fff815f                LCD_initVar
 *(COMMON)
                0x1fff8160                . = ALIGN (0x8)
 *(.ram.b)
                0x1fff8160                _end = .
                0x1fff8160                __end = .
                0x1fff8160                PROVIDE (end, .)
                0x1fff8160                PROVIDE (__bss_end__, .)
                0x000008c8                __cy_region_init_ram = LOADADDR (.data)
                0x00000078                __cy_region_init_size_ram = (_edata - ADDR (.data))
                0x00000020                __cy_region_zero_size_ram = (_end - _edata)

.heap           0x1fff8160       0x80 load address 0x00000940
                0x1fff8160                . = _end
                0x1fff81e0                . = (. + 0x80)
 *fill*         0x1fff8160       0x80 
                0x1fff81e0                __cy_heap_limit = .

.stack          0x20007800      0x800
                0x20007800                __cy_stack_limit = .
                0x20008000                . = (. + 0x800)
 *fill*         0x20007800      0x800 
                0x00000001                ASSERT ((__cy_stack_limit >= __cy_heap_limit), region RAM overflowed with stack)
                0x00000000                cy_checksum_exclude_size = (CY_APPL_LOADABLE == 0x1)?SIZEOF (.cy_checksum_exclude):0x0
                0x00000001                ASSERT ((cy_checksum_exclude_size <= CY_CHECKSUM_EXCLUDE_SIZE), CY_BOOT: Section .cy_checksum_exclude size exceedes specified limit.)

.cyloadermeta
 *(.cyloadermeta)

.cyloadablemeta
 *(.cyloadablemeta)

.cyconfigecc    0x80000000      0x4f0
 *(.cyconfigecc)
 .cyconfigecc   0x80000000      0x4f0 .\CortexM3\ARM_GCC_541\Debug\cymetadata.o
                0x80000000                cy_meta_configecc

.cycustnvl      0x90000000        0x4
 *(.cycustnvl)
 .cycustnvl     0x90000000        0x4 .\CortexM3\ARM_GCC_541\Debug\cymetadata.o
                0x90000000                cy_meta_custnvl

.cywolatch      0x90100000        0x4
 *(.cywolatch)
 .cywolatch     0x90100000        0x4 .\CortexM3\ARM_GCC_541\Debug\cymetadata.o
                0x90100000                cy_meta_wonvl

.cyeeprom       0x90200000        0x0
 *(.cyeeprom)
                0x00000001                ASSERT ((. <= ((0x90200000 + ee_offset) + ee_size)), .cyeeprom data will not fit in EEPROM)

.cyflashprotect
                0x90400000      0x100
 *(.cyflashprotect)
 .cyflashprotect
                0x90400000      0x100 .\CortexM3\ARM_GCC_541\Debug\cymetadata.o
                0x90400000                cy_meta_flashprotect

.cymeta         0x90500000        0xc
 *(.cymeta)
 .cymeta        0x90500000        0xc .\CortexM3\ARM_GCC_541\Debug\cymetadata.o
                0x90500000                cy_metadata

.rel.dyn        0x00000940        0x0 load address 0x9050000c
 .rel.iplt      0x00000940        0x0 c:/program files (x86)/cypress/psoc creator/4.2/psoc creator/import/gnu/arm/5.4.1/bin/../lib/gcc/arm-none-eabi/5.4.1/armv7-m/crtbegin.o

.stab
 *(.stab)

.stabstr
 *(.stabstr)

.debug
 *(.debug)

.line
 *(.line)

.debug_srcinfo
 *(.debug_srcinfo)

.debug_sfnames
 *(.debug_sfnames)

.debug_aranges  0x00000000      0x8b8
 *(.debug_aranges)
 .debug_aranges
                0x00000000       0x28 .\CortexM3\ARM_GCC_541\Debug\main.o
 .debug_aranges
                0x00000028       0x58 .\CortexM3\ARM_GCC_541\Debug\cyfitter_cfg.o
 .debug_aranges
                0x00000080       0x18 .\CortexM3\ARM_GCC_541\Debug\cymetadata.o
 .debug_aranges
                0x00000098       0x48 .\CortexM3\ARM_GCC_541\Debug\Cm3Start.o
 .debug_aranges
                0x000000e0      0x2a0 .\CortexM3\ARM_GCC_541\Debug\PSoC_Unicon.a(CyLib.o)
 .debug_aranges
                0x00000380       0x98 .\CortexM3\ARM_GCC_541\Debug\PSoC_Unicon.a(cyPm.o)
 .debug_aranges
                0x00000418       0x80 .\CortexM3\ARM_GCC_541\Debug\PSoC_Unicon.a(ShiftReg_fwd.o)
 .debug_aranges
                0x00000498       0x80 .\CortexM3\ARM_GCC_541\Debug\PSoC_Unicon.a(ShiftReg_rev.o)
 .debug_aranges
                0x00000518       0xf0 .\CortexM3\ARM_GCC_541\Debug\PSoC_Unicon.a(UART.o)
 .debug_aranges
                0x00000608       0x70 .\CortexM3\ARM_GCC_541\Debug\PSoC_Unicon.a(UART_IntClock.o)
 .debug_aranges
                0x00000678       0x98 .\CortexM3\ARM_GCC_541\Debug\PSoC_Unicon.a(LCD.o)
 .debug_aranges
                0x00000710       0x80 .\CortexM3\ARM_GCC_541\Debug\PSoC_Unicon.a(rx_int.o)
 .debug_aranges
                0x00000790       0x20 .\CortexM3\ARM_GCC_541\Debug\PSoC_Unicon.a(CyBootAsmGnu.o)
 .debug_aranges
                0x000007b0       0x88 .\CortexM3\ARM_GCC_541\Debug\PSoC_Unicon.a(CyFlash.o)
 .debug_aranges
                0x00000838       0x80 .\CortexM3\ARM_GCC_541\Debug\PSoC_Unicon.a(CySpc.o)

.debug_pubnames
 *(.debug_pubnames)

.debug_info     0x00000000     0x4eda
 *(.debug_info .gnu.linkonce.wi.*)
 .debug_info    0x00000000      0x1d3 .\CortexM3\ARM_GCC_541\Debug\main.o
 .debug_info    0x000001d3      0x5ba .\CortexM3\ARM_GCC_541\Debug\cyfitter_cfg.o
 .debug_info    0x0000078d      0x136 .\CortexM3\ARM_GCC_541\Debug\cymetadata.o
 .debug_info    0x000008c3      0x3bb .\CortexM3\ARM_GCC_541\Debug\Cm3Start.o
 .debug_info    0x00000c7e     0x1374 .\CortexM3\ARM_GCC_541\Debug\PSoC_Unicon.a(CyLib.o)
 .debug_info    0x00001ff2      0xa2a .\CortexM3\ARM_GCC_541\Debug\PSoC_Unicon.a(cyPm.o)
 .debug_info    0x00002a1c      0x30a .\CortexM3\ARM_GCC_541\Debug\PSoC_Unicon.a(ShiftReg_fwd.o)
 .debug_info    0x00002d26      0x30a .\CortexM3\ARM_GCC_541\Debug\PSoC_Unicon.a(ShiftReg_rev.o)
 .debug_info    0x00003030      0x60c .\CortexM3\ARM_GCC_541\Debug\PSoC_Unicon.a(UART.o)
 .debug_info    0x0000363c      0x283 .\CortexM3\ARM_GCC_541\Debug\PSoC_Unicon.a(UART_IntClock.o)
 .debug_info    0x000038bf      0x715 .\CortexM3\ARM_GCC_541\Debug\PSoC_Unicon.a(LCD.o)
 .debug_info    0x00003fd4      0x2d2 .\CortexM3\ARM_GCC_541\Debug\PSoC_Unicon.a(rx_int.o)
 .debug_info    0x000042a6       0x97 .\CortexM3\ARM_GCC_541\Debug\PSoC_Unicon.a(CyBootAsmGnu.o)
 .debug_info    0x0000433d      0x64d .\CortexM3\ARM_GCC_541\Debug\PSoC_Unicon.a(CyFlash.o)
 .debug_info    0x0000498a      0x550 .\CortexM3\ARM_GCC_541\Debug\PSoC_Unicon.a(CySpc.o)

.debug_abbrev   0x00000000     0x14cd
 *(.debug_abbrev)
 .debug_abbrev  0x00000000       0xd7 .\CortexM3\ARM_GCC_541\Debug\main.o
 .debug_abbrev  0x000000d7      0x20d .\CortexM3\ARM_GCC_541\Debug\cyfitter_cfg.o
 .debug_abbrev  0x000002e4       0x77 .\CortexM3\ARM_GCC_541\Debug\cymetadata.o
 .debug_abbrev  0x0000035b      0x1e8 .\CortexM3\ARM_GCC_541\Debug\Cm3Start.o
 .debug_abbrev  0x00000543      0x254 .\CortexM3\ARM_GCC_541\Debug\PSoC_Unicon.a(CyLib.o)
 .debug_abbrev  0x00000797      0x1ab .\CortexM3\ARM_GCC_541\Debug\PSoC_Unicon.a(cyPm.o)
 .debug_abbrev  0x00000942      0x162 .\CortexM3\ARM_GCC_541\Debug\PSoC_Unicon.a(ShiftReg_fwd.o)
 .debug_abbrev  0x00000aa4      0x162 .\CortexM3\ARM_GCC_541\Debug\PSoC_Unicon.a(ShiftReg_rev.o)
 .debug_abbrev  0x00000c06      0x175 .\CortexM3\ARM_GCC_541\Debug\PSoC_Unicon.a(UART.o)
 .debug_abbrev  0x00000d7b      0x139 .\CortexM3\ARM_GCC_541\Debug\PSoC_Unicon.a(UART_IntClock.o)
 .debug_abbrev  0x00000eb4      0x157 .\CortexM3\ARM_GCC_541\Debug\PSoC_Unicon.a(LCD.o)
 .debug_abbrev  0x0000100b      0x173 .\CortexM3\ARM_GCC_541\Debug\PSoC_Unicon.a(rx_int.o)
 .debug_abbrev  0x0000117e       0x14 .\CortexM3\ARM_GCC_541\Debug\PSoC_Unicon.a(CyBootAsmGnu.o)
 .debug_abbrev  0x00001192      0x1a7 .\CortexM3\ARM_GCC_541\Debug\PSoC_Unicon.a(CyFlash.o)
 .debug_abbrev  0x00001339      0x194 .\CortexM3\ARM_GCC_541\Debug\PSoC_Unicon.a(CySpc.o)

.debug_line     0x00000000     0x2193
 *(.debug_line)
 .debug_line    0x00000000      0x1b4 .\CortexM3\ARM_GCC_541\Debug\main.o
 .debug_line    0x000001b4      0x1f6 .\CortexM3\ARM_GCC_541\Debug\cyfitter_cfg.o
 .debug_line    0x000003aa      0x141 .\CortexM3\ARM_GCC_541\Debug\cymetadata.o
 .debug_line    0x000004eb      0x234 .\CortexM3\ARM_GCC_541\Debug\Cm3Start.o
 .debug_line    0x0000071f      0x816 .\CortexM3\ARM_GCC_541\Debug\PSoC_Unicon.a(CyLib.o)
 .debug_line    0x00000f35      0x367 .\CortexM3\ARM_GCC_541\Debug\PSoC_Unicon.a(cyPm.o)
 .debug_line    0x0000129c      0x168 .\CortexM3\ARM_GCC_541\Debug\PSoC_Unicon.a(ShiftReg_fwd.o)
 .debug_line    0x00001404      0x168 .\CortexM3\ARM_GCC_541\Debug\PSoC_Unicon.a(ShiftReg_rev.o)
 .debug_line    0x0000156c      0x2bc .\CortexM3\ARM_GCC_541\Debug\PSoC_Unicon.a(UART.o)
 .debug_line    0x00001828      0x17c .\CortexM3\ARM_GCC_541\Debug\PSoC_Unicon.a(UART_IntClock.o)
 .debug_line    0x000019a4      0x1dc .\CortexM3\ARM_GCC_541\Debug\PSoC_Unicon.a(LCD.o)
 .debug_line    0x00001b80      0x133 .\CortexM3\ARM_GCC_541\Debug\PSoC_Unicon.a(rx_int.o)
 .debug_line    0x00001cb3       0x66 .\CortexM3\ARM_GCC_541\Debug\PSoC_Unicon.a(CyBootAsmGnu.o)
 .debug_line    0x00001d19      0x21a .\CortexM3\ARM_GCC_541\Debug\PSoC_Unicon.a(CyFlash.o)
 .debug_line    0x00001f33      0x260 .\CortexM3\ARM_GCC_541\Debug\PSoC_Unicon.a(CySpc.o)

.debug_frame    0x00000000     0x1780
 *(.debug_frame)
 .debug_frame   0x00000000       0x48 .\CortexM3\ARM_GCC_541\Debug\main.o
 .debug_frame   0x00000048       0xe4 .\CortexM3\ARM_GCC_541\Debug\cyfitter_cfg.o
 .debug_frame   0x0000012c       0xb8 .\CortexM3\ARM_GCC_541\Debug\Cm3Start.o
 .debug_frame   0x000001e4      0x738 .\CortexM3\ARM_GCC_541\Debug\PSoC_Unicon.a(CyLib.o)
 .debug_frame   0x0000091c      0x1f8 .\CortexM3\ARM_GCC_541\Debug\PSoC_Unicon.a(cyPm.o)
 .debug_frame   0x00000b14      0x140 .\CortexM3\ARM_GCC_541\Debug\PSoC_Unicon.a(ShiftReg_fwd.o)
 .debug_frame   0x00000c54      0x140 .\CortexM3\ARM_GCC_541\Debug\PSoC_Unicon.a(ShiftReg_rev.o)
 .debug_frame   0x00000d94      0x250 .\CortexM3\ARM_GCC_541\Debug\PSoC_Unicon.a(UART.o)
 .debug_frame   0x00000fe4       0xe0 .\CortexM3\ARM_GCC_541\Debug\PSoC_Unicon.a(UART_IntClock.o)
 .debug_frame   0x000010c4      0x1e8 .\CortexM3\ARM_GCC_541\Debug\PSoC_Unicon.a(LCD.o)
 .debug_frame   0x000012ac      0x104 .\CortexM3\ARM_GCC_541\Debug\PSoC_Unicon.a(rx_int.o)
 .debug_frame   0x000013b0      0x194 .\CortexM3\ARM_GCC_541\Debug\PSoC_Unicon.a(CyFlash.o)
 .debug_frame   0x00001544      0x180 .\CortexM3\ARM_GCC_541\Debug\PSoC_Unicon.a(CySpc.o)
 .debug_frame   0x000016c4       0x20 c:/program files (x86)/cypress/psoc creator/4.2/psoc creator/import/gnu/arm/5.4.1/bin/../lib/gcc/arm-none-eabi/5.4.1/../../../../arm-none-eabi/lib/armv7-m\libg_nano.a(lib_a-errno.o)
 .debug_frame   0x000016e4       0x28 c:/program files (x86)/cypress/psoc creator/4.2/psoc creator/import/gnu/arm/5.4.1/bin/../lib/gcc/arm-none-eabi/5.4.1/../../../../arm-none-eabi/lib/armv7-m\libg_nano.a(lib_a-exit.o)
 .debug_frame   0x0000170c       0x2c c:/program files (x86)/cypress/psoc creator/4.2/psoc creator/import/gnu/arm/5.4.1/bin/../lib/gcc/arm-none-eabi/5.4.1/../../../../arm-none-eabi/lib/armv7-m\libg_nano.a(lib_a-init.o)
 .debug_frame   0x00001738       0x28 c:/program files (x86)/cypress/psoc creator/4.2/psoc creator/import/gnu/arm/5.4.1/bin/../lib/gcc/arm-none-eabi/5.4.1/../../../../arm-none-eabi/lib/armv7-m\libg_nano.a(lib_a-memcpy-stub.o)
 .debug_frame   0x00001760       0x20 c:/program files (x86)/cypress/psoc creator/4.2/psoc creator/import/gnu/arm/5.4.1/bin/../lib/gcc/arm-none-eabi/5.4.1/../../../../arm-none-eabi/lib/armv7-m\libg_nano.a(lib_a-memset.o)

.debug_str      0x00000000     0x1c74
 *(.debug_str)
 .debug_str     0x00000000      0x1fe .\CortexM3\ARM_GCC_541\Debug\main.o
                                0x255 (size before relaxing)
 .debug_str     0x000001fe      0x1bc .\CortexM3\ARM_GCC_541\Debug\cyfitter_cfg.o
                                0x34b (size before relaxing)
 .debug_str     0x000003ba       0x75 .\CortexM3\ARM_GCC_541\Debug\cymetadata.o
                                0x1eb (size before relaxing)
 .debug_str     0x0000042f      0x144 .\CortexM3\ARM_GCC_541\Debug\Cm3Start.o
                                0x311 (size before relaxing)
 .debug_str     0x00000573      0x854 .\CortexM3\ARM_GCC_541\Debug\PSoC_Unicon.a(CyLib.o)
                                0xa4e (size before relaxing)
 .debug_str     0x00000dc7      0x365 .\CortexM3\ARM_GCC_541\Debug\PSoC_Unicon.a(cyPm.o)
                                0x73a (size before relaxing)
 .debug_str     0x0000112c      0x17a .\CortexM3\ARM_GCC_541\Debug\PSoC_Unicon.a(ShiftReg_fwd.o)
                                0x35e (size before relaxing)
 .debug_str     0x000012a6      0x152 .\CortexM3\ARM_GCC_541\Debug\PSoC_Unicon.a(ShiftReg_rev.o)
                                0x35e (size before relaxing)
 .debug_str     0x000013f8      0x279 .\CortexM3\ARM_GCC_541\Debug\PSoC_Unicon.a(UART.o)
                                0x47c (size before relaxing)
 .debug_str     0x00001671      0x183 .\CortexM3\ARM_GCC_541\Debug\PSoC_Unicon.a(UART_IntClock.o)
                                0x33d (size before relaxing)
 .debug_str     0x000017f4      0x134 .\CortexM3\ARM_GCC_541\Debug\PSoC_Unicon.a(LCD.o)
                                0x332 (size before relaxing)
 .debug_str     0x00001928       0xe5 .\CortexM3\ARM_GCC_541\Debug\PSoC_Unicon.a(rx_int.o)
                                0x2bb (size before relaxing)
 .debug_str     0x00001a0d      0x1bb .\CortexM3\ARM_GCC_541\Debug\PSoC_Unicon.a(CyFlash.o)
                                0x3c7 (size before relaxing)
 .debug_str     0x00001bc8       0xac .\CortexM3\ARM_GCC_541\Debug\PSoC_Unicon.a(CySpc.o)
                                0x33f (size before relaxing)

.debug_loc      0x00000000     0x24af
 *(.debug_loc)
 .debug_loc     0x00000000       0x13 .\CortexM3\ARM_GCC_541\Debug\main.o
 .debug_loc     0x00000013      0x25a .\CortexM3\ARM_GCC_541\Debug\cyfitter_cfg.o
 .debug_loc     0x0000026d      0x144 .\CortexM3\ARM_GCC_541\Debug\Cm3Start.o
 .debug_loc     0x000003b1      0xa11 .\CortexM3\ARM_GCC_541\Debug\PSoC_Unicon.a(CyLib.o)
 .debug_loc     0x00000dc2      0x1e4 .\CortexM3\ARM_GCC_541\Debug\PSoC_Unicon.a(cyPm.o)
 .debug_loc     0x00000fa6      0x15b .\CortexM3\ARM_GCC_541\Debug\PSoC_Unicon.a(ShiftReg_fwd.o)
 .debug_loc     0x00001101      0x15b .\CortexM3\ARM_GCC_541\Debug\PSoC_Unicon.a(ShiftReg_rev.o)
 .debug_loc     0x0000125c      0x258 .\CortexM3\ARM_GCC_541\Debug\PSoC_Unicon.a(UART.o)
 .debug_loc     0x000014b4      0x128 .\CortexM3\ARM_GCC_541\Debug\PSoC_Unicon.a(UART_IntClock.o)
 .debug_loc     0x000015dc      0x3c6 .\CortexM3\ARM_GCC_541\Debug\PSoC_Unicon.a(LCD.o)
 .debug_loc     0x000019a2       0x56 .\CortexM3\ARM_GCC_541\Debug\PSoC_Unicon.a(rx_int.o)
 .debug_loc     0x000019f8      0x3b2 .\CortexM3\ARM_GCC_541\Debug\PSoC_Unicon.a(CyFlash.o)
 .debug_loc     0x00001daa      0x705 .\CortexM3\ARM_GCC_541\Debug\PSoC_Unicon.a(CySpc.o)

.debug_macinfo
 *(.debug_macinfo)

.debug_ranges   0x00000000      0x7b0
 *(.debug_ranges)
 .debug_ranges  0x00000000       0x18 .\CortexM3\ARM_GCC_541\Debug\main.o
 .debug_ranges  0x00000018       0x48 .\CortexM3\ARM_GCC_541\Debug\cyfitter_cfg.o
 .debug_ranges  0x00000060       0x38 .\CortexM3\ARM_GCC_541\Debug\Cm3Start.o
 .debug_ranges  0x00000098      0x290 .\CortexM3\ARM_GCC_541\Debug\PSoC_Unicon.a(CyLib.o)
 .debug_ranges  0x00000328       0x88 .\CortexM3\ARM_GCC_541\Debug\PSoC_Unicon.a(cyPm.o)
 .debug_ranges  0x000003b0       0x70 .\CortexM3\ARM_GCC_541\Debug\PSoC_Unicon.a(ShiftReg_fwd.o)
 .debug_ranges  0x00000420       0x70 .\CortexM3\ARM_GCC_541\Debug\PSoC_Unicon.a(ShiftReg_rev.o)
 .debug_ranges  0x00000490       0xe0 .\CortexM3\ARM_GCC_541\Debug\PSoC_Unicon.a(UART.o)
 .debug_ranges  0x00000570       0x60 .\CortexM3\ARM_GCC_541\Debug\PSoC_Unicon.a(UART_IntClock.o)
 .debug_ranges  0x000005d0       0x88 .\CortexM3\ARM_GCC_541\Debug\PSoC_Unicon.a(LCD.o)
 .debug_ranges  0x00000658       0x70 .\CortexM3\ARM_GCC_541\Debug\PSoC_Unicon.a(rx_int.o)
 .debug_ranges  0x000006c8       0x78 .\CortexM3\ARM_GCC_541\Debug\PSoC_Unicon.a(CyFlash.o)
 .debug_ranges  0x00000740       0x70 .\CortexM3\ARM_GCC_541\Debug\PSoC_Unicon.a(CySpc.o)

.comment        0x00000000       0x6e
 .comment       0x00000000       0x6e .\CortexM3\ARM_GCC_541\Debug\main.o
                                 0x6f (size before relaxing)
 .comment       0x0000006e       0x6f .\CortexM3\ARM_GCC_541\Debug\cyfitter_cfg.o
 .comment       0x0000006e       0x6f .\CortexM3\ARM_GCC_541\Debug\cymetadata.o
 .comment       0x0000006e       0x6f .\CortexM3\ARM_GCC_541\Debug\Cm3Start.o
 .comment       0x0000006e       0x6f .\CortexM3\ARM_GCC_541\Debug\PSoC_Unicon.a(CyLib.o)
 .comment       0x0000006e       0x6f .\CortexM3\ARM_GCC_541\Debug\PSoC_Unicon.a(cyPm.o)
 .comment       0x0000006e       0x6f .\CortexM3\ARM_GCC_541\Debug\PSoC_Unicon.a(ShiftReg_fwd.o)
 .comment       0x0000006e       0x6f .\CortexM3\ARM_GCC_541\Debug\PSoC_Unicon.a(ShiftReg_rev.o)
 .comment       0x0000006e       0x6f .\CortexM3\ARM_GCC_541\Debug\PSoC_Unicon.a(UART.o)
 .comment       0x0000006e       0x6f .\CortexM3\ARM_GCC_541\Debug\PSoC_Unicon.a(UART_IntClock.o)
 .comment       0x0000006e       0x6f .\CortexM3\ARM_GCC_541\Debug\PSoC_Unicon.a(LCD.o)
 .comment       0x0000006e       0x6f .\CortexM3\ARM_GCC_541\Debug\PSoC_Unicon.a(rx_int.o)
 .comment       0x0000006e       0x6f .\CortexM3\ARM_GCC_541\Debug\PSoC_Unicon.a(CyFlash.o)
 .comment       0x0000006e       0x6f .\CortexM3\ARM_GCC_541\Debug\PSoC_Unicon.a(CySpc.o)

.debug_weaknames
 *(.debug_weaknames)

.debug_funcnames
 *(.debug_funcnames)

.debug_typenames
 *(.debug_typenames)

.debug_varnames
 *(.debug_varnames)

.note.gnu.arm.ident
 *(.note.gnu.arm.ident)

.ARM.attributes
                0x00000000       0x29
 *(.ARM.attributes)
 .ARM.attributes
                0x00000000       0x1d c:/program files (x86)/cypress/psoc creator/4.2/psoc creator/import/gnu/arm/5.4.1/bin/../lib/gcc/arm-none-eabi/5.4.1/armv7-m/crti.o
 .ARM.attributes
                0x0000001d       0x2d c:/program files (x86)/cypress/psoc creator/4.2/psoc creator/import/gnu/arm/5.4.1/bin/../lib/gcc/arm-none-eabi/5.4.1/armv7-m/crtbegin.o
 .ARM.attributes
                0x0000004a       0x1b c:/program files (x86)/cypress/psoc creator/4.2/psoc creator/import/gnu/arm/5.4.1/bin/../lib/gcc/arm-none-eabi/5.4.1/../../../../arm-none-eabi/lib/armv7-m/crt0.o
 .ARM.attributes
                0x00000065       0x33 .\CortexM3\ARM_GCC_541\Debug\main.o
 .ARM.attributes
                0x00000098       0x33 .\CortexM3\ARM_GCC_541\Debug\cyfitter_cfg.o
 .ARM.attributes
                0x000000cb       0x33 .\CortexM3\ARM_GCC_541\Debug\cymetadata.o
 .ARM.attributes
                0x000000fe       0x33 .\CortexM3\ARM_GCC_541\Debug\Cm3Start.o
 .ARM.attributes
                0x00000131       0x33 .\CortexM3\ARM_GCC_541\Debug\PSoC_Unicon.a(CyLib.o)
 .ARM.attributes
                0x00000164       0x33 .\CortexM3\ARM_GCC_541\Debug\PSoC_Unicon.a(cyPm.o)
 .ARM.attributes
                0x00000197       0x33 .\CortexM3\ARM_GCC_541\Debug\PSoC_Unicon.a(ShiftReg_fwd.o)
 .ARM.attributes
                0x000001ca       0x33 .\CortexM3\ARM_GCC_541\Debug\PSoC_Unicon.a(ShiftReg_rev.o)
 .ARM.attributes
                0x000001fd       0x33 .\CortexM3\ARM_GCC_541\Debug\PSoC_Unicon.a(UART.o)
 .ARM.attributes
                0x00000230       0x33 .\CortexM3\ARM_GCC_541\Debug\PSoC_Unicon.a(UART_IntClock.o)
 .ARM.attributes
                0x00000263       0x33 .\CortexM3\ARM_GCC_541\Debug\PSoC_Unicon.a(LCD.o)
 .ARM.attributes
                0x00000296       0x33 .\CortexM3\ARM_GCC_541\Debug\PSoC_Unicon.a(rx_int.o)
 .ARM.attributes
                0x000002c9       0x21 .\CortexM3\ARM_GCC_541\Debug\PSoC_Unicon.a(CyBootAsmGnu.o)
 .ARM.attributes
                0x000002ea       0x33 .\CortexM3\ARM_GCC_541\Debug\PSoC_Unicon.a(CyFlash.o)
 .ARM.attributes
                0x0000031d       0x33 .\CortexM3\ARM_GCC_541\Debug\PSoC_Unicon.a(CySpc.o)
 .ARM.attributes
                0x00000350       0x2d c:/program files (x86)/cypress/psoc creator/4.2/psoc creator/import/gnu/arm/5.4.1/bin/../lib/gcc/arm-none-eabi/5.4.1/../../../../arm-none-eabi/lib/armv7-m\libg_nano.a(lib_a-errno.o)
 .ARM.attributes
                0x0000037d       0x2d c:/program files (x86)/cypress/psoc creator/4.2/psoc creator/import/gnu/arm/5.4.1/bin/../lib/gcc/arm-none-eabi/5.4.1/../../../../arm-none-eabi/lib/armv7-m\libg_nano.a(lib_a-exit.o)
 .ARM.attributes
                0x000003aa       0x2d c:/program files (x86)/cypress/psoc creator/4.2/psoc creator/import/gnu/arm/5.4.1/bin/../lib/gcc/arm-none-eabi/5.4.1/../../../../arm-none-eabi/lib/armv7-m\libg_nano.a(lib_a-impure.o)
 .ARM.attributes
                0x000003d7       0x2d c:/program files (x86)/cypress/psoc creator/4.2/psoc creator/import/gnu/arm/5.4.1/bin/../lib/gcc/arm-none-eabi/5.4.1/../../../../arm-none-eabi/lib/armv7-m\libg_nano.a(lib_a-init.o)
 .ARM.attributes
                0x00000404       0x2d c:/program files (x86)/cypress/psoc creator/4.2/psoc creator/import/gnu/arm/5.4.1/bin/../lib/gcc/arm-none-eabi/5.4.1/../../../../arm-none-eabi/lib/armv7-m\libg_nano.a(lib_a-memcpy-stub.o)
 .ARM.attributes
                0x00000431       0x2d c:/program files (x86)/cypress/psoc creator/4.2/psoc creator/import/gnu/arm/5.4.1/bin/../lib/gcc/arm-none-eabi/5.4.1/../../../../arm-none-eabi/lib/armv7-m\libg_nano.a(lib_a-memset.o)
 .ARM.attributes
                0x0000045e       0x2d c:/program files (x86)/cypress/psoc creator/4.2/psoc creator/import/gnu/arm/5.4.1/bin/../lib/gcc/arm-none-eabi/5.4.1/armv7-m/crtend.o
 .ARM.attributes
                0x0000048b       0x1d c:/program files (x86)/cypress/psoc creator/4.2/psoc creator/import/gnu/arm/5.4.1/bin/../lib/gcc/arm-none-eabi/5.4.1/armv7-m/crtn.o

/DISCARD/
 *(.note.GNU-stack)
OUTPUT(C:\Users\Walaa\Documents\PSoC Creator\unicon_workspace\PSoC_Unicon.cydsn\CortexM3\ARM_GCC_541\Debug\PSoC_Unicon.elf elf32-littlearm)
