Archive member included to satisfy reference by file (symbol)

.\CortexM3\ARM_GCC_541\Debug\PSoC_Unicon.a(CyLib.o)
                              .\CortexM3\ARM_GCC_541\Debug\Cm3Start.o (CyHalt)
.\CortexM3\ARM_GCC_541\Debug\PSoC_Unicon.a(cyPm.o)
                              .\CortexM3\ARM_GCC_541\Debug\PSoC_Unicon.a(CyLib.o) (CyPmReadStatus)
.\CortexM3\ARM_GCC_541\Debug\PSoC_Unicon.a(UART.o)
                              .\CortexM3\ARM_GCC_541\Debug\main.o (UART_Start)
.\CortexM3\ARM_GCC_541\Debug\PSoC_Unicon.a(UART_IntClock.o)
                              .\CortexM3\ARM_GCC_541\Debug\PSoC_Unicon.a(UART.o) (UART_IntClock_Start)
.\CortexM3\ARM_GCC_541\Debug\PSoC_Unicon.a(LCD.o)
                              .\CortexM3\ARM_GCC_541\Debug\main.o (LCD_PutChar)
.\CortexM3\ARM_GCC_541\Debug\PSoC_Unicon.a(n64_ShiftReg_commack.o)
                              .\CortexM3\ARM_GCC_541\Debug\main.o (n64_ShiftReg_commack_Start)
.\CortexM3\ARM_GCC_541\Debug\PSoC_Unicon.a(n64_ShiftReg_buttonstate.o)
                              .\CortexM3\ARM_GCC_541\Debug\main.o (n64_ShiftReg_buttonstate_Start)
.\CortexM3\ARM_GCC_541\Debug\PSoC_Unicon.a(n64_one_bit.o)
                              .\CortexM3\ARM_GCC_541\Debug\main.o (n64_one_bit_Start)
.\CortexM3\ARM_GCC_541\Debug\PSoC_Unicon.a(n64_zero_bit.o)
                              .\CortexM3\ARM_GCC_541\Debug\main.o (n64_zero_bit_Start)
.\CortexM3\ARM_GCC_541\Debug\PSoC_Unicon.a(count_time_to_transmit.o)
                              .\CortexM3\ARM_GCC_541\Debug\main.o (count_time_to_transmit_Enable)
.\CortexM3\ARM_GCC_541\Debug\PSoC_Unicon.a(Timer_1.o)
                              .\CortexM3\ARM_GCC_541\Debug\main.o (Timer_1_Stop)
.\CortexM3\ARM_GCC_541\Debug\PSoC_Unicon.a(uart_rx_int.o)
                              .\CortexM3\ARM_GCC_541\Debug\main.o (uart_rx_int_StartEx)
.\CortexM3\ARM_GCC_541\Debug\PSoC_Unicon.a(Timer_2.o)
                              .\CortexM3\ARM_GCC_541\Debug\main.o (Timer_2_Enable)
.\CortexM3\ARM_GCC_541\Debug\PSoC_Unicon.a(CyBootAsmGnu.o)
                              .\CortexM3\ARM_GCC_541\Debug\cyfitter_cfg.o (CyDelayCycles)
.\CortexM3\ARM_GCC_541\Debug\PSoC_Unicon.a(CyFlash.o)
                              .\CortexM3\ARM_GCC_541\Debug\PSoC_Unicon.a(cyPm.o) (CyFlash_SetWaitCycles)
.\CortexM3\ARM_GCC_541\Debug\PSoC_Unicon.a(CySpc.o)
                              .\CortexM3\ARM_GCC_541\Debug\PSoC_Unicon.a(CyFlash.o) (CySpcStart)
c:/program files (x86)/cypress/psoc creator/4.2/psoc creator/import/gnu/arm/5.4.1/bin/../lib/gcc/arm-none-eabi/5.4.1/../../../../arm-none-eabi/lib/armv7-m\libg_nano.a(lib_a-errno.o)
                              .\CortexM3\ARM_GCC_541\Debug\Cm3Start.o (__errno)
c:/program files (x86)/cypress/psoc creator/4.2/psoc creator/import/gnu/arm/5.4.1/bin/../lib/gcc/arm-none-eabi/5.4.1/../../../../arm-none-eabi/lib/armv7-m\libg_nano.a(lib_a-exit.o)
                              c:/program files (x86)/cypress/psoc creator/4.2/psoc creator/import/gnu/arm/5.4.1/bin/../lib/gcc/arm-none-eabi/5.4.1/../../../../arm-none-eabi/lib/armv7-m/crt0.o (exit)
c:/program files (x86)/cypress/psoc creator/4.2/psoc creator/import/gnu/arm/5.4.1/bin/../lib/gcc/arm-none-eabi/5.4.1/../../../../arm-none-eabi/lib/armv7-m\libg_nano.a(lib_a-impure.o)
                              c:/program files (x86)/cypress/psoc creator/4.2/psoc creator/import/gnu/arm/5.4.1/bin/../lib/gcc/arm-none-eabi/5.4.1/../../../../arm-none-eabi/lib/armv7-m\libg_nano.a(lib_a-exit.o) (_global_impure_ptr)
c:/program files (x86)/cypress/psoc creator/4.2/psoc creator/import/gnu/arm/5.4.1/bin/../lib/gcc/arm-none-eabi/5.4.1/../../../../arm-none-eabi/lib/armv7-m\libg_nano.a(lib_a-init.o)
                              c:/program files (x86)/cypress/psoc creator/4.2/psoc creator/import/gnu/arm/5.4.1/bin/../lib/gcc/arm-none-eabi/5.4.1/../../../../arm-none-eabi/lib/armv7-m/crt0.o (__libc_init_array)
c:/program files (x86)/cypress/psoc creator/4.2/psoc creator/import/gnu/arm/5.4.1/bin/../lib/gcc/arm-none-eabi/5.4.1/../../../../arm-none-eabi/lib/armv7-m\libg_nano.a(lib_a-memcpy-stub.o)
                              .\CortexM3\ARM_GCC_541\Debug\cyfitter_cfg.o (memcpy)
c:/program files (x86)/cypress/psoc creator/4.2/psoc creator/import/gnu/arm/5.4.1/bin/../lib/gcc/arm-none-eabi/5.4.1/../../../../arm-none-eabi/lib/armv7-m\libg_nano.a(lib_a-memset.o)
                              c:/program files (x86)/cypress/psoc creator/4.2/psoc creator/import/gnu/arm/5.4.1/bin/../lib/gcc/arm-none-eabi/5.4.1/../../../../arm-none-eabi/lib/armv7-m/crt0.o (memset)

Allocating common symbols
Common symbol       size              file

to_console          0x6               .\CortexM3\ARM_GCC_541\Debug\main.o
target_console      0x1               .\CortexM3\ARM_GCC_541\Debug\main.o
from_controller     0x6               .\CortexM3\ARM_GCC_541\Debug\main.o
dieTemperature      0x2               .\CortexM3\ARM_GCC_541\Debug\PSoC_Unicon.a(CyFlash.o)

Discarded input sections

 .text          0x00000000        0x0 c:/program files (x86)/cypress/psoc creator/4.2/psoc creator/import/gnu/arm/5.4.1/bin/../lib/gcc/arm-none-eabi/5.4.1/armv7-m/crti.o
 .data          0x00000000        0x0 c:/program files (x86)/cypress/psoc creator/4.2/psoc creator/import/gnu/arm/5.4.1/bin/../lib/gcc/arm-none-eabi/5.4.1/armv7-m/crti.o
 .bss           0x00000000        0x0 c:/program files (x86)/cypress/psoc creator/4.2/psoc creator/import/gnu/arm/5.4.1/bin/../lib/gcc/arm-none-eabi/5.4.1/armv7-m/crti.o
 .data          0x00000000        0x4 c:/program files (x86)/cypress/psoc creator/4.2/psoc creator/import/gnu/arm/5.4.1/bin/../lib/gcc/arm-none-eabi/5.4.1/armv7-m/crtbegin.o
 .text          0x00000000       0x74 c:/program files (x86)/cypress/psoc creator/4.2/psoc creator/import/gnu/arm/5.4.1/bin/../lib/gcc/arm-none-eabi/5.4.1/../../../../arm-none-eabi/lib/armv7-m/crt0.o
 .data          0x00000000        0x0 c:/program files (x86)/cypress/psoc creator/4.2/psoc creator/import/gnu/arm/5.4.1/bin/../lib/gcc/arm-none-eabi/5.4.1/../../../../arm-none-eabi/lib/armv7-m/crt0.o
 .bss           0x00000000        0x0 c:/program files (x86)/cypress/psoc creator/4.2/psoc creator/import/gnu/arm/5.4.1/bin/../lib/gcc/arm-none-eabi/5.4.1/../../../../arm-none-eabi/lib/armv7-m/crt0.o
 .ARM.extab     0x00000000        0x0 c:/program files (x86)/cypress/psoc creator/4.2/psoc creator/import/gnu/arm/5.4.1/bin/../lib/gcc/arm-none-eabi/5.4.1/../../../../arm-none-eabi/lib/armv7-m/crt0.o
 .ARM.exidx     0x00000000        0x8 c:/program files (x86)/cypress/psoc creator/4.2/psoc creator/import/gnu/arm/5.4.1/bin/../lib/gcc/arm-none-eabi/5.4.1/../../../../arm-none-eabi/lib/armv7-m/crt0.o
 .text          0x00000000        0x0 .\CortexM3\ARM_GCC_541\Debug\main.o
 .data          0x00000000        0x0 .\CortexM3\ARM_GCC_541\Debug\main.o
 .text.n64_init_isr
                0x00000000       0x10 .\CortexM3\ARM_GCC_541\Debug\main.o
 .text.comm_state_isr
                0x00000000       0x18 .\CortexM3\ARM_GCC_541\Debug\main.o
 .text          0x00000000        0x0 .\CortexM3\ARM_GCC_541\Debug\cyfitter_cfg.o
 .data          0x00000000        0x0 .\CortexM3\ARM_GCC_541\Debug\cyfitter_cfg.o
 .bss           0x00000000        0x0 .\CortexM3\ARM_GCC_541\Debug\cyfitter_cfg.o
 .text.SetAnalogRoutingPumps
                0x00000000       0x10 .\CortexM3\ARM_GCC_541\Debug\cyfitter_cfg.o
 .text          0x00000000        0x0 .\CortexM3\ARM_GCC_541\Debug\cymetadata.o
 .data          0x00000000        0x0 .\CortexM3\ARM_GCC_541\Debug\cymetadata.o
 .bss           0x00000000        0x0 .\CortexM3\ARM_GCC_541\Debug\cymetadata.o
 .text          0x00000000        0x0 .\CortexM3\ARM_GCC_541\Debug\Cm3Start.o
 .data          0x00000000        0x4 .\CortexM3\ARM_GCC_541\Debug\Cm3Start.o
 .bss           0x00000000        0x0 .\CortexM3\ARM_GCC_541\Debug\Cm3Start.o
 .text._exit    0x00000000        0xc .\CortexM3\ARM_GCC_541\Debug\Cm3Start.o
 .text._sbrk    0x00000000       0x30 .\CortexM3\ARM_GCC_541\Debug\Cm3Start.o
 .text          0x00000000        0x0 .\CortexM3\ARM_GCC_541\Debug\PSoC_Unicon.a(CyLib.o)
 .bss           0x00000000       0x1c .\CortexM3\ARM_GCC_541\Debug\PSoC_Unicon.a(CyLib.o)
 .text.CyUSB_PowerOnCheck
                0x00000000       0x48 .\CortexM3\ARM_GCC_541\Debug\PSoC_Unicon.a(CyLib.o)
 .text.CyBusClk_Internal_SetDivider
                0x00000000       0x48 .\CortexM3\ARM_GCC_541\Debug\PSoC_Unicon.a(CyLib.o)
 .text.CyPLL_OUT_Stop
                0x00000000       0x10 .\CortexM3\ARM_GCC_541\Debug\PSoC_Unicon.a(CyLib.o)
 .text.CyIMO_Stop
                0x00000000       0x1c .\CortexM3\ARM_GCC_541\Debug\PSoC_Unicon.a(CyLib.o)
 .text.CyIMO_EnableDoubler
                0x00000000       0x10 .\CortexM3\ARM_GCC_541\Debug\PSoC_Unicon.a(CyLib.o)
 .text.CyIMO_DisableDoubler
                0x00000000       0x10 .\CortexM3\ARM_GCC_541\Debug\PSoC_Unicon.a(CyLib.o)
 .text.CyMasterClk_SetSource
                0x00000000       0x18 .\CortexM3\ARM_GCC_541\Debug\PSoC_Unicon.a(CyLib.o)
 .text.CyMasterClk_SetDivider
                0x00000000        0xc .\CortexM3\ARM_GCC_541\Debug\PSoC_Unicon.a(CyLib.o)
 .text.CyBusClk_SetDivider
                0x00000000       0x70 .\CortexM3\ARM_GCC_541\Debug\PSoC_Unicon.a(CyLib.o)
 .text.CyUsbClk_SetSource
                0x00000000       0x18 .\CortexM3\ARM_GCC_541\Debug\PSoC_Unicon.a(CyLib.o)
 .text.CyILO_Start1K
                0x00000000       0x10 .\CortexM3\ARM_GCC_541\Debug\PSoC_Unicon.a(CyLib.o)
 .text.CyILO_Stop1K
                0x00000000       0x10 .\CortexM3\ARM_GCC_541\Debug\PSoC_Unicon.a(CyLib.o)
 .text.CyILO_Start100K
                0x00000000       0x10 .\CortexM3\ARM_GCC_541\Debug\PSoC_Unicon.a(CyLib.o)
 .text.CyILO_Stop100K
                0x00000000       0x10 .\CortexM3\ARM_GCC_541\Debug\PSoC_Unicon.a(CyLib.o)
 .text.CyPLL_OUT_Start
                0x00000000       0x78 .\CortexM3\ARM_GCC_541\Debug\PSoC_Unicon.a(CyLib.o)
 .text.CyIMO_Start
                0x00000000       0x60 .\CortexM3\ARM_GCC_541\Debug\PSoC_Unicon.a(CyLib.o)
 .text.CyILO_Enable33K
                0x00000000       0x10 .\CortexM3\ARM_GCC_541\Debug\PSoC_Unicon.a(CyLib.o)
 .text.CyILO_Disable33K
                0x00000000       0x10 .\CortexM3\ARM_GCC_541\Debug\PSoC_Unicon.a(CyLib.o)
 .text.CyILO_SetSource
                0x00000000       0x18 .\CortexM3\ARM_GCC_541\Debug\PSoC_Unicon.a(CyLib.o)
 .text.CyILO_SetPowerMode
                0x00000000       0x24 .\CortexM3\ARM_GCC_541\Debug\PSoC_Unicon.a(CyLib.o)
 .text.CyXTAL_32KHZ_Stop
                0x00000000       0x30 .\CortexM3\ARM_GCC_541\Debug\PSoC_Unicon.a(CyLib.o)
 .text.CyXTAL_32KHZ_ReadStatus
                0x00000000       0x10 .\CortexM3\ARM_GCC_541\Debug\PSoC_Unicon.a(CyLib.o)
 .text.CyXTAL_Start
                0x00000000       0xac .\CortexM3\ARM_GCC_541\Debug\PSoC_Unicon.a(CyLib.o)
 .text.CyXTAL_Stop
                0x00000000       0x10 .\CortexM3\ARM_GCC_541\Debug\PSoC_Unicon.a(CyLib.o)
 .text.CyXTAL_EnableErrStatus
                0x00000000       0x10 .\CortexM3\ARM_GCC_541\Debug\PSoC_Unicon.a(CyLib.o)
 .text.CyXTAL_DisableErrStatus
                0x00000000       0x10 .\CortexM3\ARM_GCC_541\Debug\PSoC_Unicon.a(CyLib.o)
 .text.CyXTAL_ReadStatus
                0x00000000       0x18 .\CortexM3\ARM_GCC_541\Debug\PSoC_Unicon.a(CyLib.o)
 .text.CyXTAL_EnableFaultRecovery
                0x00000000       0x10 .\CortexM3\ARM_GCC_541\Debug\PSoC_Unicon.a(CyLib.o)
 .text.CyXTAL_DisableFaultRecovery
                0x00000000       0x10 .\CortexM3\ARM_GCC_541\Debug\PSoC_Unicon.a(CyLib.o)
 .text.CyXTAL_SetStartup
                0x00000000       0x18 .\CortexM3\ARM_GCC_541\Debug\PSoC_Unicon.a(CyLib.o)
 .text.CyXTAL_SetFbVoltage
                0x00000000       0x18 .\CortexM3\ARM_GCC_541\Debug\PSoC_Unicon.a(CyLib.o)
 .text.CyXTAL_SetWdVoltage
                0x00000000       0x18 .\CortexM3\ARM_GCC_541\Debug\PSoC_Unicon.a(CyLib.o)
 .text.CyPLL_OUT_SetPQ
                0x00000000       0x60 .\CortexM3\ARM_GCC_541\Debug\PSoC_Unicon.a(CyLib.o)
 .text.CyPLL_OUT_SetSource
                0x00000000       0x34 .\CortexM3\ARM_GCC_541\Debug\PSoC_Unicon.a(CyLib.o)
 .text.CyIMO_SetTrimValue
                0x00000000       0xcc .\CortexM3\ARM_GCC_541\Debug\PSoC_Unicon.a(CyLib.o)
 .text.CyIMO_SetFreq
                0x00000000       0xf4 .\CortexM3\ARM_GCC_541\Debug\PSoC_Unicon.a(CyLib.o)
 .text.CyIMO_SetSource
                0x00000000       0x58 .\CortexM3\ARM_GCC_541\Debug\PSoC_Unicon.a(CyLib.o)
 .text.CySoftwareReset
                0x00000000       0x10 .\CortexM3\ARM_GCC_541\Debug\PSoC_Unicon.a(CyLib.o)
 .text.CyXTAL_32KHZ_SetPowerMode
                0x00000000       0x84 .\CortexM3\ARM_GCC_541\Debug\PSoC_Unicon.a(CyLib.o)
 .text.CyXTAL_32KHZ_Start
                0x00000000       0x74 .\CortexM3\ARM_GCC_541\Debug\PSoC_Unicon.a(CyLib.o)
 .text.CyDelayFreq
                0x00000000       0x4c .\CortexM3\ARM_GCC_541\Debug\PSoC_Unicon.a(CyLib.o)
 .text.CyWdtStart
                0x00000000       0x40 .\CortexM3\ARM_GCC_541\Debug\PSoC_Unicon.a(CyLib.o)
 .text.CyWdtClear
                0x00000000        0xc .\CortexM3\ARM_GCC_541\Debug\PSoC_Unicon.a(CyLib.o)
 .text.CyVdStickyStatus
                0x00000000       0x2c .\CortexM3\ARM_GCC_541\Debug\PSoC_Unicon.a(CyLib.o)
 .text.CyVdLvDigitEnable
                0x00000000       0x84 .\CortexM3\ARM_GCC_541\Debug\PSoC_Unicon.a(CyLib.o)
 .text.CyVdLvAnalogEnable
                0x00000000       0x80 .\CortexM3\ARM_GCC_541\Debug\PSoC_Unicon.a(CyLib.o)
 .text.CyVdLvDigitDisable
                0x00000000       0x30 .\CortexM3\ARM_GCC_541\Debug\PSoC_Unicon.a(CyLib.o)
 .text.CyVdLvAnalogDisable
                0x00000000       0x28 .\CortexM3\ARM_GCC_541\Debug\PSoC_Unicon.a(CyLib.o)
 .text.CyVdHvAnalogEnable
                0x00000000       0x54 .\CortexM3\ARM_GCC_541\Debug\PSoC_Unicon.a(CyLib.o)
 .text.CyVdHvAnalogDisable
                0x00000000       0x20 .\CortexM3\ARM_GCC_541\Debug\PSoC_Unicon.a(CyLib.o)
 .text.CyVdRealTimeStatus
                0x00000000       0x1c .\CortexM3\ARM_GCC_541\Debug\PSoC_Unicon.a(CyLib.o)
 .text.CyDisableInts
                0x00000000       0x1c .\CortexM3\ARM_GCC_541\Debug\PSoC_Unicon.a(CyLib.o)
 .text.CyEnableInts
                0x00000000       0x18 .\CortexM3\ARM_GCC_541\Debug\PSoC_Unicon.a(CyLib.o)
 .text.CyFlushCache
                0x00000000       0x44 .\CortexM3\ARM_GCC_541\Debug\PSoC_Unicon.a(CyLib.o)
 .text.CyIntSetSysVector
                0x00000000       0x28 .\CortexM3\ARM_GCC_541\Debug\PSoC_Unicon.a(CyLib.o)
 .text.CyIntGetSysVector
                0x00000000       0x20 .\CortexM3\ARM_GCC_541\Debug\PSoC_Unicon.a(CyLib.o)
 .text.CyIntSetVector
                0x00000000       0x28 .\CortexM3\ARM_GCC_541\Debug\PSoC_Unicon.a(CyLib.o)
 .text.CyIntGetVector
                0x00000000       0x24 .\CortexM3\ARM_GCC_541\Debug\PSoC_Unicon.a(CyLib.o)
 .text.CyIntSetPriority
                0x00000000       0x30 .\CortexM3\ARM_GCC_541\Debug\PSoC_Unicon.a(CyLib.o)
 .text.CyIntGetPriority
                0x00000000       0x20 .\CortexM3\ARM_GCC_541\Debug\PSoC_Unicon.a(CyLib.o)
 .text.CyIntGetState
                0x00000000       0x24 .\CortexM3\ARM_GCC_541\Debug\PSoC_Unicon.a(CyLib.o)
 .text.CySysTickStop
                0x00000000       0x10 .\CortexM3\ARM_GCC_541\Debug\PSoC_Unicon.a(CyLib.o)
 .text.CySysTickEnableInterrupt
                0x00000000       0x10 .\CortexM3\ARM_GCC_541\Debug\PSoC_Unicon.a(CyLib.o)
 .text.CySysTickEnable
                0x00000000       0x18 .\CortexM3\ARM_GCC_541\Debug\PSoC_Unicon.a(CyLib.o)
 .text.CySysTickDisableInterrupt
                0x00000000       0x10 .\CortexM3\ARM_GCC_541\Debug\PSoC_Unicon.a(CyLib.o)
 .text.CySysTickSetReload
                0x00000000       0x10 .\CortexM3\ARM_GCC_541\Debug\PSoC_Unicon.a(CyLib.o)
 .text.CySysTickGetReload
                0x00000000       0x10 .\CortexM3\ARM_GCC_541\Debug\PSoC_Unicon.a(CyLib.o)
 .text.CySysTickGetValue
                0x00000000       0x10 .\CortexM3\ARM_GCC_541\Debug\PSoC_Unicon.a(CyLib.o)
 .text.CySysTickSetClockSource
                0x00000000       0x20 .\CortexM3\ARM_GCC_541\Debug\PSoC_Unicon.a(CyLib.o)
 .text.CySysTickGetClockSource
                0x00000000       0x10 .\CortexM3\ARM_GCC_541\Debug\PSoC_Unicon.a(CyLib.o)
 .text.CySysTickGetCountFlag
                0x00000000       0x10 .\CortexM3\ARM_GCC_541\Debug\PSoC_Unicon.a(CyLib.o)
 .text.CySysTickServiceCallbacks
                0x00000000       0x28 .\CortexM3\ARM_GCC_541\Debug\PSoC_Unicon.a(CyLib.o)
 .text.CySysTickClear
                0x00000000        0xc .\CortexM3\ARM_GCC_541\Debug\PSoC_Unicon.a(CyLib.o)
 .text.CySysTickInit
                0x00000000       0x58 .\CortexM3\ARM_GCC_541\Debug\PSoC_Unicon.a(CyLib.o)
 .text.CySysTickStart
                0x00000000       0x1c .\CortexM3\ARM_GCC_541\Debug\PSoC_Unicon.a(CyLib.o)
 .text.CySysTickSetCallback
                0x00000000       0x10 .\CortexM3\ARM_GCC_541\Debug\PSoC_Unicon.a(CyLib.o)
 .text.CySysTickGetCallback
                0x00000000       0x10 .\CortexM3\ARM_GCC_541\Debug\PSoC_Unicon.a(CyLib.o)
 .text.CyGetUniqueId
                0x00000000       0x70 .\CortexM3\ARM_GCC_541\Debug\PSoC_Unicon.a(CyLib.o)
 .text          0x00000000        0x0 .\CortexM3\ARM_GCC_541\Debug\PSoC_Unicon.a(cyPm.o)
 .data          0x00000000        0x0 .\CortexM3\ARM_GCC_541\Debug\PSoC_Unicon.a(cyPm.o)
 .bss           0x00000000       0x43 .\CortexM3\ARM_GCC_541\Debug\PSoC_Unicon.a(cyPm.o)
 .text.CyPmHibSlpSaveSet
                0x00000000      0x1dc .\CortexM3\ARM_GCC_541\Debug\PSoC_Unicon.a(cyPm.o)
 .text.CyPmHibSlpRestore
                0x00000000       0xd8 .\CortexM3\ARM_GCC_541\Debug\PSoC_Unicon.a(cyPm.o)
 .text.CyPmHviLviSaveDisable
                0x00000000       0xa0 .\CortexM3\ARM_GCC_541\Debug\PSoC_Unicon.a(cyPm.o)
 .text.CyPmHibSaveSet
                0x00000000       0x98 .\CortexM3\ARM_GCC_541\Debug\PSoC_Unicon.a(cyPm.o)
 .text.CyPmHviLviRestore
                0x00000000       0x48 .\CortexM3\ARM_GCC_541\Debug\PSoC_Unicon.a(cyPm.o)
 .text.CyPmHibRestore
                0x00000000       0x60 .\CortexM3\ARM_GCC_541\Debug\PSoC_Unicon.a(cyPm.o)
 .text.CyPmSaveClocks
                0x00000000      0x218 .\CortexM3\ARM_GCC_541\Debug\PSoC_Unicon.a(cyPm.o)
 .text.CyPmRestoreClocks
                0x00000000      0x24c .\CortexM3\ARM_GCC_541\Debug\PSoC_Unicon.a(cyPm.o)
 .text.CyPmAltAct
                0x00000000       0x6c .\CortexM3\ARM_GCC_541\Debug\PSoC_Unicon.a(cyPm.o)
 .text.CyPmSleep
                0x00000000       0xf4 .\CortexM3\ARM_GCC_541\Debug\PSoC_Unicon.a(cyPm.o)
 .text.CyPmHibernateEx
                0x00000000       0xf4 .\CortexM3\ARM_GCC_541\Debug\PSoC_Unicon.a(cyPm.o)
 .text.CyPmHibernate
                0x00000000        0xc .\CortexM3\ARM_GCC_541\Debug\PSoC_Unicon.a(cyPm.o)
 .text.CyPmReadStatus
                0x00000000       0x30 .\CortexM3\ARM_GCC_541\Debug\PSoC_Unicon.a(cyPm.o)
 .text.CyPmCtwSetInterval
                0x00000000       0x5c .\CortexM3\ARM_GCC_541\Debug\PSoC_Unicon.a(cyPm.o)
 .text.CyPmOppsSet
                0x00000000       0x2c .\CortexM3\ARM_GCC_541\Debug\PSoC_Unicon.a(cyPm.o)
 .text.CyPmFtwSetInterval
                0x00000000       0x5c .\CortexM3\ARM_GCC_541\Debug\PSoC_Unicon.a(cyPm.o)
 .rodata        0x00000000        0xf .\CortexM3\ARM_GCC_541\Debug\PSoC_Unicon.a(cyPm.o)
 .text          0x00000000        0x0 .\CortexM3\ARM_GCC_541\Debug\PSoC_Unicon.a(UART.o)
 .data          0x00000000        0x0 .\CortexM3\ARM_GCC_541\Debug\PSoC_Unicon.a(UART.o)
 .text.UART_Stop
                0x00000000       0x3c .\CortexM3\ARM_GCC_541\Debug\PSoC_Unicon.a(UART.o)
 .text.UART_ReadControlRegister
                0x00000000        0x4 .\CortexM3\ARM_GCC_541\Debug\PSoC_Unicon.a(UART.o)
 .text.UART_WriteControlRegister
                0x00000000        0x4 .\CortexM3\ARM_GCC_541\Debug\PSoC_Unicon.a(UART.o)
 .text.UART_SetRxInterruptMode
                0x00000000        0xc .\CortexM3\ARM_GCC_541\Debug\PSoC_Unicon.a(UART.o)
 .text.UART_ReadRxStatus
                0x00000000       0x10 .\CortexM3\ARM_GCC_541\Debug\PSoC_Unicon.a(UART.o)
 .text.UART_GetChar
                0x00000000       0x2c .\CortexM3\ARM_GCC_541\Debug\PSoC_Unicon.a(UART.o)
 .text.UART_GetByte
                0x00000000       0x14 .\CortexM3\ARM_GCC_541\Debug\PSoC_Unicon.a(UART.o)
 .text.UART_GetRxBufferSize
                0x00000000       0x18 .\CortexM3\ARM_GCC_541\Debug\PSoC_Unicon.a(UART.o)
 .text.UART_SetRxAddressMode
                0x00000000        0x4 .\CortexM3\ARM_GCC_541\Debug\PSoC_Unicon.a(UART.o)
 .text.UART_SetRxAddress1
                0x00000000        0xc .\CortexM3\ARM_GCC_541\Debug\PSoC_Unicon.a(UART.o)
 .text.UART_SetRxAddress2
                0x00000000        0xc .\CortexM3\ARM_GCC_541\Debug\PSoC_Unicon.a(UART.o)
 .text.UART_SetTxInterruptMode
                0x00000000        0xc .\CortexM3\ARM_GCC_541\Debug\PSoC_Unicon.a(UART.o)
 .text.UART_WriteTxData
                0x00000000       0x14 .\CortexM3\ARM_GCC_541\Debug\PSoC_Unicon.a(UART.o)
 .text.UART_ReadTxStatus
                0x00000000        0xc .\CortexM3\ARM_GCC_541\Debug\PSoC_Unicon.a(UART.o)
 .text.UART_PutChar
                0x00000000       0x18 .\CortexM3\ARM_GCC_541\Debug\PSoC_Unicon.a(UART.o)
 .text.UART_PutString
                0x00000000       0x24 .\CortexM3\ARM_GCC_541\Debug\PSoC_Unicon.a(UART.o)
 .text.UART_PutArray
                0x00000000       0x28 .\CortexM3\ARM_GCC_541\Debug\PSoC_Unicon.a(UART.o)
 .text.UART_PutCRLF
                0x00000000       0x20 .\CortexM3\ARM_GCC_541\Debug\PSoC_Unicon.a(UART.o)
 .text.UART_GetTxBufferSize
                0x00000000       0x24 .\CortexM3\ARM_GCC_541\Debug\PSoC_Unicon.a(UART.o)
 .text.UART_ClearTxBuffer
                0x00000000       0x24 .\CortexM3\ARM_GCC_541\Debug\PSoC_Unicon.a(UART.o)
 .text.UART_SendBreak
                0x00000000       0x58 .\CortexM3\ARM_GCC_541\Debug\PSoC_Unicon.a(UART.o)
 .text.UART_SetTxAddressMode
                0x00000000        0x4 .\CortexM3\ARM_GCC_541\Debug\PSoC_Unicon.a(UART.o)
 .text          0x00000000        0x0 .\CortexM3\ARM_GCC_541\Debug\PSoC_Unicon.a(UART_IntClock.o)
 .data          0x00000000        0x0 .\CortexM3\ARM_GCC_541\Debug\PSoC_Unicon.a(UART_IntClock.o)
 .bss           0x00000000        0x0 .\CortexM3\ARM_GCC_541\Debug\PSoC_Unicon.a(UART_IntClock.o)
 .text.UART_IntClock_Stop
                0x00000000       0x1c .\CortexM3\ARM_GCC_541\Debug\PSoC_Unicon.a(UART_IntClock.o)
 .text.UART_IntClock_StopBlock
                0x00000000       0x6c .\CortexM3\ARM_GCC_541\Debug\PSoC_Unicon.a(UART_IntClock.o)
 .text.UART_IntClock_StandbyPower
                0x00000000       0x20 .\CortexM3\ARM_GCC_541\Debug\PSoC_Unicon.a(UART_IntClock.o)
 .text.UART_IntClock_GetDividerRegister
                0x00000000        0xc .\CortexM3\ARM_GCC_541\Debug\PSoC_Unicon.a(UART_IntClock.o)
 .text.UART_IntClock_SetModeRegister
                0x00000000       0x14 .\CortexM3\ARM_GCC_541\Debug\PSoC_Unicon.a(UART_IntClock.o)
 .text.UART_IntClock_ClearModeRegister
                0x00000000       0x18 .\CortexM3\ARM_GCC_541\Debug\PSoC_Unicon.a(UART_IntClock.o)
 .text.UART_IntClock_GetModeRegister
                0x00000000       0x10 .\CortexM3\ARM_GCC_541\Debug\PSoC_Unicon.a(UART_IntClock.o)
 .text.UART_IntClock_GetSourceRegister
                0x00000000       0x10 .\CortexM3\ARM_GCC_541\Debug\PSoC_Unicon.a(UART_IntClock.o)
 .text.UART_IntClock_SetDividerRegister
                0x00000000       0xdc .\CortexM3\ARM_GCC_541\Debug\PSoC_Unicon.a(UART_IntClock.o)
 .text.UART_IntClock_SetSourceRegister
                0x00000000       0x5c .\CortexM3\ARM_GCC_541\Debug\PSoC_Unicon.a(UART_IntClock.o)
 .text          0x00000000        0x0 .\CortexM3\ARM_GCC_541\Debug\PSoC_Unicon.a(LCD.o)
 .data          0x00000000        0x0 .\CortexM3\ARM_GCC_541\Debug\PSoC_Unicon.a(LCD.o)
 .text.LCD_PrintString
                0x00000000       0x1c .\CortexM3\ARM_GCC_541\Debug\PSoC_Unicon.a(LCD.o)
 .text.LCD_Stop
                0x00000000       0x14 .\CortexM3\ARM_GCC_541\Debug\PSoC_Unicon.a(LCD.o)
 .text.LCD_Position
                0x00000000       0x3c .\CortexM3\ARM_GCC_541\Debug\PSoC_Unicon.a(LCD.o)
 .text.LCD_PrintInt8
                0x00000000       0x20 .\CortexM3\ARM_GCC_541\Debug\PSoC_Unicon.a(LCD.o)
 .text.LCD_PrintInt16
                0x00000000       0x14 .\CortexM3\ARM_GCC_541\Debug\PSoC_Unicon.a(LCD.o)
 .text.LCD_PrintInt32
                0x00000000       0x1c .\CortexM3\ARM_GCC_541\Debug\PSoC_Unicon.a(LCD.o)
 .text.LCD_PrintU32Number
                0x00000000       0x64 .\CortexM3\ARM_GCC_541\Debug\PSoC_Unicon.a(LCD.o)
 .rodata        0x00000000       0x10 .\CortexM3\ARM_GCC_541\Debug\PSoC_Unicon.a(LCD.o)
 .text          0x00000000        0x0 .\CortexM3\ARM_GCC_541\Debug\PSoC_Unicon.a(n64_ShiftReg_commack.o)
 .data          0x00000000        0x0 .\CortexM3\ARM_GCC_541\Debug\PSoC_Unicon.a(n64_ShiftReg_commack.o)
 .text.n64_ShiftReg_commack_DisableInt
                0x00000000       0x1c .\CortexM3\ARM_GCC_541\Debug\PSoC_Unicon.a(n64_ShiftReg_commack.o)
 .text.n64_ShiftReg_commack_Stop
                0x00000000       0x18 .\CortexM3\ARM_GCC_541\Debug\PSoC_Unicon.a(n64_ShiftReg_commack.o)
 .text.n64_ShiftReg_commack_GetFIFOStatus
                0x00000000       0x48 .\CortexM3\ARM_GCC_541\Debug\PSoC_Unicon.a(n64_ShiftReg_commack.o)
 .text.n64_ShiftReg_commack_GetIntStatus
                0x00000000       0x10 .\CortexM3\ARM_GCC_541\Debug\PSoC_Unicon.a(n64_ShiftReg_commack.o)
 .text.n64_ShiftReg_commack_WriteData
                0x00000000       0x1c .\CortexM3\ARM_GCC_541\Debug\PSoC_Unicon.a(n64_ShiftReg_commack.o)
 .text.n64_ShiftReg_commack_ReadRegValue
                0x00000000       0x24 .\CortexM3\ARM_GCC_541\Debug\PSoC_Unicon.a(n64_ShiftReg_commack.o)
 .text          0x00000000        0x0 .\CortexM3\ARM_GCC_541\Debug\PSoC_Unicon.a(n64_ShiftReg_buttonstate.o)
 .data          0x00000000        0x0 .\CortexM3\ARM_GCC_541\Debug\PSoC_Unicon.a(n64_ShiftReg_buttonstate.o)
 .text.n64_ShiftReg_buttonstate_DisableInt
                0x00000000       0x1c .\CortexM3\ARM_GCC_541\Debug\PSoC_Unicon.a(n64_ShiftReg_buttonstate.o)
 .text.n64_ShiftReg_buttonstate_Stop
                0x00000000       0x18 .\CortexM3\ARM_GCC_541\Debug\PSoC_Unicon.a(n64_ShiftReg_buttonstate.o)
 .text.n64_ShiftReg_buttonstate_GetFIFOStatus
                0x00000000       0x48 .\CortexM3\ARM_GCC_541\Debug\PSoC_Unicon.a(n64_ShiftReg_buttonstate.o)
 .text.n64_ShiftReg_buttonstate_GetIntStatus
                0x00000000       0x10 .\CortexM3\ARM_GCC_541\Debug\PSoC_Unicon.a(n64_ShiftReg_buttonstate.o)
 .text.n64_ShiftReg_buttonstate_WriteRegValue
                0x00000000        0xc .\CortexM3\ARM_GCC_541\Debug\PSoC_Unicon.a(n64_ShiftReg_buttonstate.o)
 .text.n64_ShiftReg_buttonstate_WriteData
                0x00000000       0x1c .\CortexM3\ARM_GCC_541\Debug\PSoC_Unicon.a(n64_ShiftReg_buttonstate.o)
 .text.n64_ShiftReg_buttonstate_ReadRegValue
                0x00000000       0x24 .\CortexM3\ARM_GCC_541\Debug\PSoC_Unicon.a(n64_ShiftReg_buttonstate.o)
 .text          0x00000000        0x0 .\CortexM3\ARM_GCC_541\Debug\PSoC_Unicon.a(n64_one_bit.o)
 .data          0x00000000        0x0 .\CortexM3\ARM_GCC_541\Debug\PSoC_Unicon.a(n64_one_bit.o)
 .text.n64_one_bit_DisableInt
                0x00000000       0x1c .\CortexM3\ARM_GCC_541\Debug\PSoC_Unicon.a(n64_one_bit.o)
 .text.n64_one_bit_Stop
                0x00000000       0x18 .\CortexM3\ARM_GCC_541\Debug\PSoC_Unicon.a(n64_one_bit.o)
 .text.n64_one_bit_GetFIFOStatus
                0x00000000       0x28 .\CortexM3\ARM_GCC_541\Debug\PSoC_Unicon.a(n64_one_bit.o)
 .text.n64_one_bit_GetIntStatus
                0x00000000       0x10 .\CortexM3\ARM_GCC_541\Debug\PSoC_Unicon.a(n64_one_bit.o)
 .text.n64_one_bit_ReadRegValue
                0x00000000       0x28 .\CortexM3\ARM_GCC_541\Debug\PSoC_Unicon.a(n64_one_bit.o)
 .text          0x00000000        0x0 .\CortexM3\ARM_GCC_541\Debug\PSoC_Unicon.a(n64_zero_bit.o)
 .data          0x00000000        0x0 .\CortexM3\ARM_GCC_541\Debug\PSoC_Unicon.a(n64_zero_bit.o)
 .text.n64_zero_bit_DisableInt
                0x00000000       0x1c .\CortexM3\ARM_GCC_541\Debug\PSoC_Unicon.a(n64_zero_bit.o)
 .text.n64_zero_bit_Stop
                0x00000000       0x18 .\CortexM3\ARM_GCC_541\Debug\PSoC_Unicon.a(n64_zero_bit.o)
 .text.n64_zero_bit_GetFIFOStatus
                0x00000000       0x28 .\CortexM3\ARM_GCC_541\Debug\PSoC_Unicon.a(n64_zero_bit.o)
 .text.n64_zero_bit_GetIntStatus
                0x00000000       0x10 .\CortexM3\ARM_GCC_541\Debug\PSoC_Unicon.a(n64_zero_bit.o)
 .text.n64_zero_bit_ReadRegValue
                0x00000000       0x28 .\CortexM3\ARM_GCC_541\Debug\PSoC_Unicon.a(n64_zero_bit.o)
 .text          0x00000000        0x0 .\CortexM3\ARM_GCC_541\Debug\PSoC_Unicon.a(count_time_to_transmit.o)
 .data          0x00000000        0x0 .\CortexM3\ARM_GCC_541\Debug\PSoC_Unicon.a(count_time_to_transmit.o)
 .text.count_time_to_transmit_Stop
                0x00000000       0x28 .\CortexM3\ARM_GCC_541\Debug\PSoC_Unicon.a(count_time_to_transmit.o)
 .text.count_time_to_transmit_ReadStatusRegister
                0x00000000        0xc .\CortexM3\ARM_GCC_541\Debug\PSoC_Unicon.a(count_time_to_transmit.o)
 .text.count_time_to_transmit_ReadControlRegister
                0x00000000        0xc .\CortexM3\ARM_GCC_541\Debug\PSoC_Unicon.a(count_time_to_transmit.o)
 .text.count_time_to_transmit_WriteControlRegister
                0x00000000        0xc .\CortexM3\ARM_GCC_541\Debug\PSoC_Unicon.a(count_time_to_transmit.o)
 .text.count_time_to_transmit_ReadCounter
                0x00000000       0x14 .\CortexM3\ARM_GCC_541\Debug\PSoC_Unicon.a(count_time_to_transmit.o)
 .text.count_time_to_transmit_ReadCapture
                0x00000000        0xc .\CortexM3\ARM_GCC_541\Debug\PSoC_Unicon.a(count_time_to_transmit.o)
 .text.count_time_to_transmit_ReadPeriod
                0x00000000        0xc .\CortexM3\ARM_GCC_541\Debug\PSoC_Unicon.a(count_time_to_transmit.o)
 .text          0x00000000        0x0 .\CortexM3\ARM_GCC_541\Debug\PSoC_Unicon.a(Timer_1.o)
 .data          0x00000000        0x0 .\CortexM3\ARM_GCC_541\Debug\PSoC_Unicon.a(Timer_1.o)
 .bss           0x00000000        0x1 .\CortexM3\ARM_GCC_541\Debug\PSoC_Unicon.a(Timer_1.o)
 .text.Timer_1_Enable
                0x00000000       0x28 .\CortexM3\ARM_GCC_541\Debug\PSoC_Unicon.a(Timer_1.o)
 .text.Timer_1_Stop
                0x00000000       0x28 .\CortexM3\ARM_GCC_541\Debug\PSoC_Unicon.a(Timer_1.o)
 .text.Timer_1_SetInterruptMode
                0x00000000        0xc .\CortexM3\ARM_GCC_541\Debug\PSoC_Unicon.a(Timer_1.o)
 .text.Timer_1_SoftwareCapture
                0x00000000        0xc .\CortexM3\ARM_GCC_541\Debug\PSoC_Unicon.a(Timer_1.o)
 .text.Timer_1_ReadStatusRegister
                0x00000000        0xc .\CortexM3\ARM_GCC_541\Debug\PSoC_Unicon.a(Timer_1.o)
 .text.Timer_1_ReadControlRegister
                0x00000000        0xc .\CortexM3\ARM_GCC_541\Debug\PSoC_Unicon.a(Timer_1.o)
 .text.Timer_1_WriteControlRegister
                0x00000000        0xc .\CortexM3\ARM_GCC_541\Debug\PSoC_Unicon.a(Timer_1.o)
 .text.Timer_1_ReadPeriod
                0x00000000        0xc .\CortexM3\ARM_GCC_541\Debug\PSoC_Unicon.a(Timer_1.o)
 .text.Timer_1_WritePeriod
                0x00000000        0xc .\CortexM3\ARM_GCC_541\Debug\PSoC_Unicon.a(Timer_1.o)
 .text.Timer_1_ReadCapture
                0x00000000        0xc .\CortexM3\ARM_GCC_541\Debug\PSoC_Unicon.a(Timer_1.o)
 .text.Timer_1_WriteCounter
                0x00000000        0xc .\CortexM3\ARM_GCC_541\Debug\PSoC_Unicon.a(Timer_1.o)
 .text.Timer_1_Init
                0x00000000       0x94 .\CortexM3\ARM_GCC_541\Debug\PSoC_Unicon.a(Timer_1.o)
 .text.Timer_1_Start
                0x00000000       0x1c .\CortexM3\ARM_GCC_541\Debug\PSoC_Unicon.a(Timer_1.o)
 .text.Timer_1_ReadCounter
                0x00000000       0x14 .\CortexM3\ARM_GCC_541\Debug\PSoC_Unicon.a(Timer_1.o)
 .text          0x00000000        0x0 .\CortexM3\ARM_GCC_541\Debug\PSoC_Unicon.a(uart_rx_int.o)
 .data          0x00000000        0x0 .\CortexM3\ARM_GCC_541\Debug\PSoC_Unicon.a(uart_rx_int.o)
 .bss           0x00000000        0x0 .\CortexM3\ARM_GCC_541\Debug\PSoC_Unicon.a(uart_rx_int.o)
 .text.uart_rx_int_Interrupt
                0x00000000        0x4 .\CortexM3\ARM_GCC_541\Debug\PSoC_Unicon.a(uart_rx_int.o)
 .text.uart_rx_int_GetVector
                0x00000000        0xc .\CortexM3\ARM_GCC_541\Debug\PSoC_Unicon.a(uart_rx_int.o)
 .text.uart_rx_int_GetPriority
                0x00000000        0xc .\CortexM3\ARM_GCC_541\Debug\PSoC_Unicon.a(uart_rx_int.o)
 .text.uart_rx_int_GetState
                0x00000000       0x18 .\CortexM3\ARM_GCC_541\Debug\PSoC_Unicon.a(uart_rx_int.o)
 .text.uart_rx_int_Start
                0x00000000       0x1c .\CortexM3\ARM_GCC_541\Debug\PSoC_Unicon.a(uart_rx_int.o)
 .text.uart_rx_int_Stop
                0x00000000       0x14 .\CortexM3\ARM_GCC_541\Debug\PSoC_Unicon.a(uart_rx_int.o)
 .text.uart_rx_int_SetPending
                0x00000000        0xc .\CortexM3\ARM_GCC_541\Debug\PSoC_Unicon.a(uart_rx_int.o)
 .text.uart_rx_int_ClearPending
                0x00000000        0xc .\CortexM3\ARM_GCC_541\Debug\PSoC_Unicon.a(uart_rx_int.o)
 .text          0x00000000        0x0 .\CortexM3\ARM_GCC_541\Debug\PSoC_Unicon.a(Timer_2.o)
 .data          0x00000000        0x0 .\CortexM3\ARM_GCC_541\Debug\PSoC_Unicon.a(Timer_2.o)
 .bss           0x00000000        0x1 .\CortexM3\ARM_GCC_541\Debug\PSoC_Unicon.a(Timer_2.o)
 .text.Timer_2_Enable
                0x00000000       0x28 .\CortexM3\ARM_GCC_541\Debug\PSoC_Unicon.a(Timer_2.o)
 .text.Timer_2_Stop
                0x00000000       0x28 .\CortexM3\ARM_GCC_541\Debug\PSoC_Unicon.a(Timer_2.o)
 .text.Timer_2_SetInterruptMode
                0x00000000        0xc .\CortexM3\ARM_GCC_541\Debug\PSoC_Unicon.a(Timer_2.o)
 .text.Timer_2_SoftwareCapture
                0x00000000        0xc .\CortexM3\ARM_GCC_541\Debug\PSoC_Unicon.a(Timer_2.o)
 .text.Timer_2_ReadStatusRegister
                0x00000000        0xc .\CortexM3\ARM_GCC_541\Debug\PSoC_Unicon.a(Timer_2.o)
 .text.Timer_2_ReadControlRegister
                0x00000000        0xc .\CortexM3\ARM_GCC_541\Debug\PSoC_Unicon.a(Timer_2.o)
 .text.Timer_2_WriteControlRegister
                0x00000000        0xc .\CortexM3\ARM_GCC_541\Debug\PSoC_Unicon.a(Timer_2.o)
 .text.Timer_2_ReadPeriod
                0x00000000        0xc .\CortexM3\ARM_GCC_541\Debug\PSoC_Unicon.a(Timer_2.o)
 .text.Timer_2_WritePeriod
                0x00000000        0xc .\CortexM3\ARM_GCC_541\Debug\PSoC_Unicon.a(Timer_2.o)
 .text.Timer_2_ReadCapture
                0x00000000        0xc .\CortexM3\ARM_GCC_541\Debug\PSoC_Unicon.a(Timer_2.o)
 .text.Timer_2_WriteCounter
                0x00000000        0xc .\CortexM3\ARM_GCC_541\Debug\PSoC_Unicon.a(Timer_2.o)
 .text.Timer_2_Init
                0x00000000       0x90 .\CortexM3\ARM_GCC_541\Debug\PSoC_Unicon.a(Timer_2.o)
 .text.Timer_2_Start
                0x00000000       0x1c .\CortexM3\ARM_GCC_541\Debug\PSoC_Unicon.a(Timer_2.o)
 .text.Timer_2_ReadCounter
                0x00000000       0x14 .\CortexM3\ARM_GCC_541\Debug\PSoC_Unicon.a(Timer_2.o)
 .data          0x00000000        0x0 .\CortexM3\ARM_GCC_541\Debug\PSoC_Unicon.a(CyBootAsmGnu.o)
 .bss           0x00000000        0x0 .\CortexM3\ARM_GCC_541\Debug\PSoC_Unicon.a(CyBootAsmGnu.o)
 .text          0x00000000        0x0 .\CortexM3\ARM_GCC_541\Debug\PSoC_Unicon.a(CyFlash.o)
 .data          0x00000000        0x0 .\CortexM3\ARM_GCC_541\Debug\PSoC_Unicon.a(CyFlash.o)
 .bss           0x00000000        0x0 .\CortexM3\ARM_GCC_541\Debug\PSoC_Unicon.a(CyFlash.o)
 .text.CySetTempInt
                0x00000000       0x60 .\CortexM3\ARM_GCC_541\Debug\PSoC_Unicon.a(CyFlash.o)
 .text.CyFlash_Start
                0x00000000       0x54 .\CortexM3\ARM_GCC_541\Debug\PSoC_Unicon.a(CyFlash.o)
 .text.CyFlash_Stop
                0x00000000       0x24 .\CortexM3\ARM_GCC_541\Debug\PSoC_Unicon.a(CyFlash.o)
 .text.CyFlash_EraseRow
                0x00000000       0x78 .\CortexM3\ARM_GCC_541\Debug\PSoC_Unicon.a(CyFlash.o)
 .text.CyFlashGetSpcAlgorithm
                0x00000000       0x4c .\CortexM3\ARM_GCC_541\Debug\PSoC_Unicon.a(CyFlash.o)
 .text.CySetTemp
                0x00000000       0x14 .\CortexM3\ARM_GCC_541\Debug\PSoC_Unicon.a(CyFlash.o)
 .text.CySetFlashEEBuffer
                0x00000000       0x20 .\CortexM3\ARM_GCC_541\Debug\PSoC_Unicon.a(CyFlash.o)
 .text.CyWriteRowFull
                0x00000000       0xf8 .\CortexM3\ARM_GCC_541\Debug\PSoC_Unicon.a(CyFlash.o)
 .text.CyWriteRowData
                0x00000000       0x14 .\CortexM3\ARM_GCC_541\Debug\PSoC_Unicon.a(CyFlash.o)
 .text.CyFlash_SetWaitCycles
                0x00000000       0x7c .\CortexM3\ARM_GCC_541\Debug\PSoC_Unicon.a(CyFlash.o)
 .text.CyEEPROM_Start
                0x00000000       0x54 .\CortexM3\ARM_GCC_541\Debug\PSoC_Unicon.a(CyFlash.o)
 .text.CyEEPROM_Stop
                0x00000000       0x24 .\CortexM3\ARM_GCC_541\Debug\PSoC_Unicon.a(CyFlash.o)
 .text.CyEEPROM_ReadReserve
                0x00000000       0x1c .\CortexM3\ARM_GCC_541\Debug\PSoC_Unicon.a(CyFlash.o)
 .text.CyEEPROM_ReadRelease
                0x00000000       0x10 .\CortexM3\ARM_GCC_541\Debug\PSoC_Unicon.a(CyFlash.o)
 COMMON         0x00000000        0x2 .\CortexM3\ARM_GCC_541\Debug\PSoC_Unicon.a(CyFlash.o)
 .text          0x00000000        0x0 .\CortexM3\ARM_GCC_541\Debug\PSoC_Unicon.a(CySpc.o)
 .data          0x00000000        0x0 .\CortexM3\ARM_GCC_541\Debug\PSoC_Unicon.a(CySpc.o)
 .bss           0x00000000        0x8 .\CortexM3\ARM_GCC_541\Debug\PSoC_Unicon.a(CySpc.o)
 .text.CySpcStart
                0x00000000       0x24 .\CortexM3\ARM_GCC_541\Debug\PSoC_Unicon.a(CySpc.o)
 .text.CySpcStop
                0x00000000       0x24 .\CortexM3\ARM_GCC_541\Debug\PSoC_Unicon.a(CySpc.o)
 .text.CySpcReadData
                0x00000000       0x34 .\CortexM3\ARM_GCC_541\Debug\PSoC_Unicon.a(CySpc.o)
 .text.CySpcLoadMultiByte
                0x00000000       0x78 .\CortexM3\ARM_GCC_541\Debug\PSoC_Unicon.a(CySpc.o)
 .text.CySpcLoadRow
                0x00000000       0x50 .\CortexM3\ARM_GCC_541\Debug\PSoC_Unicon.a(CySpc.o)
 .text.CySpcLoadRowFull
                0x00000000       0x80 .\CortexM3\ARM_GCC_541\Debug\PSoC_Unicon.a(CySpc.o)
 .text.CySpcWriteRow
                0x00000000       0x4c .\CortexM3\ARM_GCC_541\Debug\PSoC_Unicon.a(CySpc.o)
 .text.CySpcEraseSector
                0x00000000       0x3c .\CortexM3\ARM_GCC_541\Debug\PSoC_Unicon.a(CySpc.o)
 .text.CySpcEraseRow
                0x00000000       0x4c .\CortexM3\ARM_GCC_541\Debug\PSoC_Unicon.a(CySpc.o)
 .text.CySpcGetTemp
                0x00000000       0x3c .\CortexM3\ARM_GCC_541\Debug\PSoC_Unicon.a(CySpc.o)
 .text.CySpcLock
                0x00000000       0x4c .\CortexM3\ARM_GCC_541\Debug\PSoC_Unicon.a(CySpc.o)
 .text.CySpcUnlock
                0x00000000       0x38 .\CortexM3\ARM_GCC_541\Debug\PSoC_Unicon.a(CySpc.o)
 .text.CySpcGetAlgorithm
                0x00000000       0x28 .\CortexM3\ARM_GCC_541\Debug\PSoC_Unicon.a(CySpc.o)
 .text          0x00000000        0x0 c:/program files (x86)/cypress/psoc creator/4.2/psoc creator/import/gnu/arm/5.4.1/bin/../lib/gcc/arm-none-eabi/5.4.1/../../../../arm-none-eabi/lib/armv7-m\libg_nano.a(lib_a-errno.o)
 .data          0x00000000        0x0 c:/program files (x86)/cypress/psoc creator/4.2/psoc creator/import/gnu/arm/5.4.1/bin/../lib/gcc/arm-none-eabi/5.4.1/../../../../arm-none-eabi/lib/armv7-m\libg_nano.a(lib_a-errno.o)
 .bss           0x00000000        0x0 c:/program files (x86)/cypress/psoc creator/4.2/psoc creator/import/gnu/arm/5.4.1/bin/../lib/gcc/arm-none-eabi/5.4.1/../../../../arm-none-eabi/lib/armv7-m\libg_nano.a(lib_a-errno.o)
 .text          0x00000000        0x0 c:/program files (x86)/cypress/psoc creator/4.2/psoc creator/import/gnu/arm/5.4.1/bin/../lib/gcc/arm-none-eabi/5.4.1/../../../../arm-none-eabi/lib/armv7-m\libg_nano.a(lib_a-exit.o)
 .data          0x00000000        0x0 c:/program files (x86)/cypress/psoc creator/4.2/psoc creator/import/gnu/arm/5.4.1/bin/../lib/gcc/arm-none-eabi/5.4.1/../../../../arm-none-eabi/lib/armv7-m\libg_nano.a(lib_a-exit.o)
 .bss           0x00000000        0x0 c:/program files (x86)/cypress/psoc creator/4.2/psoc creator/import/gnu/arm/5.4.1/bin/../lib/gcc/arm-none-eabi/5.4.1/../../../../arm-none-eabi/lib/armv7-m\libg_nano.a(lib_a-exit.o)
 .text.exit     0x00000000       0x28 c:/program files (x86)/cypress/psoc creator/4.2/psoc creator/import/gnu/arm/5.4.1/bin/../lib/gcc/arm-none-eabi/5.4.1/../../../../arm-none-eabi/lib/armv7-m\libg_nano.a(lib_a-exit.o)
 .text          0x00000000        0x0 c:/program files (x86)/cypress/psoc creator/4.2/psoc creator/import/gnu/arm/5.4.1/bin/../lib/gcc/arm-none-eabi/5.4.1/../../../../arm-none-eabi/lib/armv7-m\libg_nano.a(lib_a-impure.o)
 .data          0x00000000        0x0 c:/program files (x86)/cypress/psoc creator/4.2/psoc creator/import/gnu/arm/5.4.1/bin/../lib/gcc/arm-none-eabi/5.4.1/../../../../arm-none-eabi/lib/armv7-m\libg_nano.a(lib_a-impure.o)
 .bss           0x00000000        0x0 c:/program files (x86)/cypress/psoc creator/4.2/psoc creator/import/gnu/arm/5.4.1/bin/../lib/gcc/arm-none-eabi/5.4.1/../../../../arm-none-eabi/lib/armv7-m\libg_nano.a(lib_a-impure.o)
 .rodata._global_impure_ptr
                0x00000000        0x4 c:/program files (x86)/cypress/psoc creator/4.2/psoc creator/import/gnu/arm/5.4.1/bin/../lib/gcc/arm-none-eabi/5.4.1/../../../../arm-none-eabi/lib/armv7-m\libg_nano.a(lib_a-impure.o)
 .text          0x00000000        0x0 c:/program files (x86)/cypress/psoc creator/4.2/psoc creator/import/gnu/arm/5.4.1/bin/../lib/gcc/arm-none-eabi/5.4.1/../../../../arm-none-eabi/lib/armv7-m\libg_nano.a(lib_a-init.o)
 .data          0x00000000        0x0 c:/program files (x86)/cypress/psoc creator/4.2/psoc creator/import/gnu/arm/5.4.1/bin/../lib/gcc/arm-none-eabi/5.4.1/../../../../arm-none-eabi/lib/armv7-m\libg_nano.a(lib_a-init.o)
 .bss           0x00000000        0x0 c:/program files (x86)/cypress/psoc creator/4.2/psoc creator/import/gnu/arm/5.4.1/bin/../lib/gcc/arm-none-eabi/5.4.1/../../../../arm-none-eabi/lib/armv7-m\libg_nano.a(lib_a-init.o)
 .text          0x00000000        0x0 c:/program files (x86)/cypress/psoc creator/4.2/psoc creator/import/gnu/arm/5.4.1/bin/../lib/gcc/arm-none-eabi/5.4.1/../../../../arm-none-eabi/lib/armv7-m\libg_nano.a(lib_a-memcpy-stub.o)
 .data          0x00000000        0x0 c:/program files (x86)/cypress/psoc creator/4.2/psoc creator/import/gnu/arm/5.4.1/bin/../lib/gcc/arm-none-eabi/5.4.1/../../../../arm-none-eabi/lib/armv7-m\libg_nano.a(lib_a-memcpy-stub.o)
 .bss           0x00000000        0x0 c:/program files (x86)/cypress/psoc creator/4.2/psoc creator/import/gnu/arm/5.4.1/bin/../lib/gcc/arm-none-eabi/5.4.1/../../../../arm-none-eabi/lib/armv7-m\libg_nano.a(lib_a-memcpy-stub.o)
 .text          0x00000000        0x0 c:/program files (x86)/cypress/psoc creator/4.2/psoc creator/import/gnu/arm/5.4.1/bin/../lib/gcc/arm-none-eabi/5.4.1/../../../../arm-none-eabi/lib/armv7-m\libg_nano.a(lib_a-memset.o)
 .data          0x00000000        0x0 c:/program files (x86)/cypress/psoc creator/4.2/psoc creator/import/gnu/arm/5.4.1/bin/../lib/gcc/arm-none-eabi/5.4.1/../../../../arm-none-eabi/lib/armv7-m\libg_nano.a(lib_a-memset.o)
 .bss           0x00000000        0x0 c:/program files (x86)/cypress/psoc creator/4.2/psoc creator/import/gnu/arm/5.4.1/bin/../lib/gcc/arm-none-eabi/5.4.1/../../../../arm-none-eabi/lib/armv7-m\libg_nano.a(lib_a-memset.o)
 .text          0x00000000        0x0 c:/program files (x86)/cypress/psoc creator/4.2/psoc creator/import/gnu/arm/5.4.1/bin/../lib/gcc/arm-none-eabi/5.4.1/armv7-m/crtend.o
 .data          0x00000000        0x0 c:/program files (x86)/cypress/psoc creator/4.2/psoc creator/import/gnu/arm/5.4.1/bin/../lib/gcc/arm-none-eabi/5.4.1/armv7-m/crtend.o
 .bss           0x00000000        0x0 c:/program files (x86)/cypress/psoc creator/4.2/psoc creator/import/gnu/arm/5.4.1/bin/../lib/gcc/arm-none-eabi/5.4.1/armv7-m/crtend.o
 .text          0x00000000        0x0 c:/program files (x86)/cypress/psoc creator/4.2/psoc creator/import/gnu/arm/5.4.1/bin/../lib/gcc/arm-none-eabi/5.4.1/armv7-m/crtn.o
 .data          0x00000000        0x0 c:/program files (x86)/cypress/psoc creator/4.2/psoc creator/import/gnu/arm/5.4.1/bin/../lib/gcc/arm-none-eabi/5.4.1/armv7-m/crtn.o
 .bss           0x00000000        0x0 c:/program files (x86)/cypress/psoc creator/4.2/psoc creator/import/gnu/arm/5.4.1/bin/../lib/gcc/arm-none-eabi/5.4.1/armv7-m/crtn.o

Memory Configuration

Name             Origin             Length             Attributes
rom              0x00000000         0x00040000         xr
ram              0x1fff8000         0x00010000         xrw
*default*        0x00000000         0xffffffff

Linker script and memory map

LOAD c:/program files (x86)/cypress/psoc creator/4.2/psoc creator/import/gnu/arm/5.4.1/bin/../lib/gcc/arm-none-eabi/5.4.1/armv7-m/crti.o
LOAD c:/program files (x86)/cypress/psoc creator/4.2/psoc creator/import/gnu/arm/5.4.1/bin/../lib/gcc/arm-none-eabi/5.4.1/armv7-m/crtbegin.o
LOAD c:/program files (x86)/cypress/psoc creator/4.2/psoc creator/import/gnu/arm/5.4.1/bin/../lib/gcc/arm-none-eabi/5.4.1/../../../../arm-none-eabi/lib/armv7-m/crt0.o
START GROUP
LOAD .\CortexM3\ARM_GCC_541\Debug\main.o
LOAD .\CortexM3\ARM_GCC_541\Debug\cyfitter_cfg.o
LOAD .\CortexM3\ARM_GCC_541\Debug\cymetadata.o
LOAD .\CortexM3\ARM_GCC_541\Debug\Cm3Start.o
LOAD .\CortexM3\ARM_GCC_541\Debug\PSoC_Unicon.a
LOAD C:\Program Files (x86)\Cypress\PSoC Creator\4.2\PSoC Creator\psoc\content\cycomponentlibrary\CyComponentLibrary.cylib\CortexM3\ARM_GCC_541\Debug\CyComponentLibrary.a
END GROUP
START GROUP
LOAD c:/program files (x86)/cypress/psoc creator/4.2/psoc creator/import/gnu/arm/5.4.1/bin/../lib/gcc/arm-none-eabi/5.4.1/armv7-m\libgcc.a
LOAD c:/program files (x86)/cypress/psoc creator/4.2/psoc creator/import/gnu/arm/5.4.1/bin/../lib/gcc/arm-none-eabi/5.4.1/../../../../arm-none-eabi/lib/armv7-m\libg_nano.a
LOAD c:/program files (x86)/cypress/psoc creator/4.2/psoc creator/import/gnu/arm/5.4.1/bin/../lib/gcc/arm-none-eabi/5.4.1/../../../../arm-none-eabi/lib/armv7-m\libc_nano.a
END GROUP
START GROUP
LOAD c:/program files (x86)/cypress/psoc creator/4.2/psoc creator/import/gnu/arm/5.4.1/bin/../lib/gcc/arm-none-eabi/5.4.1/armv7-m\libgcc.a
LOAD c:/program files (x86)/cypress/psoc creator/4.2/psoc creator/import/gnu/arm/5.4.1/bin/../lib/gcc/arm-none-eabi/5.4.1/../../../../arm-none-eabi/lib/armv7-m\libc_nano.a
END GROUP
LOAD c:/program files (x86)/cypress/psoc creator/4.2/psoc creator/import/gnu/arm/5.4.1/bin/../lib/gcc/arm-none-eabi/5.4.1/armv7-m/crtend.o
LOAD c:/program files (x86)/cypress/psoc creator/4.2/psoc creator/import/gnu/arm/5.4.1/bin/../lib/gcc/arm-none-eabi/5.4.1/armv7-m/crtn.o
START GROUP
LOAD c:/program files (x86)/cypress/psoc creator/4.2/psoc creator/import/gnu/arm/5.4.1/bin/../lib/gcc/arm-none-eabi/5.4.1/armv7-m\libgcc.a
LOAD c:/program files (x86)/cypress/psoc creator/4.2/psoc creator/import/gnu/arm/5.4.1/bin/../lib/gcc/arm-none-eabi/5.4.1/../../../../arm-none-eabi/lib/armv7-m\libc.a
LOAD c:/program files (x86)/cypress/psoc creator/4.2/psoc creator/import/gnu/arm/5.4.1/bin/../lib/gcc/arm-none-eabi/5.4.1/../../../../arm-none-eabi/lib/armv7-m\libnosys.a
END GROUP
                0x00000000                CY_APPL_ORIGIN = 0x0
                0x00000100                CY_FLASH_ROW_SIZE = 0x100
                0x00000020                CY_ECC_ROW_SIZE = 0x20
                0x00000000                CY_EE_IN_BTLDR = 0x0
                0x00000000                CY_APPL_LOADABLE = 0x0
                0x00000800                CY_EE_SIZE = 0x800
                0x00000001                CY_APPL_NUM = 0x1
                0x00000001                CY_APPL_MAX = 0x1
                0x00000040                CY_METADATA_SIZE = 0x40
                0x00000000                CY_APPL_LOADABLE = 0x0
                0x00000000                CY_CHECKSUM_EXCLUDE_SIZE = ALIGN (0x0, CY_FLASH_ROW_SIZE)
                [!provide]                PROVIDE (__cy_heap_start, _end)
                0x00000001                PROVIDE (__cy_region_num, ((__cy_regions_end - __cy_regions) / 0x10))
                0x20008000                PROVIDE (__cy_stack, (ORIGIN (ram) + LENGTH (ram)))
                [!provide]                PROVIDE (__cy_heap_end, (__cy_stack - 0x800))

.cybootloader   0x00000000        0x0
 *(.cybootloader)
                0x00000000                appl1_start = CY_APPL_ORIGIN?CY_APPL_ORIGIN:ALIGN (CY_FLASH_ROW_SIZE)
                0x0001ff00                appl2_start = (appl1_start + ALIGN ((((LENGTH (rom) - appl1_start) - (0x2 * CY_FLASH_ROW_SIZE)) / 0x2), CY_FLASH_ROW_SIZE))
                0x00000000                appl_start = (CY_APPL_NUM == 0x1)?appl1_start:appl2_start
                0x00000000                ecc_offset = ((appl_start / CY_FLASH_ROW_SIZE) * CY_ECC_ROW_SIZE)
                0x00000000                ee_offset = (CY_APPL_LOADABLE && ! (CY_EE_IN_BTLDR))?((CY_EE_SIZE / CY_APPL_MAX) * (CY_APPL_NUM - 0x1)):0x0
                0x00000800                ee_size = (CY_APPL_LOADABLE && ! (CY_EE_IN_BTLDR))?(CY_EE_SIZE / CY_APPL_MAX):CY_EE_SIZE
                [!provide]                PROVIDE (CY_ECC_OFFSET, ecc_offset)

.text           0x00000000      0xb5e
 CREATE_OBJECT_SYMBOLS
                0x00000000                PROVIDE (__cy_interrupt_vector, RomVectors)
 *(.romvectors)
 .romvectors    0x00000000       0x10 .\CortexM3\ARM_GCC_541\Debug\Cm3Start.o
                0x00000000                RomVectors
                0x00000001                ASSERT ((. != __cy_interrupt_vector), No interrupt vector)
                0x00000001                ASSERT (CY_APPL_ORIGIN?(SIZEOF (.cybootloader) <= CY_APPL_ORIGIN):0x1, Wrong image location)
                0x00000010                PROVIDE (__cy_reset, Reset)
 *(.text.Reset)
 .text.Reset    0x00000010       0x18 .\CortexM3\ARM_GCC_541\Debug\Cm3Start.o
                0x00000010                Reset
                0x00000001                ASSERT ((. != __cy_reset), No reset code)
 *(.dma_init)
                0x00000001                ASSERT ((((appl_start + .) <= 0x10000) || 0x1), DMA Init must be within the first 64k of flash)
 *(.text .text.* .gnu.linkonce.t.*)
 .text          0x00000028       0x5c c:/program files (x86)/cypress/psoc creator/4.2/psoc creator/import/gnu/arm/5.4.1/bin/../lib/gcc/arm-none-eabi/5.4.1/armv7-m/crtbegin.o
 .text.UART_RX_INT
                0x00000084       0x20 .\CortexM3\ARM_GCC_541\Debug\main.o
                0x00000084                UART_RX_INT
 .text.main     0x000000a4       0x58 .\CortexM3\ARM_GCC_541\Debug\main.o
                0x000000a4                main
 .text.CyClockStartupError
                0x000000fc        0x4 .\CortexM3\ARM_GCC_541\Debug\cyfitter_cfg.o
 .text.cfg_write_bytes32
                0x00000100       0x34 .\CortexM3\ARM_GCC_541\Debug\cyfitter_cfg.o
 .text.AnalogSetDefault
                0x00000134       0x28 .\CortexM3\ARM_GCC_541\Debug\cyfitter_cfg.o
 .text.CYMEMZERO
                0x0000015c        0xc .\CortexM3\ARM_GCC_541\Debug\cyfitter_cfg.o
 .text.ClockSetup
                0x00000168       0xd0 .\CortexM3\ARM_GCC_541\Debug\cyfitter_cfg.o
 .text.CYCONFIGCPY
                0x00000238        0x8 .\CortexM3\ARM_GCC_541\Debug\cyfitter_cfg.o
 .text.cyfitter_cfg
                0x00000240      0x124 .\CortexM3\ARM_GCC_541\Debug\cyfitter_cfg.o
                0x00000240                cyfitter_cfg
 .text.IntDefaultHandler
                0x00000364       0x10 .\CortexM3\ARM_GCC_541\Debug\Cm3Start.o
                0x00000364                IntDefaultHandler
 .text.Start_c  0x00000374       0x4c .\CortexM3\ARM_GCC_541\Debug\Cm3Start.o
                0x00000374                Start_c
 .text.initialize_psoc
                0x000003c0       0x68 .\CortexM3\ARM_GCC_541\Debug\Cm3Start.o
                0x000003c0                initialize_psoc
 .text.CyHalt   0x00000428        0x4 .\CortexM3\ARM_GCC_541\Debug\PSoC_Unicon.a(CyLib.o)
                0x00000428                CyHalt
 .text.CyDelay  0x0000042c       0x2c .\CortexM3\ARM_GCC_541\Debug\PSoC_Unicon.a(CyLib.o)
                0x0000042c                CyDelay
 .text.CyDelayUs
                0x00000458       0x14 .\CortexM3\ARM_GCC_541\Debug\PSoC_Unicon.a(CyLib.o)
                0x00000458                CyDelayUs
 .text.UART_Init
                0x0000046c       0x28 .\CortexM3\ARM_GCC_541\Debug\PSoC_Unicon.a(UART.o)
                0x0000046c                UART_Init
 .text.UART_Enable
                0x00000494       0x38 .\CortexM3\ARM_GCC_541\Debug\PSoC_Unicon.a(UART.o)
                0x00000494                UART_Enable
 .text.UART_Start
                0x000004cc       0x1c .\CortexM3\ARM_GCC_541\Debug\PSoC_Unicon.a(UART.o)
                0x000004cc                UART_Start
 .text.UART_ReadRxData
                0x000004e8        0xc .\CortexM3\ARM_GCC_541\Debug\PSoC_Unicon.a(UART.o)
                0x000004e8                UART_ReadRxData
 .text.UART_ClearRxBuffer
                0x000004f4       0x24 .\CortexM3\ARM_GCC_541\Debug\PSoC_Unicon.a(UART.o)
                0x000004f4                UART_ClearRxBuffer
 .text.UART_IntClock_Start
                0x00000518       0x1c .\CortexM3\ARM_GCC_541\Debug\PSoC_Unicon.a(UART_IntClock.o)
                0x00000518                UART_IntClock_Start
 .text.LCD_WrCntrlNib
                0x00000534       0x34 .\CortexM3\ARM_GCC_541\Debug\PSoC_Unicon.a(LCD.o)
 .text.LCD_WrDatNib
                0x00000568       0x44 .\CortexM3\ARM_GCC_541\Debug\PSoC_Unicon.a(LCD.o)
 .text.LCD_IsReady
                0x000005ac       0xe4 .\CortexM3\ARM_GCC_541\Debug\PSoC_Unicon.a(LCD.o)
                0x000005ac                LCD_IsReady
 .text.LCD_WriteData
                0x00000690       0x18 .\CortexM3\ARM_GCC_541\Debug\PSoC_Unicon.a(LCD.o)
                0x00000690                LCD_WriteData
 .text.LCD_PutChar
                0x000006a8        0x8 .\CortexM3\ARM_GCC_541\Debug\PSoC_Unicon.a(LCD.o)
                0x000006a8                LCD_PutChar
 .text.LCD_WriteControl
                0x000006b0       0x18 .\CortexM3\ARM_GCC_541\Debug\PSoC_Unicon.a(LCD.o)
                0x000006b0                LCD_WriteControl
 .text.LCD_Init
                0x000006c8       0x6c .\CortexM3\ARM_GCC_541\Debug\PSoC_Unicon.a(LCD.o)
                0x000006c8                LCD_Init
 .text.LCD_Enable
                0x00000734       0x14 .\CortexM3\ARM_GCC_541\Debug\PSoC_Unicon.a(LCD.o)
                0x00000734                LCD_Enable
 .text.LCD_Start
                0x00000748       0x1c .\CortexM3\ARM_GCC_541\Debug\PSoC_Unicon.a(LCD.o)
                0x00000748                LCD_Start
 .text.n64_ShiftReg_commack_EnableInt
                0x00000764       0x1c .\CortexM3\ARM_GCC_541\Debug\PSoC_Unicon.a(n64_ShiftReg_commack.o)
                0x00000764                n64_ShiftReg_commack_EnableInt
 .text.n64_ShiftReg_commack_Enable
                0x00000780       0x18 .\CortexM3\ARM_GCC_541\Debug\PSoC_Unicon.a(n64_ShiftReg_commack.o)
                0x00000780                n64_ShiftReg_commack_Enable
 .text.n64_ShiftReg_commack_SetIntMode
                0x00000798       0x1c .\CortexM3\ARM_GCC_541\Debug\PSoC_Unicon.a(n64_ShiftReg_commack.o)
                0x00000798                n64_ShiftReg_commack_SetIntMode
 .text.n64_ShiftReg_commack_Init
                0x000007b4        0xc .\CortexM3\ARM_GCC_541\Debug\PSoC_Unicon.a(n64_ShiftReg_commack.o)
                0x000007b4                n64_ShiftReg_commack_Init
 .text.n64_ShiftReg_commack_Start
                0x000007c0       0x1c .\CortexM3\ARM_GCC_541\Debug\PSoC_Unicon.a(n64_ShiftReg_commack.o)
                0x000007c0                n64_ShiftReg_commack_Start
 .text.n64_ShiftReg_commack_WriteRegValue
                0x000007dc        0xc .\CortexM3\ARM_GCC_541\Debug\PSoC_Unicon.a(n64_ShiftReg_commack.o)
                0x000007dc                n64_ShiftReg_commack_WriteRegValue
 .text.n64_ShiftReg_buttonstate_EnableInt
                0x000007e8       0x1c .\CortexM3\ARM_GCC_541\Debug\PSoC_Unicon.a(n64_ShiftReg_buttonstate.o)
                0x000007e8                n64_ShiftReg_buttonstate_EnableInt
 .text.n64_ShiftReg_buttonstate_Enable
                0x00000804       0x18 .\CortexM3\ARM_GCC_541\Debug\PSoC_Unicon.a(n64_ShiftReg_buttonstate.o)
                0x00000804                n64_ShiftReg_buttonstate_Enable
 .text.n64_ShiftReg_buttonstate_SetIntMode
                0x0000081c       0x1c .\CortexM3\ARM_GCC_541\Debug\PSoC_Unicon.a(n64_ShiftReg_buttonstate.o)
                0x0000081c                n64_ShiftReg_buttonstate_SetIntMode
 .text.n64_ShiftReg_buttonstate_Init
                0x00000838        0xc .\CortexM3\ARM_GCC_541\Debug\PSoC_Unicon.a(n64_ShiftReg_buttonstate.o)
                0x00000838                n64_ShiftReg_buttonstate_Init
 .text.n64_ShiftReg_buttonstate_Start
                0x00000844       0x1c .\CortexM3\ARM_GCC_541\Debug\PSoC_Unicon.a(n64_ShiftReg_buttonstate.o)
                0x00000844                n64_ShiftReg_buttonstate_Start
 .text.n64_one_bit_EnableInt
                0x00000860       0x1c .\CortexM3\ARM_GCC_541\Debug\PSoC_Unicon.a(n64_one_bit.o)
                0x00000860                n64_one_bit_EnableInt
 .text.n64_one_bit_Enable
                0x0000087c       0x18 .\CortexM3\ARM_GCC_541\Debug\PSoC_Unicon.a(n64_one_bit.o)
                0x0000087c                n64_one_bit_Enable
 .text.n64_one_bit_SetIntMode
                0x00000894       0x1c .\CortexM3\ARM_GCC_541\Debug\PSoC_Unicon.a(n64_one_bit.o)
                0x00000894                n64_one_bit_SetIntMode
 .text.n64_one_bit_Init
                0x000008b0        0xc .\CortexM3\ARM_GCC_541\Debug\PSoC_Unicon.a(n64_one_bit.o)
                0x000008b0                n64_one_bit_Init
 .text.n64_one_bit_Start
                0x000008bc       0x1c .\CortexM3\ARM_GCC_541\Debug\PSoC_Unicon.a(n64_one_bit.o)
                0x000008bc                n64_one_bit_Start
 .text.n64_one_bit_WriteRegValue
                0x000008d8        0xc .\CortexM3\ARM_GCC_541\Debug\PSoC_Unicon.a(n64_one_bit.o)
                0x000008d8                n64_one_bit_WriteRegValue
 .text.n64_zero_bit_EnableInt
                0x000008e4       0x1c .\CortexM3\ARM_GCC_541\Debug\PSoC_Unicon.a(n64_zero_bit.o)
                0x000008e4                n64_zero_bit_EnableInt
 .text.n64_zero_bit_Enable
                0x00000900       0x18 .\CortexM3\ARM_GCC_541\Debug\PSoC_Unicon.a(n64_zero_bit.o)
                0x00000900                n64_zero_bit_Enable
 .text.n64_zero_bit_SetIntMode
                0x00000918       0x1c .\CortexM3\ARM_GCC_541\Debug\PSoC_Unicon.a(n64_zero_bit.o)
                0x00000918                n64_zero_bit_SetIntMode
 .text.n64_zero_bit_Init
                0x00000934        0xc .\CortexM3\ARM_GCC_541\Debug\PSoC_Unicon.a(n64_zero_bit.o)
                0x00000934                n64_zero_bit_Init
 .text.n64_zero_bit_Start
                0x00000940       0x1c .\CortexM3\ARM_GCC_541\Debug\PSoC_Unicon.a(n64_zero_bit.o)
                0x00000940                n64_zero_bit_Start
 .text.n64_zero_bit_WriteRegValue
                0x0000095c        0xc .\CortexM3\ARM_GCC_541\Debug\PSoC_Unicon.a(n64_zero_bit.o)
                0x0000095c                n64_zero_bit_WriteRegValue
 .text.count_time_to_transmit_Enable
                0x00000968       0x28 .\CortexM3\ARM_GCC_541\Debug\PSoC_Unicon.a(count_time_to_transmit.o)
                0x00000968                count_time_to_transmit_Enable
 .text.count_time_to_transmit_SetInterruptMode
                0x00000990        0xc .\CortexM3\ARM_GCC_541\Debug\PSoC_Unicon.a(count_time_to_transmit.o)
                0x00000990                count_time_to_transmit_SetInterruptMode
 .text.count_time_to_transmit_WriteCounter
                0x0000099c       0x34 .\CortexM3\ARM_GCC_541\Debug\PSoC_Unicon.a(count_time_to_transmit.o)
                0x0000099c                count_time_to_transmit_WriteCounter
 .text.count_time_to_transmit_WritePeriod
                0x000009d0        0xc .\CortexM3\ARM_GCC_541\Debug\PSoC_Unicon.a(count_time_to_transmit.o)
                0x000009d0                count_time_to_transmit_WritePeriod
 .text.count_time_to_transmit_Init
                0x000009dc       0x74 .\CortexM3\ARM_GCC_541\Debug\PSoC_Unicon.a(count_time_to_transmit.o)
                0x000009dc                count_time_to_transmit_Init
 .text.count_time_to_transmit_Start
                0x00000a50       0x1c .\CortexM3\ARM_GCC_541\Debug\PSoC_Unicon.a(count_time_to_transmit.o)
                0x00000a50                count_time_to_transmit_Start
 .text.uart_rx_int_SetVector
                0x00000a6c        0xc .\CortexM3\ARM_GCC_541\Debug\PSoC_Unicon.a(uart_rx_int.o)
                0x00000a6c                uart_rx_int_SetVector
 .text.uart_rx_int_SetPriority
                0x00000a78       0x10 .\CortexM3\ARM_GCC_541\Debug\PSoC_Unicon.a(uart_rx_int.o)
                0x00000a78                uart_rx_int_SetPriority
 .text.uart_rx_int_Enable
                0x00000a88        0xc .\CortexM3\ARM_GCC_541\Debug\PSoC_Unicon.a(uart_rx_int.o)
                0x00000a88                uart_rx_int_Enable
 .text.uart_rx_int_Disable
                0x00000a94        0xc .\CortexM3\ARM_GCC_541\Debug\PSoC_Unicon.a(uart_rx_int.o)
                0x00000a94                uart_rx_int_Disable
 .text.uart_rx_int_StartEx
                0x00000aa0       0x1c .\CortexM3\ARM_GCC_541\Debug\PSoC_Unicon.a(uart_rx_int.o)
                0x00000aa0                uart_rx_int_StartEx
 *fill*         0x00000abc        0x4 
 .text          0x00000ac0       0x20 .\CortexM3\ARM_GCC_541\Debug\PSoC_Unicon.a(CyBootAsmGnu.o)
                0x00000ac0                CyDelayCycles
                0x00000ad0                CyEnterCriticalSection
                0x00000ad8                CyExitCriticalSection
 .text.__errno  0x00000ae0        0xc c:/program files (x86)/cypress/psoc creator/4.2/psoc creator/import/gnu/arm/5.4.1/bin/../lib/gcc/arm-none-eabi/5.4.1/../../../../arm-none-eabi/lib/armv7-m\libg_nano.a(lib_a-errno.o)
                0x00000ae0                __errno
 .text.__libc_init_array
                0x00000aec       0x4c c:/program files (x86)/cypress/psoc creator/4.2/psoc creator/import/gnu/arm/5.4.1/bin/../lib/gcc/arm-none-eabi/5.4.1/../../../../arm-none-eabi/lib/armv7-m\libg_nano.a(lib_a-init.o)
                0x00000aec                __libc_init_array
 .text.memcpy   0x00000b38       0x16 c:/program files (x86)/cypress/psoc creator/4.2/psoc creator/import/gnu/arm/5.4.1/bin/../lib/gcc/arm-none-eabi/5.4.1/../../../../arm-none-eabi/lib/armv7-m\libg_nano.a(lib_a-memcpy-stub.o)
                0x00000b38                memcpy
 .text.memset   0x00000b4e       0x10 c:/program files (x86)/cypress/psoc creator/4.2/psoc creator/import/gnu/arm/5.4.1/bin/../lib/gcc/arm-none-eabi/5.4.1/../../../../arm-none-eabi/lib/armv7-m\libg_nano.a(lib_a-memset.o)
                0x00000b4e                memset
 *(.plt)
 *(.gnu.warning)
 *(.glue_7t)
 .glue_7t       0x00000b5e        0x0 linker stubs
 *(.glue_7)
 .glue_7        0x00000b5e        0x0 linker stubs
 *(.vfp11_veneer)
 .vfp11_veneer  0x00000b5e        0x0 linker stubs
 *(.bootloader)
 *(.ARM.extab* .gnu.linkonce.armextab.*)
 *(.gcc_except_table)

.v4_bx          0x00000b60        0x0
 .v4_bx         0x00000b60        0x0 linker stubs

.iplt           0x00000b60        0x0
 .iplt          0x00000b60        0x0 c:/program files (x86)/cypress/psoc creator/4.2/psoc creator/import/gnu/arm/5.4.1/bin/../lib/gcc/arm-none-eabi/5.4.1/armv7-m/crtbegin.o

.eh_frame_hdr
 *(.eh_frame_hdr)

.eh_frame       0x00000b60        0x4
 *(.eh_frame)
 .eh_frame      0x00000b60        0x0 c:/program files (x86)/cypress/psoc creator/4.2/psoc creator/import/gnu/arm/5.4.1/bin/../lib/gcc/arm-none-eabi/5.4.1/armv7-m/crtbegin.o
 .eh_frame      0x00000b60        0x4 c:/program files (x86)/cypress/psoc creator/4.2/psoc creator/import/gnu/arm/5.4.1/bin/../lib/gcc/arm-none-eabi/5.4.1/armv7-m/crtend.o
                [!provide]                PROVIDE (__exidx_start, .)

.ARM.exidx
 *(.ARM.exidx* .gnu.linkonce.armexidx.*)
                0x00000b64                __exidx_end = .

.rodata         0x00000b64       0x94
 *(.rodata .rodata.* .gnu.linkonce.r.*)
 .rodata        0x00000b64       0x58 .\CortexM3\ARM_GCC_541\Debug\cyfitter_cfg.o
 .rodata.str1.1
                0x00000bbc        0x2 c:/program files (x86)/cypress/psoc creator/4.2/psoc creator/import/gnu/arm/5.4.1/bin/../lib/gcc/arm-none-eabi/5.4.1/../../../../arm-none-eabi/lib/armv7-m\libg_nano.a(lib_a-impure.o)
                0x00000bc0                . = ALIGN (0x4)
 *fill*         0x00000bbe        0x2 
 *(.init)
 .init          0x00000bc0        0x4 c:/program files (x86)/cypress/psoc creator/4.2/psoc creator/import/gnu/arm/5.4.1/bin/../lib/gcc/arm-none-eabi/5.4.1/armv7-m/crti.o
                0x00000bc0                _init
 .init          0x00000bc4        0x8 c:/program files (x86)/cypress/psoc creator/4.2/psoc creator/import/gnu/arm/5.4.1/bin/../lib/gcc/arm-none-eabi/5.4.1/armv7-m/crtn.o
                0x00000bcc                . = ALIGN (0x4)
                0x00000bcc                __preinit_array_start = .
 *(.preinit_array)
                0x00000bcc                __preinit_array_end = .
                0x00000bcc                . = ALIGN (0x4)
                0x00000bcc                __init_array_start = .
 *(SORT(.init_array.*))
 *(.init_array)
 .init_array    0x00000bcc        0x4 c:/program files (x86)/cypress/psoc creator/4.2/psoc creator/import/gnu/arm/5.4.1/bin/../lib/gcc/arm-none-eabi/5.4.1/armv7-m/crtbegin.o
 .init_array    0x00000bd0        0x4 .\CortexM3\ARM_GCC_541\Debug\Cm3Start.o
                0x00000bd4                __init_array_end = .
                0x00000bd4                . = ALIGN (0x4)
 *(.fini)
 .fini          0x00000bd4        0x4 c:/program files (x86)/cypress/psoc creator/4.2/psoc creator/import/gnu/arm/5.4.1/bin/../lib/gcc/arm-none-eabi/5.4.1/armv7-m/crti.o
                0x00000bd4                _fini
 .fini          0x00000bd8        0x8 c:/program files (x86)/cypress/psoc creator/4.2/psoc creator/import/gnu/arm/5.4.1/bin/../lib/gcc/arm-none-eabi/5.4.1/armv7-m/crtn.o
                0x00000be0                . = ALIGN (0x4)
                0x00000be0                __fini_array_start = .
 *(.fini_array)
 .fini_array    0x00000be0        0x4 c:/program files (x86)/cypress/psoc creator/4.2/psoc creator/import/gnu/arm/5.4.1/bin/../lib/gcc/arm-none-eabi/5.4.1/armv7-m/crtbegin.o
 *(SORT(.fini_array.*))
                0x00000be4                __fini_array_end = .
                0x00000be4                . = ALIGN (0x4)
 *crtbegin.o(.ctors)
 *(EXCLUDE_FILE(*crtend.o) .ctors)
 *(SORT(.ctors.*))
 *crtend.o(.ctors)
                0x00000be4                . = ALIGN (0x4)
 *crtbegin.o(.dtors)
 *(EXCLUDE_FILE(*crtend.o) .dtors)
 *(SORT(.dtors.*))
 *crtend.o(.dtors)
                0x00000be4                . = ALIGN (0x4)
                0x00000be4                __cy_regions = .
                0x00000be4        0x4 LONG 0xbf8 __cy_region_init_ram
                0x00000be8        0x4 LONG 0x1fff80c8 __cy_region_start_data
                0x00000bec        0x4 LONG 0x78 __cy_region_init_size_ram
                0x00000bf0        0x4 LONG 0x40 __cy_region_zero_size_ram
                0x00000bf4                __cy_regions_end = .
                0x00000bf8                . = ALIGN (0x8)
 *fill*         0x00000bf4        0x4 
                0x00000bf8                _etext = .

.cy_checksum_exclude
                0x00000bf8        0x0
 *(.cy_checksum_exclude)

.ramvectors     0x1fff8000       0xc0
                0x1fff8000                __cy_region_start_ram = .
 *(.ramvectors)
 .ramvectors    0x1fff8000       0xc0 .\CortexM3\ARM_GCC_541\Debug\Cm3Start.o
                0x1fff8000                CyRamVectors

.noinit         0x1fff80c0        0x1
 *(.noinit)
 .noinit        0x1fff80c0        0x1 .\CortexM3\ARM_GCC_541\Debug\PSoC_Unicon.a(CyLib.o)
                0x1fff80c0                CyResetStatus

.data           0x1fff80c8       0x78 load address 0x00000bf8
                0x1fff80c8                __cy_region_start_data = .
 *(.jcr)
 .jcr           0x1fff80c8        0x0 c:/program files (x86)/cypress/psoc creator/4.2/psoc creator/import/gnu/arm/5.4.1/bin/../lib/gcc/arm-none-eabi/5.4.1/armv7-m/crtbegin.o
 .jcr           0x1fff80c8        0x4 c:/program files (x86)/cypress/psoc creator/4.2/psoc creator/import/gnu/arm/5.4.1/bin/../lib/gcc/arm-none-eabi/5.4.1/armv7-m/crtend.o
 *(.got.plt)
 *(.got)
 *(.shdata)
 *(.data .data.* .gnu.linkonce.d.*)
 .data          0x1fff80cc       0x10 .\CortexM3\ARM_GCC_541\Debug\PSoC_Unicon.a(CyLib.o)
                0x1fff80cc                cydelay_32k_ms
                0x1fff80d0                cydelay_freq_khz
                0x1fff80d4                cydelay_freq_mhz
                0x1fff80d8                cydelay_freq_hz
 .data.impure_data
                0x1fff80dc       0x60 c:/program files (x86)/cypress/psoc creator/4.2/psoc creator/import/gnu/arm/5.4.1/bin/../lib/gcc/arm-none-eabi/5.4.1/../../../../arm-none-eabi/lib/armv7-m\libg_nano.a(lib_a-impure.o)
 .data._impure_ptr
                0x1fff813c        0x4 c:/program files (x86)/cypress/psoc creator/4.2/psoc creator/import/gnu/arm/5.4.1/bin/../lib/gcc/arm-none-eabi/5.4.1/../../../../arm-none-eabi/lib/armv7-m\libg_nano.a(lib_a-impure.o)
                0x1fff813c                _impure_ptr
                0x1fff8140                . = ALIGN (0x8)
 *(.ram)
                0x1fff8140                _edata = .

.igot.plt       0x1fff8140        0x0 load address 0x00000c70
 .igot.plt      0x1fff8140        0x0 c:/program files (x86)/cypress/psoc creator/4.2/psoc creator/import/gnu/arm/5.4.1/bin/../lib/gcc/arm-none-eabi/5.4.1/armv7-m/crtbegin.o

.bss            0x1fff8140       0x40 load address 0x00000c70
                0x1fff8140                PROVIDE (__bss_start__, .)
 *(.shbss)
 *(.bss .bss.* .gnu.linkonce.b.*)
 .bss           0x1fff8140       0x1c c:/program files (x86)/cypress/psoc creator/4.2/psoc creator/import/gnu/arm/5.4.1/bin/../lib/gcc/arm-none-eabi/5.4.1/armv7-m/crtbegin.o
 .bss           0x1fff815c        0x4 .\CortexM3\ARM_GCC_541\Debug\main.o
                0x1fff815c                controller_byte_counter
 .bss           0x1fff8160        0x2 .\CortexM3\ARM_GCC_541\Debug\PSoC_Unicon.a(UART.o)
                0x1fff8160                UART_initVar
 .bss           0x1fff8162        0x2 .\CortexM3\ARM_GCC_541\Debug\PSoC_Unicon.a(LCD.o)
                0x1fff8162                LCD_enableState
                0x1fff8163                LCD_initVar
 .bss           0x1fff8164        0x1 .\CortexM3\ARM_GCC_541\Debug\PSoC_Unicon.a(n64_ShiftReg_commack.o)
                0x1fff8164                n64_ShiftReg_commack_initVar
 .bss           0x1fff8165        0x1 .\CortexM3\ARM_GCC_541\Debug\PSoC_Unicon.a(n64_ShiftReg_buttonstate.o)
                0x1fff8165                n64_ShiftReg_buttonstate_initVar
 .bss           0x1fff8166        0x1 .\CortexM3\ARM_GCC_541\Debug\PSoC_Unicon.a(n64_one_bit.o)
                0x1fff8166                n64_one_bit_initVar
 .bss           0x1fff8167        0x1 .\CortexM3\ARM_GCC_541\Debug\PSoC_Unicon.a(n64_zero_bit.o)
                0x1fff8167                n64_zero_bit_initVar
 .bss           0x1fff8168        0x1 .\CortexM3\ARM_GCC_541\Debug\PSoC_Unicon.a(count_time_to_transmit.o)
                0x1fff8168                count_time_to_transmit_initVar
 *(COMMON)
 *fill*         0x1fff8169        0x3 
 COMMON         0x1fff816c        0xe .\CortexM3\ARM_GCC_541\Debug\main.o
                0x1fff816c                to_console
                0x1fff8172                target_console
                0x1fff8174                from_controller
                0x1fff8180                . = ALIGN (0x8)
 *fill*         0x1fff817a        0x6 
 *(.ram.b)
                0x1fff8180                _end = .
                0x1fff8180                __end = .
                0x1fff8180                PROVIDE (end, .)
                0x1fff8180                PROVIDE (__bss_end__, .)
                0x00000bf8                __cy_region_init_ram = LOADADDR (.data)
                0x00000078                __cy_region_init_size_ram = (_edata - ADDR (.data))
                0x00000040                __cy_region_zero_size_ram = (_end - _edata)

.heap           0x1fff8180       0x80 load address 0x00000c70
                0x1fff8180                . = _end
                0x1fff8200                . = (. + 0x80)
 *fill*         0x1fff8180       0x80 
                0x1fff8200                __cy_heap_limit = .

.stack          0x20007800      0x800
                0x20007800                __cy_stack_limit = .
                0x20008000                . = (. + 0x800)
 *fill*         0x20007800      0x800 
                0x00000001                ASSERT ((__cy_stack_limit >= __cy_heap_limit), region RAM overflowed with stack)
                0x00000000                cy_checksum_exclude_size = (CY_APPL_LOADABLE == 0x1)?SIZEOF (.cy_checksum_exclude):0x0
                0x00000001                ASSERT ((cy_checksum_exclude_size <= CY_CHECKSUM_EXCLUDE_SIZE), CY_BOOT: Section .cy_checksum_exclude size exceedes specified limit.)

.cyloadermeta
 *(.cyloadermeta)

.cyloadablemeta
 *(.cyloadablemeta)

.cyconfigecc    0x80000000      0x958
 *(.cyconfigecc)
 .cyconfigecc   0x80000000      0x958 .\CortexM3\ARM_GCC_541\Debug\cymetadata.o
                0x80000000                cy_meta_configecc

.cycustnvl      0x90000000        0x4
 *(.cycustnvl)
 .cycustnvl     0x90000000        0x4 .\CortexM3\ARM_GCC_541\Debug\cymetadata.o
                0x90000000                cy_meta_custnvl

.cywolatch      0x90100000        0x4
 *(.cywolatch)
 .cywolatch     0x90100000        0x4 .\CortexM3\ARM_GCC_541\Debug\cymetadata.o
                0x90100000                cy_meta_wonvl

.cyeeprom       0x90200000        0x0
 *(.cyeeprom)
                0x00000001                ASSERT ((. <= ((0x90200000 + ee_offset) + ee_size)), .cyeeprom data will not fit in EEPROM)

.cyflashprotect
                0x90400000      0x100
 *(.cyflashprotect)
 .cyflashprotect
                0x90400000      0x100 .\CortexM3\ARM_GCC_541\Debug\cymetadata.o
                0x90400000                cy_meta_flashprotect

.cymeta         0x90500000        0xc
 *(.cymeta)
 .cymeta        0x90500000        0xc .\CortexM3\ARM_GCC_541\Debug\cymetadata.o
                0x90500000                cy_metadata

.rel.dyn        0x00000c70        0x0 load address 0x9050000c
 .rel.iplt      0x00000c70        0x0 c:/program files (x86)/cypress/psoc creator/4.2/psoc creator/import/gnu/arm/5.4.1/bin/../lib/gcc/arm-none-eabi/5.4.1/armv7-m/crtbegin.o

.stab
 *(.stab)

.stabstr
 *(.stabstr)

.debug
 *(.debug)

.line
 *(.line)

.debug_srcinfo
 *(.debug_srcinfo)

.debug_sfnames
 *(.debug_sfnames)

.debug_aranges  0x00000000      0xb28
 *(.debug_aranges)
 .debug_aranges
                0x00000000       0x38 .\CortexM3\ARM_GCC_541\Debug\main.o
 .debug_aranges
                0x00000038       0x58 .\CortexM3\ARM_GCC_541\Debug\cyfitter_cfg.o
 .debug_aranges
                0x00000090       0x18 .\CortexM3\ARM_GCC_541\Debug\cymetadata.o
 .debug_aranges
                0x000000a8       0x48 .\CortexM3\ARM_GCC_541\Debug\Cm3Start.o
 .debug_aranges
                0x000000f0      0x2a0 .\CortexM3\ARM_GCC_541\Debug\PSoC_Unicon.a(CyLib.o)
 .debug_aranges
                0x00000390       0x98 .\CortexM3\ARM_GCC_541\Debug\PSoC_Unicon.a(cyPm.o)
 .debug_aranges
                0x00000428       0xf0 .\CortexM3\ARM_GCC_541\Debug\PSoC_Unicon.a(UART.o)
 .debug_aranges
                0x00000518       0x70 .\CortexM3\ARM_GCC_541\Debug\PSoC_Unicon.a(UART_IntClock.o)
 .debug_aranges
                0x00000588       0x98 .\CortexM3\ARM_GCC_541\Debug\PSoC_Unicon.a(LCD.o)
 .debug_aranges
                0x00000620       0x78 .\CortexM3\ARM_GCC_541\Debug\PSoC_Unicon.a(n64_ShiftReg_commack.o)
 .debug_aranges
                0x00000698       0x78 .\CortexM3\ARM_GCC_541\Debug\PSoC_Unicon.a(n64_ShiftReg_buttonstate.o)
 .debug_aranges
                0x00000710       0x70 .\CortexM3\ARM_GCC_541\Debug\PSoC_Unicon.a(n64_one_bit.o)
 .debug_aranges
                0x00000780       0x70 .\CortexM3\ARM_GCC_541\Debug\PSoC_Unicon.a(n64_zero_bit.o)
 .debug_aranges
                0x000007f0       0x80 .\CortexM3\ARM_GCC_541\Debug\PSoC_Unicon.a(count_time_to_transmit.o)
 .debug_aranges
                0x00000870       0x88 .\CortexM3\ARM_GCC_541\Debug\PSoC_Unicon.a(Timer_1.o)
 .debug_aranges
                0x000008f8       0x80 .\CortexM3\ARM_GCC_541\Debug\PSoC_Unicon.a(uart_rx_int.o)
 .debug_aranges
                0x00000978       0x88 .\CortexM3\ARM_GCC_541\Debug\PSoC_Unicon.a(Timer_2.o)
 .debug_aranges
                0x00000a00       0x20 .\CortexM3\ARM_GCC_541\Debug\PSoC_Unicon.a(CyBootAsmGnu.o)
 .debug_aranges
                0x00000a20       0x88 .\CortexM3\ARM_GCC_541\Debug\PSoC_Unicon.a(CyFlash.o)
 .debug_aranges
                0x00000aa8       0x80 .\CortexM3\ARM_GCC_541\Debug\PSoC_Unicon.a(CySpc.o)

.debug_pubnames
 *(.debug_pubnames)

.debug_info     0x00000000     0x5d85
 *(.debug_info .gnu.linkonce.wi.*)
 .debug_info    0x00000000      0x363 .\CortexM3\ARM_GCC_541\Debug\main.o
 .debug_info    0x00000363      0x5cd .\CortexM3\ARM_GCC_541\Debug\cyfitter_cfg.o
 .debug_info    0x00000930      0x139 .\CortexM3\ARM_GCC_541\Debug\cymetadata.o
 .debug_info    0x00000a69      0x3bb .\CortexM3\ARM_GCC_541\Debug\Cm3Start.o
 .debug_info    0x00000e24     0x1374 .\CortexM3\ARM_GCC_541\Debug\PSoC_Unicon.a(CyLib.o)
 .debug_info    0x00002198      0xa2a .\CortexM3\ARM_GCC_541\Debug\PSoC_Unicon.a(cyPm.o)
 .debug_info    0x00002bc2      0x60c .\CortexM3\ARM_GCC_541\Debug\PSoC_Unicon.a(UART.o)
 .debug_info    0x000031ce      0x283 .\CortexM3\ARM_GCC_541\Debug\PSoC_Unicon.a(UART_IntClock.o)
 .debug_info    0x00003451      0x715 .\CortexM3\ARM_GCC_541\Debug\PSoC_Unicon.a(LCD.o)
 .debug_info    0x00003b66      0x311 .\CortexM3\ARM_GCC_541\Debug\PSoC_Unicon.a(n64_ShiftReg_commack.o)
 .debug_info    0x00003e77      0x311 .\CortexM3\ARM_GCC_541\Debug\PSoC_Unicon.a(n64_ShiftReg_buttonstate.o)
 .debug_info    0x00004188      0x2a0 .\CortexM3\ARM_GCC_541\Debug\PSoC_Unicon.a(n64_one_bit.o)
 .debug_info    0x00004428      0x2a0 .\CortexM3\ARM_GCC_541\Debug\PSoC_Unicon.a(n64_zero_bit.o)
 .debug_info    0x000046c8      0x28f .\CortexM3\ARM_GCC_541\Debug\PSoC_Unicon.a(count_time_to_transmit.o)
 .debug_info    0x00004957      0x295 .\CortexM3\ARM_GCC_541\Debug\PSoC_Unicon.a(Timer_1.o)
 .debug_info    0x00004bec      0x2d2 .\CortexM3\ARM_GCC_541\Debug\PSoC_Unicon.a(uart_rx_int.o)
 .debug_info    0x00004ebe      0x293 .\CortexM3\ARM_GCC_541\Debug\PSoC_Unicon.a(Timer_2.o)
 .debug_info    0x00005151       0x97 .\CortexM3\ARM_GCC_541\Debug\PSoC_Unicon.a(CyBootAsmGnu.o)
 .debug_info    0x000051e8      0x64d .\CortexM3\ARM_GCC_541\Debug\PSoC_Unicon.a(CyFlash.o)
 .debug_info    0x00005835      0x550 .\CortexM3\ARM_GCC_541\Debug\PSoC_Unicon.a(CySpc.o)

.debug_abbrev   0x00000000     0x1aec
 *(.debug_abbrev)
 .debug_abbrev  0x00000000       0xfa .\CortexM3\ARM_GCC_541\Debug\main.o
 .debug_abbrev  0x000000fa      0x20d .\CortexM3\ARM_GCC_541\Debug\cyfitter_cfg.o
 .debug_abbrev  0x00000307       0x77 .\CortexM3\ARM_GCC_541\Debug\cymetadata.o
 .debug_abbrev  0x0000037e      0x1e8 .\CortexM3\ARM_GCC_541\Debug\Cm3Start.o
 .debug_abbrev  0x00000566      0x254 .\CortexM3\ARM_GCC_541\Debug\PSoC_Unicon.a(CyLib.o)
 .debug_abbrev  0x000007ba      0x1ab .\CortexM3\ARM_GCC_541\Debug\PSoC_Unicon.a(cyPm.o)
 .debug_abbrev  0x00000965      0x175 .\CortexM3\ARM_GCC_541\Debug\PSoC_Unicon.a(UART.o)
 .debug_abbrev  0x00000ada      0x139 .\CortexM3\ARM_GCC_541\Debug\PSoC_Unicon.a(UART_IntClock.o)
 .debug_abbrev  0x00000c13      0x157 .\CortexM3\ARM_GCC_541\Debug\PSoC_Unicon.a(LCD.o)
 .debug_abbrev  0x00000d6a      0x162 .\CortexM3\ARM_GCC_541\Debug\PSoC_Unicon.a(n64_ShiftReg_commack.o)
 .debug_abbrev  0x00000ecc      0x162 .\CortexM3\ARM_GCC_541\Debug\PSoC_Unicon.a(n64_ShiftReg_buttonstate.o)
 .debug_abbrev  0x0000102e      0x153 .\CortexM3\ARM_GCC_541\Debug\PSoC_Unicon.a(n64_one_bit.o)
 .debug_abbrev  0x00001181      0x153 .\CortexM3\ARM_GCC_541\Debug\PSoC_Unicon.a(n64_zero_bit.o)
 .debug_abbrev  0x000012d4      0x122 .\CortexM3\ARM_GCC_541\Debug\PSoC_Unicon.a(count_time_to_transmit.o)
 .debug_abbrev  0x000013f6      0x11a .\CortexM3\ARM_GCC_541\Debug\PSoC_Unicon.a(Timer_1.o)
 .debug_abbrev  0x00001510      0x173 .\CortexM3\ARM_GCC_541\Debug\PSoC_Unicon.a(uart_rx_int.o)
 .debug_abbrev  0x00001683      0x11a .\CortexM3\ARM_GCC_541\Debug\PSoC_Unicon.a(Timer_2.o)
 .debug_abbrev  0x0000179d       0x14 .\CortexM3\ARM_GCC_541\Debug\PSoC_Unicon.a(CyBootAsmGnu.o)
 .debug_abbrev  0x000017b1      0x1a7 .\CortexM3\ARM_GCC_541\Debug\PSoC_Unicon.a(CyFlash.o)
 .debug_abbrev  0x00001958      0x194 .\CortexM3\ARM_GCC_541\Debug\PSoC_Unicon.a(CySpc.o)

.debug_line     0x00000000     0x28b3
 *(.debug_line)
 .debug_line    0x00000000      0x251 .\CortexM3\ARM_GCC_541\Debug\main.o
 .debug_line    0x00000251      0x1f8 .\CortexM3\ARM_GCC_541\Debug\cyfitter_cfg.o
 .debug_line    0x00000449      0x141 .\CortexM3\ARM_GCC_541\Debug\cymetadata.o
 .debug_line    0x0000058a      0x234 .\CortexM3\ARM_GCC_541\Debug\Cm3Start.o
 .debug_line    0x000007be      0x816 .\CortexM3\ARM_GCC_541\Debug\PSoC_Unicon.a(CyLib.o)
 .debug_line    0x00000fd4      0x367 .\CortexM3\ARM_GCC_541\Debug\PSoC_Unicon.a(cyPm.o)
 .debug_line    0x0000133b      0x2bc .\CortexM3\ARM_GCC_541\Debug\PSoC_Unicon.a(UART.o)
 .debug_line    0x000015f7      0x17c .\CortexM3\ARM_GCC_541\Debug\PSoC_Unicon.a(UART_IntClock.o)
 .debug_line    0x00001773      0x1dc .\CortexM3\ARM_GCC_541\Debug\PSoC_Unicon.a(LCD.o)
 .debug_line    0x0000194f      0x15e .\CortexM3\ARM_GCC_541\Debug\PSoC_Unicon.a(n64_ShiftReg_commack.o)
 .debug_line    0x00001aad      0x162 .\CortexM3\ARM_GCC_541\Debug\PSoC_Unicon.a(n64_ShiftReg_buttonstate.o)
 .debug_line    0x00001c0f      0x136 .\CortexM3\ARM_GCC_541\Debug\PSoC_Unicon.a(n64_one_bit.o)
 .debug_line    0x00001d45      0x137 .\CortexM3\ARM_GCC_541\Debug\PSoC_Unicon.a(n64_zero_bit.o)
 .debug_line    0x00001e7c      0x169 .\CortexM3\ARM_GCC_541\Debug\PSoC_Unicon.a(count_time_to_transmit.o)
 .debug_line    0x00001fe5      0x15b .\CortexM3\ARM_GCC_541\Debug\PSoC_Unicon.a(Timer_1.o)
 .debug_line    0x00002140      0x138 .\CortexM3\ARM_GCC_541\Debug\PSoC_Unicon.a(uart_rx_int.o)
 .debug_line    0x00002278      0x15b .\CortexM3\ARM_GCC_541\Debug\PSoC_Unicon.a(Timer_2.o)
 .debug_line    0x000023d3       0x66 .\CortexM3\ARM_GCC_541\Debug\PSoC_Unicon.a(CyBootAsmGnu.o)
 .debug_line    0x00002439      0x21a .\CortexM3\ARM_GCC_541\Debug\PSoC_Unicon.a(CyFlash.o)
 .debug_line    0x00002653      0x260 .\CortexM3\ARM_GCC_541\Debug\PSoC_Unicon.a(CySpc.o)

.debug_frame    0x00000000     0x1cd4
 *(.debug_frame)
 .debug_frame   0x00000000       0x80 .\CortexM3\ARM_GCC_541\Debug\main.o
 .debug_frame   0x00000080       0xe4 .\CortexM3\ARM_GCC_541\Debug\cyfitter_cfg.o
 .debug_frame   0x00000164       0xb8 .\CortexM3\ARM_GCC_541\Debug\Cm3Start.o
 .debug_frame   0x0000021c      0x738 .\CortexM3\ARM_GCC_541\Debug\PSoC_Unicon.a(CyLib.o)
 .debug_frame   0x00000954      0x1f8 .\CortexM3\ARM_GCC_541\Debug\PSoC_Unicon.a(cyPm.o)
 .debug_frame   0x00000b4c      0x250 .\CortexM3\ARM_GCC_541\Debug\PSoC_Unicon.a(UART.o)
 .debug_frame   0x00000d9c       0xe0 .\CortexM3\ARM_GCC_541\Debug\PSoC_Unicon.a(UART_IntClock.o)
 .debug_frame   0x00000e7c      0x1e8 .\CortexM3\ARM_GCC_541\Debug\PSoC_Unicon.a(LCD.o)
 .debug_frame   0x00001064      0x130 .\CortexM3\ARM_GCC_541\Debug\PSoC_Unicon.a(n64_ShiftReg_commack.o)
 .debug_frame   0x00001194      0x130 .\CortexM3\ARM_GCC_541\Debug\PSoC_Unicon.a(n64_ShiftReg_buttonstate.o)
 .debug_frame   0x000012c4      0x114 .\CortexM3\ARM_GCC_541\Debug\PSoC_Unicon.a(n64_one_bit.o)
 .debug_frame   0x000013d8      0x114 .\CortexM3\ARM_GCC_541\Debug\PSoC_Unicon.a(n64_zero_bit.o)
 .debug_frame   0x000014ec      0x104 .\CortexM3\ARM_GCC_541\Debug\PSoC_Unicon.a(count_time_to_transmit.o)
 .debug_frame   0x000015f0      0x108 .\CortexM3\ARM_GCC_541\Debug\PSoC_Unicon.a(Timer_1.o)
 .debug_frame   0x000016f8      0x104 .\CortexM3\ARM_GCC_541\Debug\PSoC_Unicon.a(uart_rx_int.o)
 .debug_frame   0x000017fc      0x108 .\CortexM3\ARM_GCC_541\Debug\PSoC_Unicon.a(Timer_2.o)
 .debug_frame   0x00001904      0x194 .\CortexM3\ARM_GCC_541\Debug\PSoC_Unicon.a(CyFlash.o)
 .debug_frame   0x00001a98      0x180 .\CortexM3\ARM_GCC_541\Debug\PSoC_Unicon.a(CySpc.o)
 .debug_frame   0x00001c18       0x20 c:/program files (x86)/cypress/psoc creator/4.2/psoc creator/import/gnu/arm/5.4.1/bin/../lib/gcc/arm-none-eabi/5.4.1/../../../../arm-none-eabi/lib/armv7-m\libg_nano.a(lib_a-errno.o)
 .debug_frame   0x00001c38       0x28 c:/program files (x86)/cypress/psoc creator/4.2/psoc creator/import/gnu/arm/5.4.1/bin/../lib/gcc/arm-none-eabi/5.4.1/../../../../arm-none-eabi/lib/armv7-m\libg_nano.a(lib_a-exit.o)
 .debug_frame   0x00001c60       0x2c c:/program files (x86)/cypress/psoc creator/4.2/psoc creator/import/gnu/arm/5.4.1/bin/../lib/gcc/arm-none-eabi/5.4.1/../../../../arm-none-eabi/lib/armv7-m\libg_nano.a(lib_a-init.o)
 .debug_frame   0x00001c8c       0x28 c:/program files (x86)/cypress/psoc creator/4.2/psoc creator/import/gnu/arm/5.4.1/bin/../lib/gcc/arm-none-eabi/5.4.1/../../../../arm-none-eabi/lib/armv7-m\libg_nano.a(lib_a-memcpy-stub.o)
 .debug_frame   0x00001cb4       0x20 c:/program files (x86)/cypress/psoc creator/4.2/psoc creator/import/gnu/arm/5.4.1/bin/../lib/gcc/arm-none-eabi/5.4.1/../../../../arm-none-eabi/lib/armv7-m\libg_nano.a(lib_a-memset.o)

.debug_str      0x00000000     0x2556
 *(.debug_str)
 .debug_str     0x00000000      0x373 .\CortexM3\ARM_GCC_541\Debug\main.o
                                0x3ca (size before relaxing)
 .debug_str     0x00000373      0x1bc .\CortexM3\ARM_GCC_541\Debug\cyfitter_cfg.o
                                0x34b (size before relaxing)
 .debug_str     0x0000052f       0x75 .\CortexM3\ARM_GCC_541\Debug\cymetadata.o
                                0x1eb (size before relaxing)
 .debug_str     0x000005a4      0x144 .\CortexM3\ARM_GCC_541\Debug\Cm3Start.o
                                0x311 (size before relaxing)
 .debug_str     0x000006e8      0x854 .\CortexM3\ARM_GCC_541\Debug\PSoC_Unicon.a(CyLib.o)
                                0xa4e (size before relaxing)
 .debug_str     0x00000f3c      0x365 .\CortexM3\ARM_GCC_541\Debug\PSoC_Unicon.a(cyPm.o)
                                0x73a (size before relaxing)
 .debug_str     0x000012a1      0x279 .\CortexM3\ARM_GCC_541\Debug\PSoC_Unicon.a(UART.o)
                                0x47c (size before relaxing)
 .debug_str     0x0000151a      0x183 .\CortexM3\ARM_GCC_541\Debug\PSoC_Unicon.a(UART_IntClock.o)
                                0x33d (size before relaxing)
 .debug_str     0x0000169d      0x134 .\CortexM3\ARM_GCC_541\Debug\PSoC_Unicon.a(LCD.o)
                                0x332 (size before relaxing)
 .debug_str     0x000017d1      0x1a8 .\CortexM3\ARM_GCC_541\Debug\PSoC_Unicon.a(n64_ShiftReg_commack.o)
                                0x3c5 (size before relaxing)
 .debug_str     0x00001979      0x1b4 .\CortexM3\ARM_GCC_541\Debug\PSoC_Unicon.a(n64_ShiftReg_buttonstate.o)
                                0x3fd (size before relaxing)
 .debug_str     0x00001b2d       0xfe .\CortexM3\ARM_GCC_541\Debug\PSoC_Unicon.a(n64_one_bit.o)
                                0x31b (size before relaxing)
 .debug_str     0x00001c2b      0x109 .\CortexM3\ARM_GCC_541\Debug\PSoC_Unicon.a(n64_zero_bit.o)
                                0x328 (size before relaxing)
 .debug_str     0x00001d34      0x1f5 .\CortexM3\ARM_GCC_541\Debug\PSoC_Unicon.a(count_time_to_transmit.o)
                                0x3e1 (size before relaxing)
 .debug_str     0x00001f29      0x15e .\CortexM3\ARM_GCC_541\Debug\PSoC_Unicon.a(Timer_1.o)
                                0x31c (size before relaxing)
 .debug_str     0x00002087      0x126 .\CortexM3\ARM_GCC_541\Debug\PSoC_Unicon.a(uart_rx_int.o)
                                0x301 (size before relaxing)
 .debug_str     0x000021ad      0x142 .\CortexM3\ARM_GCC_541\Debug\PSoC_Unicon.a(Timer_2.o)
                                0x31c (size before relaxing)
 .debug_str     0x000022ef      0x1bb .\CortexM3\ARM_GCC_541\Debug\PSoC_Unicon.a(CyFlash.o)
                                0x3c7 (size before relaxing)
 .debug_str     0x000024aa       0xac .\CortexM3\ARM_GCC_541\Debug\PSoC_Unicon.a(CySpc.o)
                                0x33f (size before relaxing)

.debug_loc      0x00000000     0x272a
 *(.debug_loc)
 .debug_loc     0x00000000       0x22 .\CortexM3\ARM_GCC_541\Debug\main.o
 .debug_loc     0x00000022      0x289 .\CortexM3\ARM_GCC_541\Debug\cyfitter_cfg.o
 .debug_loc     0x000002ab      0x144 .\CortexM3\ARM_GCC_541\Debug\Cm3Start.o
 .debug_loc     0x000003ef      0xa11 .\CortexM3\ARM_GCC_541\Debug\PSoC_Unicon.a(CyLib.o)
 .debug_loc     0x00000e00      0x1e4 .\CortexM3\ARM_GCC_541\Debug\PSoC_Unicon.a(cyPm.o)
 .debug_loc     0x00000fe4      0x258 .\CortexM3\ARM_GCC_541\Debug\PSoC_Unicon.a(UART.o)
 .debug_loc     0x0000123c      0x128 .\CortexM3\ARM_GCC_541\Debug\PSoC_Unicon.a(UART_IntClock.o)
 .debug_loc     0x00001364      0x3c6 .\CortexM3\ARM_GCC_541\Debug\PSoC_Unicon.a(LCD.o)
 .debug_loc     0x0000172a      0x166 .\CortexM3\ARM_GCC_541\Debug\PSoC_Unicon.a(n64_ShiftReg_commack.o)
 .debug_loc     0x00001890      0x166 .\CortexM3\ARM_GCC_541\Debug\PSoC_Unicon.a(n64_ShiftReg_buttonstate.o)
 .debug_loc     0x000019f6      0x103 .\CortexM3\ARM_GCC_541\Debug\PSoC_Unicon.a(n64_one_bit.o)
 .debug_loc     0x00001af9      0x103 .\CortexM3\ARM_GCC_541\Debug\PSoC_Unicon.a(n64_zero_bit.o)
 .debug_loc     0x00001bfc       0x21 .\CortexM3\ARM_GCC_541\Debug\PSoC_Unicon.a(count_time_to_transmit.o)
 .debug_loc     0x00001c1d       0x56 .\CortexM3\ARM_GCC_541\Debug\PSoC_Unicon.a(uart_rx_int.o)
 .debug_loc     0x00001c73      0x3b2 .\CortexM3\ARM_GCC_541\Debug\PSoC_Unicon.a(CyFlash.o)
 .debug_loc     0x00002025      0x705 .\CortexM3\ARM_GCC_541\Debug\PSoC_Unicon.a(CySpc.o)

.debug_macinfo
 *(.debug_macinfo)

.debug_ranges   0x00000000      0x9d0
 *(.debug_ranges)
 .debug_ranges  0x00000000       0x28 .\CortexM3\ARM_GCC_541\Debug\main.o
 .debug_ranges  0x00000028       0x48 .\CortexM3\ARM_GCC_541\Debug\cyfitter_cfg.o
 .debug_ranges  0x00000070       0x38 .\CortexM3\ARM_GCC_541\Debug\Cm3Start.o
 .debug_ranges  0x000000a8      0x290 .\CortexM3\ARM_GCC_541\Debug\PSoC_Unicon.a(CyLib.o)
 .debug_ranges  0x00000338       0x88 .\CortexM3\ARM_GCC_541\Debug\PSoC_Unicon.a(cyPm.o)
 .debug_ranges  0x000003c0       0xe0 .\CortexM3\ARM_GCC_541\Debug\PSoC_Unicon.a(UART.o)
 .debug_ranges  0x000004a0       0x60 .\CortexM3\ARM_GCC_541\Debug\PSoC_Unicon.a(UART_IntClock.o)
 .debug_ranges  0x00000500       0x88 .\CortexM3\ARM_GCC_541\Debug\PSoC_Unicon.a(LCD.o)
 .debug_ranges  0x00000588       0x68 .\CortexM3\ARM_GCC_541\Debug\PSoC_Unicon.a(n64_ShiftReg_commack.o)
 .debug_ranges  0x000005f0       0x68 .\CortexM3\ARM_GCC_541\Debug\PSoC_Unicon.a(n64_ShiftReg_buttonstate.o)
 .debug_ranges  0x00000658       0x60 .\CortexM3\ARM_GCC_541\Debug\PSoC_Unicon.a(n64_one_bit.o)
 .debug_ranges  0x000006b8       0x60 .\CortexM3\ARM_GCC_541\Debug\PSoC_Unicon.a(n64_zero_bit.o)
 .debug_ranges  0x00000718       0x70 .\CortexM3\ARM_GCC_541\Debug\PSoC_Unicon.a(count_time_to_transmit.o)
 .debug_ranges  0x00000788       0x78 .\CortexM3\ARM_GCC_541\Debug\PSoC_Unicon.a(Timer_1.o)
 .debug_ranges  0x00000800       0x70 .\CortexM3\ARM_GCC_541\Debug\PSoC_Unicon.a(uart_rx_int.o)
 .debug_ranges  0x00000870       0x78 .\CortexM3\ARM_GCC_541\Debug\PSoC_Unicon.a(Timer_2.o)
 .debug_ranges  0x000008e8       0x78 .\CortexM3\ARM_GCC_541\Debug\PSoC_Unicon.a(CyFlash.o)
 .debug_ranges  0x00000960       0x70 .\CortexM3\ARM_GCC_541\Debug\PSoC_Unicon.a(CySpc.o)

.comment        0x00000000       0x6e
 .comment       0x00000000       0x6e .\CortexM3\ARM_GCC_541\Debug\main.o
                                 0x6f (size before relaxing)
 .comment       0x0000006e       0x6f .\CortexM3\ARM_GCC_541\Debug\cyfitter_cfg.o
 .comment       0x0000006e       0x6f .\CortexM3\ARM_GCC_541\Debug\cymetadata.o
 .comment       0x0000006e       0x6f .\CortexM3\ARM_GCC_541\Debug\Cm3Start.o
 .comment       0x0000006e       0x6f .\CortexM3\ARM_GCC_541\Debug\PSoC_Unicon.a(CyLib.o)
 .comment       0x0000006e       0x6f .\CortexM3\ARM_GCC_541\Debug\PSoC_Unicon.a(cyPm.o)
 .comment       0x0000006e       0x6f .\CortexM3\ARM_GCC_541\Debug\PSoC_Unicon.a(UART.o)
 .comment       0x0000006e       0x6f .\CortexM3\ARM_GCC_541\Debug\PSoC_Unicon.a(UART_IntClock.o)
 .comment       0x0000006e       0x6f .\CortexM3\ARM_GCC_541\Debug\PSoC_Unicon.a(LCD.o)
 .comment       0x0000006e       0x6f .\CortexM3\ARM_GCC_541\Debug\PSoC_Unicon.a(n64_ShiftReg_commack.o)
 .comment       0x0000006e       0x6f .\CortexM3\ARM_GCC_541\Debug\PSoC_Unicon.a(n64_ShiftReg_buttonstate.o)
 .comment       0x0000006e       0x6f .\CortexM3\ARM_GCC_541\Debug\PSoC_Unicon.a(n64_one_bit.o)
 .comment       0x0000006e       0x6f .\CortexM3\ARM_GCC_541\Debug\PSoC_Unicon.a(n64_zero_bit.o)
 .comment       0x0000006e       0x6f .\CortexM3\ARM_GCC_541\Debug\PSoC_Unicon.a(count_time_to_transmit.o)
 .comment       0x0000006e       0x6f .\CortexM3\ARM_GCC_541\Debug\PSoC_Unicon.a(Timer_1.o)
 .comment       0x0000006e       0x6f .\CortexM3\ARM_GCC_541\Debug\PSoC_Unicon.a(uart_rx_int.o)
 .comment       0x0000006e       0x6f .\CortexM3\ARM_GCC_541\Debug\PSoC_Unicon.a(Timer_2.o)
 .comment       0x0000006e       0x6f .\CortexM3\ARM_GCC_541\Debug\PSoC_Unicon.a(CyFlash.o)
 .comment       0x0000006e       0x6f .\CortexM3\ARM_GCC_541\Debug\PSoC_Unicon.a(CySpc.o)

.debug_weaknames
 *(.debug_weaknames)

.debug_funcnames
 *(.debug_funcnames)

.debug_typenames
 *(.debug_typenames)

.debug_varnames
 *(.debug_varnames)

.note.gnu.arm.ident
 *(.note.gnu.arm.ident)

.ARM.attributes
                0x00000000       0x29
 *(.ARM.attributes)
 .ARM.attributes
                0x00000000       0x1d c:/program files (x86)/cypress/psoc creator/4.2/psoc creator/import/gnu/arm/5.4.1/bin/../lib/gcc/arm-none-eabi/5.4.1/armv7-m/crti.o
 .ARM.attributes
                0x0000001d       0x2d c:/program files (x86)/cypress/psoc creator/4.2/psoc creator/import/gnu/arm/5.4.1/bin/../lib/gcc/arm-none-eabi/5.4.1/armv7-m/crtbegin.o
 .ARM.attributes
                0x0000004a       0x1b c:/program files (x86)/cypress/psoc creator/4.2/psoc creator/import/gnu/arm/5.4.1/bin/../lib/gcc/arm-none-eabi/5.4.1/../../../../arm-none-eabi/lib/armv7-m/crt0.o
 .ARM.attributes
                0x00000065       0x33 .\CortexM3\ARM_GCC_541\Debug\main.o
 .ARM.attributes
                0x00000098       0x33 .\CortexM3\ARM_GCC_541\Debug\cyfitter_cfg.o
 .ARM.attributes
                0x000000cb       0x33 .\CortexM3\ARM_GCC_541\Debug\cymetadata.o
 .ARM.attributes
                0x000000fe       0x33 .\CortexM3\ARM_GCC_541\Debug\Cm3Start.o
 .ARM.attributes
                0x00000131       0x33 .\CortexM3\ARM_GCC_541\Debug\PSoC_Unicon.a(CyLib.o)
 .ARM.attributes
                0x00000164       0x33 .\CortexM3\ARM_GCC_541\Debug\PSoC_Unicon.a(cyPm.o)
 .ARM.attributes
                0x00000197       0x33 .\CortexM3\ARM_GCC_541\Debug\PSoC_Unicon.a(UART.o)
 .ARM.attributes
                0x000001ca       0x33 .\CortexM3\ARM_GCC_541\Debug\PSoC_Unicon.a(UART_IntClock.o)
 .ARM.attributes
                0x000001fd       0x33 .\CortexM3\ARM_GCC_541\Debug\PSoC_Unicon.a(LCD.o)
 .ARM.attributes
                0x00000230       0x33 .\CortexM3\ARM_GCC_541\Debug\PSoC_Unicon.a(n64_ShiftReg_commack.o)
 .ARM.attributes
                0x00000263       0x33 .\CortexM3\ARM_GCC_541\Debug\PSoC_Unicon.a(n64_ShiftReg_buttonstate.o)
 .ARM.attributes
                0x00000296       0x33 .\CortexM3\ARM_GCC_541\Debug\PSoC_Unicon.a(n64_one_bit.o)
 .ARM.attributes
                0x000002c9       0x33 .\CortexM3\ARM_GCC_541\Debug\PSoC_Unicon.a(n64_zero_bit.o)
 .ARM.attributes
                0x000002fc       0x33 .\CortexM3\ARM_GCC_541\Debug\PSoC_Unicon.a(count_time_to_transmit.o)
 .ARM.attributes
                0x0000032f       0x33 .\CortexM3\ARM_GCC_541\Debug\PSoC_Unicon.a(Timer_1.o)
 .ARM.attributes
                0x00000362       0x33 .\CortexM3\ARM_GCC_541\Debug\PSoC_Unicon.a(uart_rx_int.o)
 .ARM.attributes
                0x00000395       0x33 .\CortexM3\ARM_GCC_541\Debug\PSoC_Unicon.a(Timer_2.o)
 .ARM.attributes
                0x000003c8       0x21 .\CortexM3\ARM_GCC_541\Debug\PSoC_Unicon.a(CyBootAsmGnu.o)
 .ARM.attributes
                0x000003e9       0x33 .\CortexM3\ARM_GCC_541\Debug\PSoC_Unicon.a(CyFlash.o)
 .ARM.attributes
                0x0000041c       0x33 .\CortexM3\ARM_GCC_541\Debug\PSoC_Unicon.a(CySpc.o)
 .ARM.attributes
                0x0000044f       0x2d c:/program files (x86)/cypress/psoc creator/4.2/psoc creator/import/gnu/arm/5.4.1/bin/../lib/gcc/arm-none-eabi/5.4.1/../../../../arm-none-eabi/lib/armv7-m\libg_nano.a(lib_a-errno.o)
 .ARM.attributes
                0x0000047c       0x2d c:/program files (x86)/cypress/psoc creator/4.2/psoc creator/import/gnu/arm/5.4.1/bin/../lib/gcc/arm-none-eabi/5.4.1/../../../../arm-none-eabi/lib/armv7-m\libg_nano.a(lib_a-exit.o)
 .ARM.attributes
                0x000004a9       0x2d c:/program files (x86)/cypress/psoc creator/4.2/psoc creator/import/gnu/arm/5.4.1/bin/../lib/gcc/arm-none-eabi/5.4.1/../../../../arm-none-eabi/lib/armv7-m\libg_nano.a(lib_a-impure.o)
 .ARM.attributes
                0x000004d6       0x2d c:/program files (x86)/cypress/psoc creator/4.2/psoc creator/import/gnu/arm/5.4.1/bin/../lib/gcc/arm-none-eabi/5.4.1/../../../../arm-none-eabi/lib/armv7-m\libg_nano.a(lib_a-init.o)
 .ARM.attributes
                0x00000503       0x2d c:/program files (x86)/cypress/psoc creator/4.2/psoc creator/import/gnu/arm/5.4.1/bin/../lib/gcc/arm-none-eabi/5.4.1/../../../../arm-none-eabi/lib/armv7-m\libg_nano.a(lib_a-memcpy-stub.o)
 .ARM.attributes
                0x00000530       0x2d c:/program files (x86)/cypress/psoc creator/4.2/psoc creator/import/gnu/arm/5.4.1/bin/../lib/gcc/arm-none-eabi/5.4.1/../../../../arm-none-eabi/lib/armv7-m\libg_nano.a(lib_a-memset.o)
 .ARM.attributes
                0x0000055d       0x2d c:/program files (x86)/cypress/psoc creator/4.2/psoc creator/import/gnu/arm/5.4.1/bin/../lib/gcc/arm-none-eabi/5.4.1/armv7-m/crtend.o
 .ARM.attributes
                0x0000058a       0x1d c:/program files (x86)/cypress/psoc creator/4.2/psoc creator/import/gnu/arm/5.4.1/bin/../lib/gcc/arm-none-eabi/5.4.1/armv7-m/crtn.o

/DISCARD/
 *(.note.GNU-stack)
OUTPUT(C:\Users\Walaa\Documents\PSoC Creator\unicon_workspace\PSoC_Unicon.cydsn\CortexM3\ARM_GCC_541\Debug\PSoC_Unicon.elf elf32-littlearm)
