ARM GAS  C:\Users\Walaa\AppData\Local\Temp\ccA2nUzk.s 			page 1


   1              		.syntax unified
   2              		.cpu cortex-m3
   3              		.fpu softvfp
   4              		.eabi_attribute 20, 1
   5              		.eabi_attribute 21, 1
   6              		.eabi_attribute 23, 3
   7              		.eabi_attribute 24, 1
   8              		.eabi_attribute 25, 1
   9              		.eabi_attribute 26, 1
  10              		.eabi_attribute 30, 1
  11              		.eabi_attribute 34, 1
  12              		.eabi_attribute 18, 4
  13              		.thumb
  14              		.syntax unified
  15              		.file	"ShiftReg_fwd.c"
  16              		.text
  17              	.Ltext0:
  18              		.cfi_sections	.debug_frame
  19              		.section	.text.ShiftReg_fwd_EnableInt,"ax",%progbits
  20              		.align	2
  21              		.global	ShiftReg_fwd_EnableInt
  22              		.thumb
  23              		.thumb_func
  24              		.type	ShiftReg_fwd_EnableInt, %function
  25              	ShiftReg_fwd_EnableInt:
  26              	.LFB4:
  27              		.file 1 "Generated_Source\\PSoC5\\ShiftReg_fwd.c"
   1:Generated_Source\PSoC5/ShiftReg_fwd.c **** /*******************************************************************************
   2:Generated_Source\PSoC5/ShiftReg_fwd.c **** * File Name: ShiftReg_fwd.c
   3:Generated_Source\PSoC5/ShiftReg_fwd.c **** * Version 2.30
   4:Generated_Source\PSoC5/ShiftReg_fwd.c **** *
   5:Generated_Source\PSoC5/ShiftReg_fwd.c **** * Description:
   6:Generated_Source\PSoC5/ShiftReg_fwd.c **** *  This file provides the API source code for the Shift Register component.
   7:Generated_Source\PSoC5/ShiftReg_fwd.c **** *
   8:Generated_Source\PSoC5/ShiftReg_fwd.c **** * Note: none
   9:Generated_Source\PSoC5/ShiftReg_fwd.c **** *
  10:Generated_Source\PSoC5/ShiftReg_fwd.c **** ********************************************************************************
  11:Generated_Source\PSoC5/ShiftReg_fwd.c **** * Copyright 2008-2013, Cypress Semiconductor Corporation.  All rights reserved.
  12:Generated_Source\PSoC5/ShiftReg_fwd.c **** * You may use this file only in accordance with the license, terms, conditions,
  13:Generated_Source\PSoC5/ShiftReg_fwd.c **** * disclaimers, and limitations in the end user license agreement accompanying
  14:Generated_Source\PSoC5/ShiftReg_fwd.c **** * the software package with which this file was provided.
  15:Generated_Source\PSoC5/ShiftReg_fwd.c **** ********************************************************************************/
  16:Generated_Source\PSoC5/ShiftReg_fwd.c **** 
  17:Generated_Source\PSoC5/ShiftReg_fwd.c **** #include "ShiftReg_fwd.h"
  18:Generated_Source\PSoC5/ShiftReg_fwd.c **** 
  19:Generated_Source\PSoC5/ShiftReg_fwd.c **** uint8 ShiftReg_fwd_initVar = 0u;
  20:Generated_Source\PSoC5/ShiftReg_fwd.c **** 
  21:Generated_Source\PSoC5/ShiftReg_fwd.c **** 
  22:Generated_Source\PSoC5/ShiftReg_fwd.c **** /*******************************************************************************
  23:Generated_Source\PSoC5/ShiftReg_fwd.c **** * Function Name: ShiftReg_fwd_Start
  24:Generated_Source\PSoC5/ShiftReg_fwd.c **** ********************************************************************************
  25:Generated_Source\PSoC5/ShiftReg_fwd.c **** *
  26:Generated_Source\PSoC5/ShiftReg_fwd.c **** * Summary:
  27:Generated_Source\PSoC5/ShiftReg_fwd.c **** *  Starts the Shift Register.
  28:Generated_Source\PSoC5/ShiftReg_fwd.c **** *
  29:Generated_Source\PSoC5/ShiftReg_fwd.c **** * Parameters:
  30:Generated_Source\PSoC5/ShiftReg_fwd.c **** *  None.
ARM GAS  C:\Users\Walaa\AppData\Local\Temp\ccA2nUzk.s 			page 2


  31:Generated_Source\PSoC5/ShiftReg_fwd.c **** *
  32:Generated_Source\PSoC5/ShiftReg_fwd.c **** * Return:
  33:Generated_Source\PSoC5/ShiftReg_fwd.c **** *  None.
  34:Generated_Source\PSoC5/ShiftReg_fwd.c **** *
  35:Generated_Source\PSoC5/ShiftReg_fwd.c **** * Global Variables:
  36:Generated_Source\PSoC5/ShiftReg_fwd.c **** *  ShiftReg_fwd_initVar - used to check initial configuration, modified on
  37:Generated_Source\PSoC5/ShiftReg_fwd.c **** *  first function call.
  38:Generated_Source\PSoC5/ShiftReg_fwd.c **** *
  39:Generated_Source\PSoC5/ShiftReg_fwd.c **** * Reentrant:
  40:Generated_Source\PSoC5/ShiftReg_fwd.c **** *  No.
  41:Generated_Source\PSoC5/ShiftReg_fwd.c **** *
  42:Generated_Source\PSoC5/ShiftReg_fwd.c **** *******************************************************************************/
  43:Generated_Source\PSoC5/ShiftReg_fwd.c **** void ShiftReg_fwd_Start(void) 
  44:Generated_Source\PSoC5/ShiftReg_fwd.c **** {
  45:Generated_Source\PSoC5/ShiftReg_fwd.c ****     if(0u == ShiftReg_fwd_initVar)
  46:Generated_Source\PSoC5/ShiftReg_fwd.c ****     {
  47:Generated_Source\PSoC5/ShiftReg_fwd.c ****         ShiftReg_fwd_Init();
  48:Generated_Source\PSoC5/ShiftReg_fwd.c ****         ShiftReg_fwd_initVar = 1u; /* Component initialized */
  49:Generated_Source\PSoC5/ShiftReg_fwd.c ****     }
  50:Generated_Source\PSoC5/ShiftReg_fwd.c **** 
  51:Generated_Source\PSoC5/ShiftReg_fwd.c ****     ShiftReg_fwd_Enable();
  52:Generated_Source\PSoC5/ShiftReg_fwd.c **** }
  53:Generated_Source\PSoC5/ShiftReg_fwd.c **** 
  54:Generated_Source\PSoC5/ShiftReg_fwd.c **** 
  55:Generated_Source\PSoC5/ShiftReg_fwd.c **** /*******************************************************************************
  56:Generated_Source\PSoC5/ShiftReg_fwd.c **** * Function Name: ShiftReg_fwd_Enable
  57:Generated_Source\PSoC5/ShiftReg_fwd.c **** ********************************************************************************
  58:Generated_Source\PSoC5/ShiftReg_fwd.c **** *
  59:Generated_Source\PSoC5/ShiftReg_fwd.c **** * Summary:
  60:Generated_Source\PSoC5/ShiftReg_fwd.c **** *  Enables the Shift Register.
  61:Generated_Source\PSoC5/ShiftReg_fwd.c **** *
  62:Generated_Source\PSoC5/ShiftReg_fwd.c **** * Parameters:
  63:Generated_Source\PSoC5/ShiftReg_fwd.c **** *  void.
  64:Generated_Source\PSoC5/ShiftReg_fwd.c **** *
  65:Generated_Source\PSoC5/ShiftReg_fwd.c **** * Return:
  66:Generated_Source\PSoC5/ShiftReg_fwd.c **** *  void.
  67:Generated_Source\PSoC5/ShiftReg_fwd.c **** *
  68:Generated_Source\PSoC5/ShiftReg_fwd.c **** *******************************************************************************/
  69:Generated_Source\PSoC5/ShiftReg_fwd.c **** void ShiftReg_fwd_Enable(void) 
  70:Generated_Source\PSoC5/ShiftReg_fwd.c **** {
  71:Generated_Source\PSoC5/ShiftReg_fwd.c ****     /* Changing address in Datapath Control Store
  72:Generated_Source\PSoC5/ShiftReg_fwd.c ****        from NOP to component state machine commands space */
  73:Generated_Source\PSoC5/ShiftReg_fwd.c ****     ShiftReg_fwd_SR_CONTROL |= ShiftReg_fwd_CLK_EN;
  74:Generated_Source\PSoC5/ShiftReg_fwd.c **** 
  75:Generated_Source\PSoC5/ShiftReg_fwd.c ****     ShiftReg_fwd_EnableInt();
  76:Generated_Source\PSoC5/ShiftReg_fwd.c **** }
  77:Generated_Source\PSoC5/ShiftReg_fwd.c **** 
  78:Generated_Source\PSoC5/ShiftReg_fwd.c **** 
  79:Generated_Source\PSoC5/ShiftReg_fwd.c **** /*******************************************************************************
  80:Generated_Source\PSoC5/ShiftReg_fwd.c **** * Function Name: ShiftReg_fwd_Init
  81:Generated_Source\PSoC5/ShiftReg_fwd.c **** ********************************************************************************
  82:Generated_Source\PSoC5/ShiftReg_fwd.c **** *
  83:Generated_Source\PSoC5/ShiftReg_fwd.c **** * Summary:
  84:Generated_Source\PSoC5/ShiftReg_fwd.c **** *  Initializes Tx and/or Rx interrupt sources with initial values.
  85:Generated_Source\PSoC5/ShiftReg_fwd.c **** *
  86:Generated_Source\PSoC5/ShiftReg_fwd.c **** * Parameters:
  87:Generated_Source\PSoC5/ShiftReg_fwd.c **** *  void.
ARM GAS  C:\Users\Walaa\AppData\Local\Temp\ccA2nUzk.s 			page 3


  88:Generated_Source\PSoC5/ShiftReg_fwd.c **** *
  89:Generated_Source\PSoC5/ShiftReg_fwd.c **** * Return:
  90:Generated_Source\PSoC5/ShiftReg_fwd.c **** *  void.
  91:Generated_Source\PSoC5/ShiftReg_fwd.c **** *
  92:Generated_Source\PSoC5/ShiftReg_fwd.c **** *******************************************************************************/
  93:Generated_Source\PSoC5/ShiftReg_fwd.c **** void ShiftReg_fwd_Init(void) 
  94:Generated_Source\PSoC5/ShiftReg_fwd.c **** {
  95:Generated_Source\PSoC5/ShiftReg_fwd.c ****     ShiftReg_fwd_SetIntMode(ShiftReg_fwd_INT_SRC);
  96:Generated_Source\PSoC5/ShiftReg_fwd.c **** }
  97:Generated_Source\PSoC5/ShiftReg_fwd.c **** 
  98:Generated_Source\PSoC5/ShiftReg_fwd.c **** 
  99:Generated_Source\PSoC5/ShiftReg_fwd.c **** /*******************************************************************************
 100:Generated_Source\PSoC5/ShiftReg_fwd.c **** * Function Name: ShiftReg_fwd_Stop
 101:Generated_Source\PSoC5/ShiftReg_fwd.c **** ********************************************************************************
 102:Generated_Source\PSoC5/ShiftReg_fwd.c **** *
 103:Generated_Source\PSoC5/ShiftReg_fwd.c **** * Summary:
 104:Generated_Source\PSoC5/ShiftReg_fwd.c **** *  Disables the Shift Register
 105:Generated_Source\PSoC5/ShiftReg_fwd.c **** *
 106:Generated_Source\PSoC5/ShiftReg_fwd.c **** * Parameters:
 107:Generated_Source\PSoC5/ShiftReg_fwd.c **** *  None.
 108:Generated_Source\PSoC5/ShiftReg_fwd.c **** *
 109:Generated_Source\PSoC5/ShiftReg_fwd.c **** * Return:
 110:Generated_Source\PSoC5/ShiftReg_fwd.c **** *  None.
 111:Generated_Source\PSoC5/ShiftReg_fwd.c **** *
 112:Generated_Source\PSoC5/ShiftReg_fwd.c **** *******************************************************************************/
 113:Generated_Source\PSoC5/ShiftReg_fwd.c **** void ShiftReg_fwd_Stop(void) 
 114:Generated_Source\PSoC5/ShiftReg_fwd.c **** {
 115:Generated_Source\PSoC5/ShiftReg_fwd.c ****     /*changing Datapath Control Store address to NOP space*/
 116:Generated_Source\PSoC5/ShiftReg_fwd.c ****     ShiftReg_fwd_SR_CONTROL &= ((uint8) ~ShiftReg_fwd_CLK_EN);
 117:Generated_Source\PSoC5/ShiftReg_fwd.c ****     ShiftReg_fwd_DisableInt();
 118:Generated_Source\PSoC5/ShiftReg_fwd.c **** }
 119:Generated_Source\PSoC5/ShiftReg_fwd.c **** 
 120:Generated_Source\PSoC5/ShiftReg_fwd.c **** 
 121:Generated_Source\PSoC5/ShiftReg_fwd.c **** /*******************************************************************************
 122:Generated_Source\PSoC5/ShiftReg_fwd.c **** * Function Name: ShiftReg_fwd_EnableInt
 123:Generated_Source\PSoC5/ShiftReg_fwd.c **** ********************************************************************************
 124:Generated_Source\PSoC5/ShiftReg_fwd.c **** *
 125:Generated_Source\PSoC5/ShiftReg_fwd.c **** * Summary:
 126:Generated_Source\PSoC5/ShiftReg_fwd.c **** *  Enables the Shift Register interrupt.
 127:Generated_Source\PSoC5/ShiftReg_fwd.c **** *
 128:Generated_Source\PSoC5/ShiftReg_fwd.c **** * Parameters:
 129:Generated_Source\PSoC5/ShiftReg_fwd.c **** *  None.
 130:Generated_Source\PSoC5/ShiftReg_fwd.c **** *
 131:Generated_Source\PSoC5/ShiftReg_fwd.c **** * Return:
 132:Generated_Source\PSoC5/ShiftReg_fwd.c **** *  None.
 133:Generated_Source\PSoC5/ShiftReg_fwd.c **** *
 134:Generated_Source\PSoC5/ShiftReg_fwd.c **** *******************************************************************************/
 135:Generated_Source\PSoC5/ShiftReg_fwd.c **** void ShiftReg_fwd_EnableInt(void) 
 136:Generated_Source\PSoC5/ShiftReg_fwd.c **** {
  28              		.loc 1 136 0
  29              		.cfi_startproc
  30              		@ args = 0, pretend = 0, frame = 0
  31              		@ frame_needed = 0, uses_anonymous_args = 0
  32 0000 08B5     		push	{r3, lr}
  33              		.cfi_def_cfa_offset 8
  34              		.cfi_offset 3, -8
  35              		.cfi_offset 14, -4
ARM GAS  C:\Users\Walaa\AppData\Local\Temp\ccA2nUzk.s 			page 4


 137:Generated_Source\PSoC5/ShiftReg_fwd.c ****     uint8 interruptState;
 138:Generated_Source\PSoC5/ShiftReg_fwd.c **** 
 139:Generated_Source\PSoC5/ShiftReg_fwd.c ****     interruptState = CyEnterCriticalSection();
  36              		.loc 1 139 0
  37 0002 FFF7FEFF 		bl	CyEnterCriticalSection
  38              	.LVL0:
 140:Generated_Source\PSoC5/ShiftReg_fwd.c ****     ShiftReg_fwd_SR_AUX_CONTROL |= ShiftReg_fwd_INTERRUPTS_ENABLE;
  39              		.loc 1 140 0
  40 0006 044A     		ldr	r2, .L3
  41 0008 1378     		ldrb	r3, [r2]	@ zero_extendqisi2
  42 000a 43F01003 		orr	r3, r3, #16
  43 000e 1370     		strb	r3, [r2]
 141:Generated_Source\PSoC5/ShiftReg_fwd.c ****     CyExitCriticalSection(interruptState);
  44              		.loc 1 141 0
  45 0010 FFF7FEFF 		bl	CyExitCriticalSection
  46              	.LVL1:
  47 0014 08BD     		pop	{r3, pc}
  48              	.L4:
  49 0016 00BF     		.align	2
  50              	.L3:
  51 0018 9B640040 		.word	1073767579
  52              		.cfi_endproc
  53              	.LFE4:
  54              		.size	ShiftReg_fwd_EnableInt, .-ShiftReg_fwd_EnableInt
  55              		.section	.text.ShiftReg_fwd_Enable,"ax",%progbits
  56              		.align	2
  57              		.global	ShiftReg_fwd_Enable
  58              		.thumb
  59              		.thumb_func
  60              		.type	ShiftReg_fwd_Enable, %function
  61              	ShiftReg_fwd_Enable:
  62              	.LFB1:
  70:Generated_Source\PSoC5/ShiftReg_fwd.c ****     /* Changing address in Datapath Control Store
  63              		.loc 1 70 0
  64              		.cfi_startproc
  65              		@ args = 0, pretend = 0, frame = 0
  66              		@ frame_needed = 0, uses_anonymous_args = 0
  67 0000 08B5     		push	{r3, lr}
  68              		.cfi_def_cfa_offset 8
  69              		.cfi_offset 3, -8
  70              		.cfi_offset 14, -4
  73:Generated_Source\PSoC5/ShiftReg_fwd.c **** 
  71              		.loc 1 73 0
  72 0002 044A     		ldr	r2, .L7
  73 0004 1378     		ldrb	r3, [r2]	@ zero_extendqisi2
  74 0006 43F00103 		orr	r3, r3, #1
  75 000a 1370     		strb	r3, [r2]
  75:Generated_Source\PSoC5/ShiftReg_fwd.c **** }
  76              		.loc 1 75 0
  77 000c FFF7FEFF 		bl	ShiftReg_fwd_EnableInt
  78              	.LVL2:
  79 0010 08BD     		pop	{r3, pc}
  80              	.L8:
  81 0012 00BF     		.align	2
  82              	.L7:
  83 0014 7A640040 		.word	1073767546
  84              		.cfi_endproc
ARM GAS  C:\Users\Walaa\AppData\Local\Temp\ccA2nUzk.s 			page 5


  85              	.LFE1:
  86              		.size	ShiftReg_fwd_Enable, .-ShiftReg_fwd_Enable
  87              		.section	.text.ShiftReg_fwd_DisableInt,"ax",%progbits
  88              		.align	2
  89              		.global	ShiftReg_fwd_DisableInt
  90              		.thumb
  91              		.thumb_func
  92              		.type	ShiftReg_fwd_DisableInt, %function
  93              	ShiftReg_fwd_DisableInt:
  94              	.LFB5:
 142:Generated_Source\PSoC5/ShiftReg_fwd.c **** }
 143:Generated_Source\PSoC5/ShiftReg_fwd.c **** 
 144:Generated_Source\PSoC5/ShiftReg_fwd.c **** 
 145:Generated_Source\PSoC5/ShiftReg_fwd.c **** /*******************************************************************************
 146:Generated_Source\PSoC5/ShiftReg_fwd.c **** * Function Name: ShiftReg_fwd_DisableInt
 147:Generated_Source\PSoC5/ShiftReg_fwd.c **** ********************************************************************************
 148:Generated_Source\PSoC5/ShiftReg_fwd.c **** *
 149:Generated_Source\PSoC5/ShiftReg_fwd.c **** * Summary:
 150:Generated_Source\PSoC5/ShiftReg_fwd.c **** *  Disables the Shift Register interrupt.
 151:Generated_Source\PSoC5/ShiftReg_fwd.c **** *
 152:Generated_Source\PSoC5/ShiftReg_fwd.c **** * Parameters:
 153:Generated_Source\PSoC5/ShiftReg_fwd.c **** *  None.
 154:Generated_Source\PSoC5/ShiftReg_fwd.c **** *
 155:Generated_Source\PSoC5/ShiftReg_fwd.c **** * Return:
 156:Generated_Source\PSoC5/ShiftReg_fwd.c **** *  None.
 157:Generated_Source\PSoC5/ShiftReg_fwd.c **** *
 158:Generated_Source\PSoC5/ShiftReg_fwd.c **** *******************************************************************************/
 159:Generated_Source\PSoC5/ShiftReg_fwd.c **** void ShiftReg_fwd_DisableInt(void) 
 160:Generated_Source\PSoC5/ShiftReg_fwd.c **** {
  95              		.loc 1 160 0
  96              		.cfi_startproc
  97              		@ args = 0, pretend = 0, frame = 0
  98              		@ frame_needed = 0, uses_anonymous_args = 0
  99 0000 08B5     		push	{r3, lr}
 100              		.cfi_def_cfa_offset 8
 101              		.cfi_offset 3, -8
 102              		.cfi_offset 14, -4
 161:Generated_Source\PSoC5/ShiftReg_fwd.c ****     uint8 interruptState;
 162:Generated_Source\PSoC5/ShiftReg_fwd.c **** 
 163:Generated_Source\PSoC5/ShiftReg_fwd.c ****     interruptState = CyEnterCriticalSection();
 103              		.loc 1 163 0
 104 0002 FFF7FEFF 		bl	CyEnterCriticalSection
 105              	.LVL3:
 164:Generated_Source\PSoC5/ShiftReg_fwd.c ****     ShiftReg_fwd_SR_AUX_CONTROL &= ((uint8) ~ShiftReg_fwd_INTERRUPTS_ENABLE);
 106              		.loc 1 164 0
 107 0006 044A     		ldr	r2, .L11
 108 0008 1378     		ldrb	r3, [r2]	@ zero_extendqisi2
 109 000a 03F0EF03 		and	r3, r3, #239
 110 000e 1370     		strb	r3, [r2]
 165:Generated_Source\PSoC5/ShiftReg_fwd.c ****     CyExitCriticalSection(interruptState);
 111              		.loc 1 165 0
 112 0010 FFF7FEFF 		bl	CyExitCriticalSection
 113              	.LVL4:
 114 0014 08BD     		pop	{r3, pc}
 115              	.L12:
 116 0016 00BF     		.align	2
 117              	.L11:
ARM GAS  C:\Users\Walaa\AppData\Local\Temp\ccA2nUzk.s 			page 6


 118 0018 9B640040 		.word	1073767579
 119              		.cfi_endproc
 120              	.LFE5:
 121              		.size	ShiftReg_fwd_DisableInt, .-ShiftReg_fwd_DisableInt
 122              		.section	.text.ShiftReg_fwd_Stop,"ax",%progbits
 123              		.align	2
 124              		.global	ShiftReg_fwd_Stop
 125              		.thumb
 126              		.thumb_func
 127              		.type	ShiftReg_fwd_Stop, %function
 128              	ShiftReg_fwd_Stop:
 129              	.LFB3:
 114:Generated_Source\PSoC5/ShiftReg_fwd.c ****     /*changing Datapath Control Store address to NOP space*/
 130              		.loc 1 114 0
 131              		.cfi_startproc
 132              		@ args = 0, pretend = 0, frame = 0
 133              		@ frame_needed = 0, uses_anonymous_args = 0
 134 0000 08B5     		push	{r3, lr}
 135              		.cfi_def_cfa_offset 8
 136              		.cfi_offset 3, -8
 137              		.cfi_offset 14, -4
 116:Generated_Source\PSoC5/ShiftReg_fwd.c ****     ShiftReg_fwd_DisableInt();
 138              		.loc 1 116 0
 139 0002 044A     		ldr	r2, .L15
 140 0004 1378     		ldrb	r3, [r2]	@ zero_extendqisi2
 141 0006 03F0FE03 		and	r3, r3, #254
 142 000a 1370     		strb	r3, [r2]
 117:Generated_Source\PSoC5/ShiftReg_fwd.c **** }
 143              		.loc 1 117 0
 144 000c FFF7FEFF 		bl	ShiftReg_fwd_DisableInt
 145              	.LVL5:
 146 0010 08BD     		pop	{r3, pc}
 147              	.L16:
 148 0012 00BF     		.align	2
 149              	.L15:
 150 0014 7A640040 		.word	1073767546
 151              		.cfi_endproc
 152              	.LFE3:
 153              		.size	ShiftReg_fwd_Stop, .-ShiftReg_fwd_Stop
 154              		.section	.text.ShiftReg_fwd_GetFIFOStatus,"ax",%progbits
 155              		.align	2
 156              		.global	ShiftReg_fwd_GetFIFOStatus
 157              		.thumb
 158              		.thumb_func
 159              		.type	ShiftReg_fwd_GetFIFOStatus, %function
 160              	ShiftReg_fwd_GetFIFOStatus:
 161              	.LFB6:
 166:Generated_Source\PSoC5/ShiftReg_fwd.c **** }
 167:Generated_Source\PSoC5/ShiftReg_fwd.c **** 
 168:Generated_Source\PSoC5/ShiftReg_fwd.c **** 
 169:Generated_Source\PSoC5/ShiftReg_fwd.c **** /*******************************************************************************
 170:Generated_Source\PSoC5/ShiftReg_fwd.c **** * Function Name: ShiftReg_fwd_GetFIFOStatus
 171:Generated_Source\PSoC5/ShiftReg_fwd.c **** ********************************************************************************
 172:Generated_Source\PSoC5/ShiftReg_fwd.c **** *
 173:Generated_Source\PSoC5/ShiftReg_fwd.c **** * Summary:
 174:Generated_Source\PSoC5/ShiftReg_fwd.c **** *  Returns current status of input or output FIFO.
 175:Generated_Source\PSoC5/ShiftReg_fwd.c **** *
ARM GAS  C:\Users\Walaa\AppData\Local\Temp\ccA2nUzk.s 			page 7


 176:Generated_Source\PSoC5/ShiftReg_fwd.c **** * Parameters:
 177:Generated_Source\PSoC5/ShiftReg_fwd.c **** *  fifoId.
 178:Generated_Source\PSoC5/ShiftReg_fwd.c **** *
 179:Generated_Source\PSoC5/ShiftReg_fwd.c **** * Return:
 180:Generated_Source\PSoC5/ShiftReg_fwd.c **** *  FIFO status.
 181:Generated_Source\PSoC5/ShiftReg_fwd.c **** *
 182:Generated_Source\PSoC5/ShiftReg_fwd.c **** *******************************************************************************/
 183:Generated_Source\PSoC5/ShiftReg_fwd.c **** uint8 ShiftReg_fwd_GetFIFOStatus(uint8 fifoId) 
 184:Generated_Source\PSoC5/ShiftReg_fwd.c **** {
 162              		.loc 1 184 0
 163              		.cfi_startproc
 164              		@ args = 0, pretend = 0, frame = 0
 165              		@ frame_needed = 0, uses_anonymous_args = 0
 166              		@ link register save eliminated.
 167              	.LVL6:
 168 0000 0346     		mov	r3, r0
 169              	.LVL7:
 185:Generated_Source\PSoC5/ShiftReg_fwd.c ****     uint8 result;
 186:Generated_Source\PSoC5/ShiftReg_fwd.c **** 
 187:Generated_Source\PSoC5/ShiftReg_fwd.c ****     result = ShiftReg_fwd_RET_FIFO_NOT_DEFINED;
 188:Generated_Source\PSoC5/ShiftReg_fwd.c **** 
 189:Generated_Source\PSoC5/ShiftReg_fwd.c ****     #if(0u != ShiftReg_fwd_USE_INPUT_FIFO)
 190:Generated_Source\PSoC5/ShiftReg_fwd.c ****         if(ShiftReg_fwd_IN_FIFO == fifoId)
 170              		.loc 1 190 0
 171 0002 0128     		cmp	r0, #1
 172 0004 0BD1     		bne	.L24
 191:Generated_Source\PSoC5/ShiftReg_fwd.c ****         {
 192:Generated_Source\PSoC5/ShiftReg_fwd.c ****             switch(ShiftReg_fwd_GET_IN_FIFO_STS)
 173              		.loc 1 192 0
 174 0006 0F4A     		ldr	r2, .L28
 175 0008 1278     		ldrb	r2, [r2]	@ zero_extendqisi2
 176 000a C2F3C102 		ubfx	r2, r2, #3, #2
 177 000e 12B1     		cbz	r2, .L19
 178 0010 022A     		cmp	r2, #2
 179 0012 02D0     		beq	.L20
 180 0014 05E0     		b	.L27
 181              	.L19:
 193:Generated_Source\PSoC5/ShiftReg_fwd.c ****             {
 194:Generated_Source\PSoC5/ShiftReg_fwd.c ****                 case ShiftReg_fwd_IN_FIFO_FULL :
 195:Generated_Source\PSoC5/ShiftReg_fwd.c ****                     result = ShiftReg_fwd_RET_FIFO_FULL;
 182              		.loc 1 195 0
 183 0016 0020     		movs	r0, #0
 184              	.LVL8:
 185 0018 04E0     		b	.L18
 186              	.LVL9:
 187              	.L20:
 196:Generated_Source\PSoC5/ShiftReg_fwd.c ****                     break;
 197:Generated_Source\PSoC5/ShiftReg_fwd.c **** 
 198:Generated_Source\PSoC5/ShiftReg_fwd.c ****                 case ShiftReg_fwd_IN_FIFO_EMPTY :
 199:Generated_Source\PSoC5/ShiftReg_fwd.c ****                     result = ShiftReg_fwd_RET_FIFO_EMPTY;
 200:Generated_Source\PSoC5/ShiftReg_fwd.c ****                     break;
 201:Generated_Source\PSoC5/ShiftReg_fwd.c **** 
 202:Generated_Source\PSoC5/ShiftReg_fwd.c ****                 case ShiftReg_fwd_IN_FIFO_PARTIAL:
 203:Generated_Source\PSoC5/ShiftReg_fwd.c ****                     result = ShiftReg_fwd_RET_FIFO_PARTIAL;
 188              		.loc 1 203 0
 189 001a 0120     		movs	r0, #1
 190              	.LVL10:
ARM GAS  C:\Users\Walaa\AppData\Local\Temp\ccA2nUzk.s 			page 8


 204:Generated_Source\PSoC5/ShiftReg_fwd.c ****                     break;
 191              		.loc 1 204 0
 192 001c 02E0     		b	.L18
 193              	.LVL11:
 194              	.L24:
 187:Generated_Source\PSoC5/ShiftReg_fwd.c **** 
 195              		.loc 1 187 0
 196 001e FE20     		movs	r0, #254
 197              	.LVL12:
 198 0020 00E0     		b	.L18
 199              	.LVL13:
 200              	.L27:
 199:Generated_Source\PSoC5/ShiftReg_fwd.c ****                     break;
 201              		.loc 1 199 0
 202 0022 0220     		movs	r0, #2
 203              	.LVL14:
 204              	.L18:
 205:Generated_Source\PSoC5/ShiftReg_fwd.c ****                     
 206:Generated_Source\PSoC5/ShiftReg_fwd.c ****                 default:
 207:Generated_Source\PSoC5/ShiftReg_fwd.c ****                     /* Initial result value, while 
 208:Generated_Source\PSoC5/ShiftReg_fwd.c ****                        IN_FIFO_EMPTY case is false 
 209:Generated_Source\PSoC5/ShiftReg_fwd.c ****                      */
 210:Generated_Source\PSoC5/ShiftReg_fwd.c ****                     result = ShiftReg_fwd_RET_FIFO_EMPTY;
 211:Generated_Source\PSoC5/ShiftReg_fwd.c ****                     break;
 212:Generated_Source\PSoC5/ShiftReg_fwd.c ****             }   
 213:Generated_Source\PSoC5/ShiftReg_fwd.c ****         }
 214:Generated_Source\PSoC5/ShiftReg_fwd.c ****     #endif /* (0u != ShiftReg_fwd_USE_INPUT_FIFO) */
 215:Generated_Source\PSoC5/ShiftReg_fwd.c **** 
 216:Generated_Source\PSoC5/ShiftReg_fwd.c ****     if(ShiftReg_fwd_OUT_FIFO == fifoId)
 205              		.loc 1 216 0
 206 0024 022B     		cmp	r3, #2
 207 0026 0BD1     		bne	.L21
 217:Generated_Source\PSoC5/ShiftReg_fwd.c ****     {
 218:Generated_Source\PSoC5/ShiftReg_fwd.c ****         switch(ShiftReg_fwd_GET_OUT_FIFO_STS)
 208              		.loc 1 218 0
 209 0028 064B     		ldr	r3, .L28
 210 002a 1B78     		ldrb	r3, [r3]	@ zero_extendqisi2
 211 002c C3F34113 		ubfx	r3, r3, #5, #2
 212 0030 2BB1     		cbz	r3, .L26
 213 0032 022B     		cmp	r3, #2
 214 0034 01D0     		beq	.L23
 219:Generated_Source\PSoC5/ShiftReg_fwd.c ****         {
 220:Generated_Source\PSoC5/ShiftReg_fwd.c ****             case ShiftReg_fwd_OUT_FIFO_FULL :
 221:Generated_Source\PSoC5/ShiftReg_fwd.c ****                 result = ShiftReg_fwd_RET_FIFO_FULL;
 215              		.loc 1 221 0
 216 0036 0020     		movs	r0, #0
 217              	.LVL15:
 218 0038 7047     		bx	lr
 219              	.LVL16:
 220              	.L23:
 222:Generated_Source\PSoC5/ShiftReg_fwd.c ****                 break;
 223:Generated_Source\PSoC5/ShiftReg_fwd.c **** 
 224:Generated_Source\PSoC5/ShiftReg_fwd.c ****             case ShiftReg_fwd_OUT_FIFO_EMPTY :
 225:Generated_Source\PSoC5/ShiftReg_fwd.c ****                 result = ShiftReg_fwd_RET_FIFO_EMPTY;
 226:Generated_Source\PSoC5/ShiftReg_fwd.c ****                 break;
 227:Generated_Source\PSoC5/ShiftReg_fwd.c **** 
 228:Generated_Source\PSoC5/ShiftReg_fwd.c ****             case ShiftReg_fwd_OUT_FIFO_PARTIAL :
ARM GAS  C:\Users\Walaa\AppData\Local\Temp\ccA2nUzk.s 			page 9


 229:Generated_Source\PSoC5/ShiftReg_fwd.c ****                 result = ShiftReg_fwd_RET_FIFO_PARTIAL;
 221              		.loc 1 229 0
 222 003a 0120     		movs	r0, #1
 230:Generated_Source\PSoC5/ShiftReg_fwd.c ****                 break;
 223              		.loc 1 230 0
 224 003c 7047     		bx	lr
 225              	.LVL17:
 226              	.L26:
 225:Generated_Source\PSoC5/ShiftReg_fwd.c ****                 break;
 227              		.loc 1 225 0
 228 003e 0220     		movs	r0, #2
 229              	.LVL18:
 230              	.L21:
 231:Generated_Source\PSoC5/ShiftReg_fwd.c **** 
 232:Generated_Source\PSoC5/ShiftReg_fwd.c ****             default:
 233:Generated_Source\PSoC5/ShiftReg_fwd.c ****                 /* Initial result value, while 
 234:Generated_Source\PSoC5/ShiftReg_fwd.c ****                    OUT_FIFO_FULL case is false 
 235:Generated_Source\PSoC5/ShiftReg_fwd.c ****                  */
 236:Generated_Source\PSoC5/ShiftReg_fwd.c ****                 result = ShiftReg_fwd_RET_FIFO_FULL;
 237:Generated_Source\PSoC5/ShiftReg_fwd.c ****                 break;
 238:Generated_Source\PSoC5/ShiftReg_fwd.c ****         }
 239:Generated_Source\PSoC5/ShiftReg_fwd.c ****     }
 240:Generated_Source\PSoC5/ShiftReg_fwd.c **** 
 241:Generated_Source\PSoC5/ShiftReg_fwd.c ****     return(result);
 242:Generated_Source\PSoC5/ShiftReg_fwd.c **** }
 231              		.loc 1 242 0
 232 0040 7047     		bx	lr
 233              	.L29:
 234 0042 00BF     		.align	2
 235              	.L28:
 236 0044 6B640040 		.word	1073767531
 237              		.cfi_endproc
 238              	.LFE6:
 239              		.size	ShiftReg_fwd_GetFIFOStatus, .-ShiftReg_fwd_GetFIFOStatus
 240              		.section	.text.ShiftReg_fwd_SetIntMode,"ax",%progbits
 241              		.align	2
 242              		.global	ShiftReg_fwd_SetIntMode
 243              		.thumb
 244              		.thumb_func
 245              		.type	ShiftReg_fwd_SetIntMode, %function
 246              	ShiftReg_fwd_SetIntMode:
 247              	.LFB7:
 243:Generated_Source\PSoC5/ShiftReg_fwd.c **** 
 244:Generated_Source\PSoC5/ShiftReg_fwd.c **** 
 245:Generated_Source\PSoC5/ShiftReg_fwd.c **** /*******************************************************************************
 246:Generated_Source\PSoC5/ShiftReg_fwd.c **** * Function Name: ShiftReg_fwd_SetIntMode
 247:Generated_Source\PSoC5/ShiftReg_fwd.c **** ********************************************************************************
 248:Generated_Source\PSoC5/ShiftReg_fwd.c **** *
 249:Generated_Source\PSoC5/ShiftReg_fwd.c **** * Summary:
 250:Generated_Source\PSoC5/ShiftReg_fwd.c **** *  Sets the Interrupt Source for the Shift Register interrupt. Multiple
 251:Generated_Source\PSoC5/ShiftReg_fwd.c **** *  sources may be ORed together
 252:Generated_Source\PSoC5/ShiftReg_fwd.c **** *
 253:Generated_Source\PSoC5/ShiftReg_fwd.c **** * Parameters:
 254:Generated_Source\PSoC5/ShiftReg_fwd.c **** *  interruptSource: Byte containing the constant for the selected interrupt
 255:Generated_Source\PSoC5/ShiftReg_fwd.c **** *  source/s.
 256:Generated_Source\PSoC5/ShiftReg_fwd.c **** *
 257:Generated_Source\PSoC5/ShiftReg_fwd.c **** * Return:
ARM GAS  C:\Users\Walaa\AppData\Local\Temp\ccA2nUzk.s 			page 10


 258:Generated_Source\PSoC5/ShiftReg_fwd.c **** *  None.
 259:Generated_Source\PSoC5/ShiftReg_fwd.c **** *
 260:Generated_Source\PSoC5/ShiftReg_fwd.c **** *******************************************************************************/
 261:Generated_Source\PSoC5/ShiftReg_fwd.c **** void ShiftReg_fwd_SetIntMode(uint8 interruptSource) 
 262:Generated_Source\PSoC5/ShiftReg_fwd.c **** {
 248              		.loc 1 262 0
 249              		.cfi_startproc
 250              		@ args = 0, pretend = 0, frame = 0
 251              		@ frame_needed = 0, uses_anonymous_args = 0
 252              		@ link register save eliminated.
 253              	.LVL19:
 263:Generated_Source\PSoC5/ShiftReg_fwd.c ****     ShiftReg_fwd_SR_STATUS_MASK &= ((uint8) ~ShiftReg_fwd_INTS_EN_MASK);          /* Clear existing
 254              		.loc 1 263 0
 255 0000 054B     		ldr	r3, .L31
 256 0002 1A78     		ldrb	r2, [r3]	@ zero_extendqisi2
 257 0004 02F0F802 		and	r2, r2, #248
 258 0008 1A70     		strb	r2, [r3]
 264:Generated_Source\PSoC5/ShiftReg_fwd.c ****     ShiftReg_fwd_SR_STATUS_MASK |= (interruptSource & ShiftReg_fwd_INTS_EN_MASK); /* Set int */
 259              		.loc 1 264 0
 260 000a 1A78     		ldrb	r2, [r3]	@ zero_extendqisi2
 261 000c 00F00700 		and	r0, r0, #7
 262              	.LVL20:
 263 0010 1043     		orrs	r0, r0, r2
 264 0012 1870     		strb	r0, [r3]
 265 0014 7047     		bx	lr
 266              	.L32:
 267 0016 00BF     		.align	2
 268              	.L31:
 269 0018 8B640040 		.word	1073767563
 270              		.cfi_endproc
 271              	.LFE7:
 272              		.size	ShiftReg_fwd_SetIntMode, .-ShiftReg_fwd_SetIntMode
 273              		.section	.text.ShiftReg_fwd_Init,"ax",%progbits
 274              		.align	2
 275              		.global	ShiftReg_fwd_Init
 276              		.thumb
 277              		.thumb_func
 278              		.type	ShiftReg_fwd_Init, %function
 279              	ShiftReg_fwd_Init:
 280              	.LFB2:
  94:Generated_Source\PSoC5/ShiftReg_fwd.c ****     ShiftReg_fwd_SetIntMode(ShiftReg_fwd_INT_SRC);
 281              		.loc 1 94 0
 282              		.cfi_startproc
 283              		@ args = 0, pretend = 0, frame = 0
 284              		@ frame_needed = 0, uses_anonymous_args = 0
 285 0000 08B5     		push	{r3, lr}
 286              		.cfi_def_cfa_offset 8
 287              		.cfi_offset 3, -8
 288              		.cfi_offset 14, -4
  95:Generated_Source\PSoC5/ShiftReg_fwd.c **** }
 289              		.loc 1 95 0
 290 0002 0020     		movs	r0, #0
 291 0004 FFF7FEFF 		bl	ShiftReg_fwd_SetIntMode
 292              	.LVL21:
 293 0008 08BD     		pop	{r3, pc}
 294              		.cfi_endproc
 295              	.LFE2:
ARM GAS  C:\Users\Walaa\AppData\Local\Temp\ccA2nUzk.s 			page 11


 296              		.size	ShiftReg_fwd_Init, .-ShiftReg_fwd_Init
 297 000a 00BF     		.section	.text.ShiftReg_fwd_Start,"ax",%progbits
 298              		.align	2
 299              		.global	ShiftReg_fwd_Start
 300              		.thumb
 301              		.thumb_func
 302              		.type	ShiftReg_fwd_Start, %function
 303              	ShiftReg_fwd_Start:
 304              	.LFB0:
  44:Generated_Source\PSoC5/ShiftReg_fwd.c ****     if(0u == ShiftReg_fwd_initVar)
 305              		.loc 1 44 0
 306              		.cfi_startproc
 307              		@ args = 0, pretend = 0, frame = 0
 308              		@ frame_needed = 0, uses_anonymous_args = 0
 309 0000 08B5     		push	{r3, lr}
 310              		.cfi_def_cfa_offset 8
 311              		.cfi_offset 3, -8
 312              		.cfi_offset 14, -4
  45:Generated_Source\PSoC5/ShiftReg_fwd.c ****     {
 313              		.loc 1 45 0
 314 0002 054B     		ldr	r3, .L38
 315 0004 1B78     		ldrb	r3, [r3]	@ zero_extendqisi2
 316 0006 23B9     		cbnz	r3, .L36
  47:Generated_Source\PSoC5/ShiftReg_fwd.c ****         ShiftReg_fwd_initVar = 1u; /* Component initialized */
 317              		.loc 1 47 0
 318 0008 FFF7FEFF 		bl	ShiftReg_fwd_Init
 319              	.LVL22:
  48:Generated_Source\PSoC5/ShiftReg_fwd.c ****     }
 320              		.loc 1 48 0
 321 000c 0122     		movs	r2, #1
 322 000e 024B     		ldr	r3, .L38
 323 0010 1A70     		strb	r2, [r3]
 324              	.L36:
  51:Generated_Source\PSoC5/ShiftReg_fwd.c **** }
 325              		.loc 1 51 0
 326 0012 FFF7FEFF 		bl	ShiftReg_fwd_Enable
 327              	.LVL23:
 328 0016 08BD     		pop	{r3, pc}
 329              	.L39:
 330              		.align	2
 331              	.L38:
 332 0018 00000000 		.word	.LANCHOR0
 333              		.cfi_endproc
 334              	.LFE0:
 335              		.size	ShiftReg_fwd_Start, .-ShiftReg_fwd_Start
 336              		.section	.text.ShiftReg_fwd_GetIntStatus,"ax",%progbits
 337              		.align	2
 338              		.global	ShiftReg_fwd_GetIntStatus
 339              		.thumb
 340              		.thumb_func
 341              		.type	ShiftReg_fwd_GetIntStatus, %function
 342              	ShiftReg_fwd_GetIntStatus:
 343              	.LFB8:
 265:Generated_Source\PSoC5/ShiftReg_fwd.c **** }
 266:Generated_Source\PSoC5/ShiftReg_fwd.c **** 
 267:Generated_Source\PSoC5/ShiftReg_fwd.c **** 
 268:Generated_Source\PSoC5/ShiftReg_fwd.c **** /*******************************************************************************
ARM GAS  C:\Users\Walaa\AppData\Local\Temp\ccA2nUzk.s 			page 12


 269:Generated_Source\PSoC5/ShiftReg_fwd.c **** * Function Name: ShiftReg_fwd_GetIntStatus
 270:Generated_Source\PSoC5/ShiftReg_fwd.c **** ********************************************************************************
 271:Generated_Source\PSoC5/ShiftReg_fwd.c **** *
 272:Generated_Source\PSoC5/ShiftReg_fwd.c **** * Summary:
 273:Generated_Source\PSoC5/ShiftReg_fwd.c **** *  Gets the Shift Register Interrupt status.
 274:Generated_Source\PSoC5/ShiftReg_fwd.c **** *
 275:Generated_Source\PSoC5/ShiftReg_fwd.c **** * Parameters:
 276:Generated_Source\PSoC5/ShiftReg_fwd.c **** *  None.
 277:Generated_Source\PSoC5/ShiftReg_fwd.c **** *
 278:Generated_Source\PSoC5/ShiftReg_fwd.c **** * Return:
 279:Generated_Source\PSoC5/ShiftReg_fwd.c **** *  Byte containing the constant for the selected interrupt source/s.
 280:Generated_Source\PSoC5/ShiftReg_fwd.c **** *
 281:Generated_Source\PSoC5/ShiftReg_fwd.c **** *******************************************************************************/
 282:Generated_Source\PSoC5/ShiftReg_fwd.c **** uint8 ShiftReg_fwd_GetIntStatus(void) 
 283:Generated_Source\PSoC5/ShiftReg_fwd.c **** {
 344              		.loc 1 283 0
 345              		.cfi_startproc
 346              		@ args = 0, pretend = 0, frame = 0
 347              		@ frame_needed = 0, uses_anonymous_args = 0
 348              		@ link register save eliminated.
 284:Generated_Source\PSoC5/ShiftReg_fwd.c ****     return(ShiftReg_fwd_SR_STATUS & ShiftReg_fwd_INTS_EN_MASK);
 349              		.loc 1 284 0
 350 0000 024B     		ldr	r3, .L41
 351 0002 1878     		ldrb	r0, [r3]	@ zero_extendqisi2
 285:Generated_Source\PSoC5/ShiftReg_fwd.c **** }
 352              		.loc 1 285 0
 353 0004 00F00700 		and	r0, r0, #7
 354 0008 7047     		bx	lr
 355              	.L42:
 356 000a 00BF     		.align	2
 357              	.L41:
 358 000c 6B640040 		.word	1073767531
 359              		.cfi_endproc
 360              	.LFE8:
 361              		.size	ShiftReg_fwd_GetIntStatus, .-ShiftReg_fwd_GetIntStatus
 362              		.section	.text.ShiftReg_fwd_WriteRegValue,"ax",%progbits
 363              		.align	2
 364              		.global	ShiftReg_fwd_WriteRegValue
 365              		.thumb
 366              		.thumb_func
 367              		.type	ShiftReg_fwd_WriteRegValue, %function
 368              	ShiftReg_fwd_WriteRegValue:
 369              	.LFB9:
 286:Generated_Source\PSoC5/ShiftReg_fwd.c **** 
 287:Generated_Source\PSoC5/ShiftReg_fwd.c **** 
 288:Generated_Source\PSoC5/ShiftReg_fwd.c **** /*******************************************************************************
 289:Generated_Source\PSoC5/ShiftReg_fwd.c **** * Function Name: ShiftReg_fwd_WriteRegValue
 290:Generated_Source\PSoC5/ShiftReg_fwd.c **** ********************************************************************************
 291:Generated_Source\PSoC5/ShiftReg_fwd.c **** *
 292:Generated_Source\PSoC5/ShiftReg_fwd.c **** * Summary:
 293:Generated_Source\PSoC5/ShiftReg_fwd.c **** *  Send state directly to shift register
 294:Generated_Source\PSoC5/ShiftReg_fwd.c **** *
 295:Generated_Source\PSoC5/ShiftReg_fwd.c **** * Parameters:
 296:Generated_Source\PSoC5/ShiftReg_fwd.c **** *  shiftData: containing shift register state.
 297:Generated_Source\PSoC5/ShiftReg_fwd.c **** *
 298:Generated_Source\PSoC5/ShiftReg_fwd.c **** * Return:
 299:Generated_Source\PSoC5/ShiftReg_fwd.c **** *  None.
ARM GAS  C:\Users\Walaa\AppData\Local\Temp\ccA2nUzk.s 			page 13


 300:Generated_Source\PSoC5/ShiftReg_fwd.c **** *
 301:Generated_Source\PSoC5/ShiftReg_fwd.c **** *******************************************************************************/
 302:Generated_Source\PSoC5/ShiftReg_fwd.c **** void ShiftReg_fwd_WriteRegValue(uint32 shiftData)
 303:Generated_Source\PSoC5/ShiftReg_fwd.c ****                                                                      
 304:Generated_Source\PSoC5/ShiftReg_fwd.c **** {
 370              		.loc 1 304 0
 371              		.cfi_startproc
 372              		@ args = 0, pretend = 0, frame = 0
 373              		@ frame_needed = 0, uses_anonymous_args = 0
 374              		@ link register save eliminated.
 375              	.LVL24:
 305:Generated_Source\PSoC5/ShiftReg_fwd.c ****     CY_SET_REG32(ShiftReg_fwd_SHIFT_REG_LSB_PTR, shiftData);
 376              		.loc 1 305 0
 377 0000 014B     		ldr	r3, .L44
 378 0002 1860     		str	r0, [r3]
 379 0004 7047     		bx	lr
 380              	.L45:
 381 0006 00BF     		.align	2
 382              	.L44:
 383 0008 08640040 		.word	1073767432
 384              		.cfi_endproc
 385              	.LFE9:
 386              		.size	ShiftReg_fwd_WriteRegValue, .-ShiftReg_fwd_WriteRegValue
 387              		.section	.text.ShiftReg_fwd_WriteData,"ax",%progbits
 388              		.align	2
 389              		.global	ShiftReg_fwd_WriteData
 390              		.thumb
 391              		.thumb_func
 392              		.type	ShiftReg_fwd_WriteData, %function
 393              	ShiftReg_fwd_WriteData:
 394              	.LFB10:
 306:Generated_Source\PSoC5/ShiftReg_fwd.c **** }
 307:Generated_Source\PSoC5/ShiftReg_fwd.c **** 
 308:Generated_Source\PSoC5/ShiftReg_fwd.c **** 
 309:Generated_Source\PSoC5/ShiftReg_fwd.c **** #if(0u != ShiftReg_fwd_USE_INPUT_FIFO)
 310:Generated_Source\PSoC5/ShiftReg_fwd.c ****     /*******************************************************************************
 311:Generated_Source\PSoC5/ShiftReg_fwd.c ****     * Function Name: ShiftReg_fwd_WriteData
 312:Generated_Source\PSoC5/ShiftReg_fwd.c ****     ********************************************************************************
 313:Generated_Source\PSoC5/ShiftReg_fwd.c ****     *
 314:Generated_Source\PSoC5/ShiftReg_fwd.c ****     * Summary:
 315:Generated_Source\PSoC5/ShiftReg_fwd.c ****     *  Send state to FIFO for later transfer to shift register based on the Load
 316:Generated_Source\PSoC5/ShiftReg_fwd.c ****     *  input
 317:Generated_Source\PSoC5/ShiftReg_fwd.c ****     *
 318:Generated_Source\PSoC5/ShiftReg_fwd.c ****     * Parameters:
 319:Generated_Source\PSoC5/ShiftReg_fwd.c ****     *  shiftData: containing shift register state.
 320:Generated_Source\PSoC5/ShiftReg_fwd.c ****     *
 321:Generated_Source\PSoC5/ShiftReg_fwd.c ****     * Return:
 322:Generated_Source\PSoC5/ShiftReg_fwd.c ****     *  Indicates: successful execution of function
 323:Generated_Source\PSoC5/ShiftReg_fwd.c ****     *  when FIFO is empty; and error when FIFO is full.
 324:Generated_Source\PSoC5/ShiftReg_fwd.c ****     *
 325:Generated_Source\PSoC5/ShiftReg_fwd.c ****     * Reentrant:
 326:Generated_Source\PSoC5/ShiftReg_fwd.c ****     *  No.
 327:Generated_Source\PSoC5/ShiftReg_fwd.c ****     *
 328:Generated_Source\PSoC5/ShiftReg_fwd.c ****     *******************************************************************************/
 329:Generated_Source\PSoC5/ShiftReg_fwd.c ****     cystatus ShiftReg_fwd_WriteData(uint32 shiftData)
 330:Generated_Source\PSoC5/ShiftReg_fwd.c ****                                                                          
 331:Generated_Source\PSoC5/ShiftReg_fwd.c ****     {
ARM GAS  C:\Users\Walaa\AppData\Local\Temp\ccA2nUzk.s 			page 14


 395              		.loc 1 331 0
 396              		.cfi_startproc
 397              		@ args = 0, pretend = 0, frame = 0
 398              		@ frame_needed = 0, uses_anonymous_args = 0
 399              	.LVL25:
 400 0000 10B5     		push	{r4, lr}
 401              		.cfi_def_cfa_offset 8
 402              		.cfi_offset 4, -8
 403              		.cfi_offset 14, -4
 404 0002 0446     		mov	r4, r0
 405              	.LVL26:
 332:Generated_Source\PSoC5/ShiftReg_fwd.c ****         cystatus result;
 333:Generated_Source\PSoC5/ShiftReg_fwd.c **** 
 334:Generated_Source\PSoC5/ShiftReg_fwd.c ****         result = CYRET_INVALID_STATE;
 335:Generated_Source\PSoC5/ShiftReg_fwd.c **** 
 336:Generated_Source\PSoC5/ShiftReg_fwd.c ****         /* Writes data into the input FIFO if it is not FULL */
 337:Generated_Source\PSoC5/ShiftReg_fwd.c ****         if(ShiftReg_fwd_RET_FIFO_FULL != (ShiftReg_fwd_GetFIFOStatus(ShiftReg_fwd_IN_FIFO)))
 406              		.loc 1 337 0
 407 0004 0120     		movs	r0, #1
 408              	.LVL27:
 409 0006 FFF7FEFF 		bl	ShiftReg_fwd_GetFIFOStatus
 410              	.LVL28:
 411 000a 18B1     		cbz	r0, .L48
 338:Generated_Source\PSoC5/ShiftReg_fwd.c ****         {
 339:Generated_Source\PSoC5/ShiftReg_fwd.c ****             CY_SET_REG32(ShiftReg_fwd_IN_FIFO_VAL_LSB_PTR, shiftData);
 412              		.loc 1 339 0
 413 000c 024B     		ldr	r3, .L50
 414 000e 1C60     		str	r4, [r3]
 415              	.LVL29:
 340:Generated_Source\PSoC5/ShiftReg_fwd.c ****             result = CYRET_SUCCESS;
 416              		.loc 1 340 0
 417 0010 0020     		movs	r0, #0
 418 0012 10BD     		pop	{r4, pc}
 419              	.LVL30:
 420              	.L48:
 334:Generated_Source\PSoC5/ShiftReg_fwd.c **** 
 421              		.loc 1 334 0
 422 0014 1120     		movs	r0, #17
 423              	.LVL31:
 341:Generated_Source\PSoC5/ShiftReg_fwd.c ****         }
 342:Generated_Source\PSoC5/ShiftReg_fwd.c **** 
 343:Generated_Source\PSoC5/ShiftReg_fwd.c ****         return(result);
 344:Generated_Source\PSoC5/ShiftReg_fwd.c ****     }
 424              		.loc 1 344 0
 425 0016 10BD     		pop	{r4, pc}
 426              	.LVL32:
 427              	.L51:
 428              		.align	2
 429              	.L50:
 430 0018 48640040 		.word	1073767496
 431              		.cfi_endproc
 432              	.LFE10:
 433              		.size	ShiftReg_fwd_WriteData, .-ShiftReg_fwd_WriteData
 434              		.section	.text.ShiftReg_fwd_ReadData,"ax",%progbits
 435              		.align	2
 436              		.global	ShiftReg_fwd_ReadData
 437              		.thumb
ARM GAS  C:\Users\Walaa\AppData\Local\Temp\ccA2nUzk.s 			page 15


 438              		.thumb_func
 439              		.type	ShiftReg_fwd_ReadData, %function
 440              	ShiftReg_fwd_ReadData:
 441              	.LFB11:
 345:Generated_Source\PSoC5/ShiftReg_fwd.c **** #endif /* (0u != ShiftReg_fwd_USE_INPUT_FIFO) */
 346:Generated_Source\PSoC5/ShiftReg_fwd.c **** 
 347:Generated_Source\PSoC5/ShiftReg_fwd.c **** 
 348:Generated_Source\PSoC5/ShiftReg_fwd.c **** #if(0u != ShiftReg_fwd_USE_OUTPUT_FIFO)
 349:Generated_Source\PSoC5/ShiftReg_fwd.c ****     /*******************************************************************************
 350:Generated_Source\PSoC5/ShiftReg_fwd.c ****     * Function Name: ShiftReg_fwd_ReadData
 351:Generated_Source\PSoC5/ShiftReg_fwd.c ****     ********************************************************************************
 352:Generated_Source\PSoC5/ShiftReg_fwd.c ****     *
 353:Generated_Source\PSoC5/ShiftReg_fwd.c ****     * Summary:
 354:Generated_Source\PSoC5/ShiftReg_fwd.c ****     *  Returns state in FIFO due to Store input.
 355:Generated_Source\PSoC5/ShiftReg_fwd.c ****     *
 356:Generated_Source\PSoC5/ShiftReg_fwd.c ****     * Parameters:
 357:Generated_Source\PSoC5/ShiftReg_fwd.c ****     *  None.
 358:Generated_Source\PSoC5/ShiftReg_fwd.c ****     *
 359:Generated_Source\PSoC5/ShiftReg_fwd.c ****     * Return:
 360:Generated_Source\PSoC5/ShiftReg_fwd.c ****     *  Shift Register state
 361:Generated_Source\PSoC5/ShiftReg_fwd.c ****     *
 362:Generated_Source\PSoC5/ShiftReg_fwd.c ****     * Reentrant:
 363:Generated_Source\PSoC5/ShiftReg_fwd.c ****     *  No.
 364:Generated_Source\PSoC5/ShiftReg_fwd.c ****     *
 365:Generated_Source\PSoC5/ShiftReg_fwd.c ****     *******************************************************************************/
 366:Generated_Source\PSoC5/ShiftReg_fwd.c ****     uint32 ShiftReg_fwd_ReadData(void) 
 367:Generated_Source\PSoC5/ShiftReg_fwd.c ****     {
 442              		.loc 1 367 0
 443              		.cfi_startproc
 444              		@ args = 0, pretend = 0, frame = 0
 445              		@ frame_needed = 0, uses_anonymous_args = 0
 446              		@ link register save eliminated.
 368:Generated_Source\PSoC5/ShiftReg_fwd.c ****         return(CY_GET_REG32(ShiftReg_fwd_OUT_FIFO_VAL_LSB_PTR));
 447              		.loc 1 368 0
 448 0000 014B     		ldr	r3, .L53
 449 0002 1868     		ldr	r0, [r3]
 369:Generated_Source\PSoC5/ShiftReg_fwd.c ****     }
 450              		.loc 1 369 0
 451 0004 7047     		bx	lr
 452              	.L54:
 453 0006 00BF     		.align	2
 454              	.L53:
 455 0008 58640040 		.word	1073767512
 456              		.cfi_endproc
 457              	.LFE11:
 458              		.size	ShiftReg_fwd_ReadData, .-ShiftReg_fwd_ReadData
 459              		.section	.text.ShiftReg_fwd_ReadRegValue,"ax",%progbits
 460              		.align	2
 461              		.global	ShiftReg_fwd_ReadRegValue
 462              		.thumb
 463              		.thumb_func
 464              		.type	ShiftReg_fwd_ReadRegValue, %function
 465              	ShiftReg_fwd_ReadRegValue:
 466              	.LFB12:
 370:Generated_Source\PSoC5/ShiftReg_fwd.c **** #endif /* (0u != ShiftReg_fwd_USE_OUTPUT_FIFO) */
 371:Generated_Source\PSoC5/ShiftReg_fwd.c **** 
 372:Generated_Source\PSoC5/ShiftReg_fwd.c **** 
ARM GAS  C:\Users\Walaa\AppData\Local\Temp\ccA2nUzk.s 			page 16


 373:Generated_Source\PSoC5/ShiftReg_fwd.c **** /*******************************************************************************
 374:Generated_Source\PSoC5/ShiftReg_fwd.c **** * Function Name: ShiftReg_fwd_ReadRegValue
 375:Generated_Source\PSoC5/ShiftReg_fwd.c **** ********************************************************************************
 376:Generated_Source\PSoC5/ShiftReg_fwd.c **** *
 377:Generated_Source\PSoC5/ShiftReg_fwd.c **** * Summary:
 378:Generated_Source\PSoC5/ShiftReg_fwd.c **** *  Directly returns current state in shift register, not data in FIFO due
 379:Generated_Source\PSoC5/ShiftReg_fwd.c **** *  to Store input.
 380:Generated_Source\PSoC5/ShiftReg_fwd.c **** *
 381:Generated_Source\PSoC5/ShiftReg_fwd.c **** * Parameters:
 382:Generated_Source\PSoC5/ShiftReg_fwd.c **** *  None.
 383:Generated_Source\PSoC5/ShiftReg_fwd.c **** *
 384:Generated_Source\PSoC5/ShiftReg_fwd.c **** * Return:
 385:Generated_Source\PSoC5/ShiftReg_fwd.c **** *  Shift Register state. Clears output FIFO.
 386:Generated_Source\PSoC5/ShiftReg_fwd.c **** *
 387:Generated_Source\PSoC5/ShiftReg_fwd.c **** * Reentrant:
 388:Generated_Source\PSoC5/ShiftReg_fwd.c **** *  No.
 389:Generated_Source\PSoC5/ShiftReg_fwd.c **** *
 390:Generated_Source\PSoC5/ShiftReg_fwd.c **** *******************************************************************************/
 391:Generated_Source\PSoC5/ShiftReg_fwd.c **** uint32 ShiftReg_fwd_ReadRegValue(void) 
 392:Generated_Source\PSoC5/ShiftReg_fwd.c **** {
 467              		.loc 1 392 0
 468              		.cfi_startproc
 469              		@ args = 0, pretend = 0, frame = 0
 470              		@ frame_needed = 0, uses_anonymous_args = 0
 471 0000 08B5     		push	{r3, lr}
 472              		.cfi_def_cfa_offset 8
 473              		.cfi_offset 3, -8
 474              		.cfi_offset 14, -4
 393:Generated_Source\PSoC5/ShiftReg_fwd.c ****     uint32 result;
 394:Generated_Source\PSoC5/ShiftReg_fwd.c **** 
 395:Generated_Source\PSoC5/ShiftReg_fwd.c ****     /* Clear FIFO before software capture */
 396:Generated_Source\PSoC5/ShiftReg_fwd.c ****     while(ShiftReg_fwd_RET_FIFO_EMPTY != ShiftReg_fwd_GetFIFOStatus(ShiftReg_fwd_OUT_FIFO))
 475              		.loc 1 396 0
 476 0002 01E0     		b	.L56
 477              	.L57:
 397:Generated_Source\PSoC5/ShiftReg_fwd.c ****     {
 398:Generated_Source\PSoC5/ShiftReg_fwd.c ****         (void) CY_GET_REG32(ShiftReg_fwd_OUT_FIFO_VAL_LSB_PTR);
 478              		.loc 1 398 0
 479 0004 054B     		ldr	r3, .L59
 480 0006 1B68     		ldr	r3, [r3]
 481              	.L56:
 396:Generated_Source\PSoC5/ShiftReg_fwd.c ****     {
 482              		.loc 1 396 0
 483 0008 0220     		movs	r0, #2
 484 000a FFF7FEFF 		bl	ShiftReg_fwd_GetFIFOStatus
 485              	.LVL33:
 486 000e 0228     		cmp	r0, #2
 487 0010 F8D1     		bne	.L57
 399:Generated_Source\PSoC5/ShiftReg_fwd.c ****     }
 400:Generated_Source\PSoC5/ShiftReg_fwd.c **** 
 401:Generated_Source\PSoC5/ShiftReg_fwd.c ****     /* Read of 8 bits from A1 causes capture to output FIFO */
 402:Generated_Source\PSoC5/ShiftReg_fwd.c ****     (void) CY_GET_REG8(ShiftReg_fwd_SHIFT_REG_CAPTURE_PTR);
 488              		.loc 1 402 0
 489 0012 034B     		ldr	r3, .L59+4
 490 0014 1B78     		ldrb	r3, [r3]	@ zero_extendqisi2
 403:Generated_Source\PSoC5/ShiftReg_fwd.c **** 
 404:Generated_Source\PSoC5/ShiftReg_fwd.c ****     /* Read output FIFO */
ARM GAS  C:\Users\Walaa\AppData\Local\Temp\ccA2nUzk.s 			page 17


 405:Generated_Source\PSoC5/ShiftReg_fwd.c ****     result  = CY_GET_REG32(ShiftReg_fwd_OUT_FIFO_VAL_LSB_PTR);
 491              		.loc 1 405 0
 492 0016 014B     		ldr	r3, .L59
 493 0018 1868     		ldr	r0, [r3]
 494              	.LVL34:
 406:Generated_Source\PSoC5/ShiftReg_fwd.c ****     
 407:Generated_Source\PSoC5/ShiftReg_fwd.c ****     #if(0u != (ShiftReg_fwd_SR_SIZE % 8u))
 408:Generated_Source\PSoC5/ShiftReg_fwd.c ****         result &= ((uint32) ShiftReg_fwd_SR_MASK);
 409:Generated_Source\PSoC5/ShiftReg_fwd.c ****     #endif /* (0u != (ShiftReg_fwd_SR_SIZE % 8u)) */
 410:Generated_Source\PSoC5/ShiftReg_fwd.c ****     
 411:Generated_Source\PSoC5/ShiftReg_fwd.c ****     return(result);
 412:Generated_Source\PSoC5/ShiftReg_fwd.c **** }
 495              		.loc 1 412 0
 496 001a 08BD     		pop	{r3, pc}
 497              	.L60:
 498              		.align	2
 499              	.L59:
 500 001c 58640040 		.word	1073767512
 501 0020 18640040 		.word	1073767448
 502              		.cfi_endproc
 503              	.LFE12:
 504              		.size	ShiftReg_fwd_ReadRegValue, .-ShiftReg_fwd_ReadRegValue
 505              		.global	ShiftReg_fwd_initVar
 506              		.bss
 507              		.set	.LANCHOR0,. + 0
 508              		.type	ShiftReg_fwd_initVar, %object
 509              		.size	ShiftReg_fwd_initVar, 1
 510              	ShiftReg_fwd_initVar:
 511 0000 00       		.space	1
 512              		.text
 513              	.Letext0:
 514              		.file 2 "Generated_Source\\PSoC5\\cytypes.h"
 515              		.file 3 "Generated_Source\\PSoC5\\CyLib.h"
 516              		.section	.debug_info,"",%progbits
 517              	.Ldebug_info0:
 518 0000 23030000 		.4byte	0x323
 519 0004 0400     		.2byte	0x4
 520 0006 00000000 		.4byte	.Ldebug_abbrev0
 521 000a 04       		.byte	0x4
 522 000b 01       		.uleb128 0x1
 523 000c 3F020000 		.4byte	.LASF39
 524 0010 0C       		.byte	0xc
 525 0011 75010000 		.4byte	.LASF40
 526 0015 26000000 		.4byte	.LASF41
 527 0019 00000000 		.4byte	.Ldebug_ranges0+0
 528 001d 00000000 		.4byte	0
 529 0021 00000000 		.4byte	.Ldebug_line0
 530 0025 02       		.uleb128 0x2
 531 0026 01       		.byte	0x1
 532 0027 06       		.byte	0x6
 533 0028 4D030000 		.4byte	.LASF0
 534 002c 02       		.uleb128 0x2
 535 002d 01       		.byte	0x1
 536 002e 08       		.byte	0x8
 537 002f 09010000 		.4byte	.LASF1
 538 0033 02       		.uleb128 0x2
 539 0034 02       		.byte	0x2
ARM GAS  C:\Users\Walaa\AppData\Local\Temp\ccA2nUzk.s 			page 18


 540 0035 05       		.byte	0x5
 541 0036 04030000 		.4byte	.LASF2
 542 003a 02       		.uleb128 0x2
 543 003b 02       		.byte	0x2
 544 003c 07       		.byte	0x7
 545 003d 8F000000 		.4byte	.LASF3
 546 0041 02       		.uleb128 0x2
 547 0042 04       		.byte	0x4
 548 0043 05       		.byte	0x5
 549 0044 86000000 		.4byte	.LASF4
 550 0048 02       		.uleb128 0x2
 551 0049 04       		.byte	0x4
 552 004a 07       		.byte	0x7
 553 004b EE010000 		.4byte	.LASF5
 554 004f 02       		.uleb128 0x2
 555 0050 08       		.byte	0x8
 556 0051 05       		.byte	0x5
 557 0052 D6020000 		.4byte	.LASF6
 558 0056 02       		.uleb128 0x2
 559 0057 08       		.byte	0x8
 560 0058 07       		.byte	0x7
 561 0059 F2000000 		.4byte	.LASF7
 562 005d 03       		.uleb128 0x3
 563 005e 04       		.byte	0x4
 564 005f 05       		.byte	0x5
 565 0060 696E7400 		.ascii	"int\000"
 566 0064 02       		.uleb128 0x2
 567 0065 04       		.byte	0x4
 568 0066 07       		.byte	0x7
 569 0067 00020000 		.4byte	.LASF8
 570 006b 04       		.uleb128 0x4
 571 006c 68010000 		.4byte	.LASF9
 572 0070 02       		.byte	0x2
 573 0071 E401     		.2byte	0x1e4
 574 0073 2C000000 		.4byte	0x2c
 575 0077 04       		.uleb128 0x4
 576 0078 D0010000 		.4byte	.LASF10
 577 007c 02       		.byte	0x2
 578 007d E601     		.2byte	0x1e6
 579 007f 48000000 		.4byte	0x48
 580 0083 02       		.uleb128 0x2
 581 0084 04       		.byte	0x4
 582 0085 04       		.byte	0x4
 583 0086 D2000000 		.4byte	.LASF11
 584 008a 02       		.uleb128 0x2
 585 008b 08       		.byte	0x8
 586 008c 04       		.byte	0x4
 587 008d AF010000 		.4byte	.LASF12
 588 0091 02       		.uleb128 0x2
 589 0092 01       		.byte	0x1
 590 0093 08       		.byte	0x8
 591 0094 FF020000 		.4byte	.LASF13
 592 0098 04       		.uleb128 0x4
 593 0099 17000000 		.4byte	.LASF14
 594 009d 02       		.byte	0x2
 595 009e 8602     		.2byte	0x286
 596 00a0 48000000 		.4byte	0x48
ARM GAS  C:\Users\Walaa\AppData\Local\Temp\ccA2nUzk.s 			page 19


 597 00a4 04       		.uleb128 0x4
 598 00a5 3C010000 		.4byte	.LASF15
 599 00a9 02       		.byte	0x2
 600 00aa 8E02     		.2byte	0x28e
 601 00ac B0000000 		.4byte	0xb0
 602 00b0 05       		.uleb128 0x5
 603 00b1 6B000000 		.4byte	0x6b
 604 00b5 04       		.uleb128 0x4
 605 00b6 20000000 		.4byte	.LASF16
 606 00ba 02       		.byte	0x2
 607 00bb 9002     		.2byte	0x290
 608 00bd C1000000 		.4byte	0xc1
 609 00c1 05       		.uleb128 0x5
 610 00c2 77000000 		.4byte	0x77
 611 00c6 02       		.uleb128 0x2
 612 00c7 08       		.byte	0x8
 613 00c8 04       		.byte	0x4
 614 00c9 41030000 		.4byte	.LASF17
 615 00cd 02       		.uleb128 0x2
 616 00ce 04       		.byte	0x4
 617 00cf 07       		.byte	0x7
 618 00d0 CD020000 		.4byte	.LASF18
 619 00d4 06       		.uleb128 0x6
 620 00d5 00000000 		.4byte	.LASF19
 621 00d9 01       		.byte	0x1
 622 00da 87       		.byte	0x87
 623 00db 00000000 		.4byte	.LFB4
 624 00df 1C000000 		.4byte	.LFE4-.LFB4
 625 00e3 01       		.uleb128 0x1
 626 00e4 9C       		.byte	0x9c
 627 00e5 0B010000 		.4byte	0x10b
 628 00e9 07       		.uleb128 0x7
 629 00ea 41010000 		.4byte	.LASF22
 630 00ee 01       		.byte	0x1
 631 00ef 89       		.byte	0x89
 632 00f0 6B000000 		.4byte	0x6b
 633 00f4 00000000 		.4byte	.LLST0
 634 00f8 08       		.uleb128 0x8
 635 00f9 06000000 		.4byte	.LVL0
 636 00fd 10030000 		.4byte	0x310
 637 0101 08       		.uleb128 0x8
 638 0102 14000000 		.4byte	.LVL1
 639 0106 1B030000 		.4byte	0x31b
 640 010a 00       		.byte	0
 641 010b 06       		.uleb128 0x6
 642 010c 9B010000 		.4byte	.LASF20
 643 0110 01       		.byte	0x1
 644 0111 45       		.byte	0x45
 645 0112 00000000 		.4byte	.LFB1
 646 0116 18000000 		.4byte	.LFE1-.LFB1
 647 011a 01       		.uleb128 0x1
 648 011b 9C       		.byte	0x9c
 649 011c 2A010000 		.4byte	0x12a
 650 0120 08       		.uleb128 0x8
 651 0121 10000000 		.4byte	.LVL2
 652 0125 D4000000 		.4byte	0xd4
 653 0129 00       		.byte	0
ARM GAS  C:\Users\Walaa\AppData\Local\Temp\ccA2nUzk.s 			page 20


 654 012a 06       		.uleb128 0x6
 655 012b 50010000 		.4byte	.LASF21
 656 012f 01       		.byte	0x1
 657 0130 9F       		.byte	0x9f
 658 0131 00000000 		.4byte	.LFB5
 659 0135 1C000000 		.4byte	.LFE5-.LFB5
 660 0139 01       		.uleb128 0x1
 661 013a 9C       		.byte	0x9c
 662 013b 61010000 		.4byte	0x161
 663 013f 07       		.uleb128 0x7
 664 0140 41010000 		.4byte	.LASF22
 665 0144 01       		.byte	0x1
 666 0145 A1       		.byte	0xa1
 667 0146 6B000000 		.4byte	0x6b
 668 014a 13000000 		.4byte	.LLST1
 669 014e 08       		.uleb128 0x8
 670 014f 06000000 		.4byte	.LVL3
 671 0153 10030000 		.4byte	0x310
 672 0157 08       		.uleb128 0x8
 673 0158 14000000 		.4byte	.LVL4
 674 015c 1B030000 		.4byte	0x31b
 675 0160 00       		.byte	0
 676 0161 06       		.uleb128 0x6
 677 0162 2A010000 		.4byte	.LASF23
 678 0166 01       		.byte	0x1
 679 0167 71       		.byte	0x71
 680 0168 00000000 		.4byte	.LFB3
 681 016c 18000000 		.4byte	.LFE3-.LFB3
 682 0170 01       		.uleb128 0x1
 683 0171 9C       		.byte	0x9c
 684 0172 80010000 		.4byte	0x180
 685 0176 08       		.uleb128 0x8
 686 0177 10000000 		.4byte	.LVL5
 687 017b 2A010000 		.4byte	0x12a
 688 017f 00       		.byte	0
 689 0180 09       		.uleb128 0x9
 690 0181 E4020000 		.4byte	.LASF32
 691 0185 01       		.byte	0x1
 692 0186 B7       		.byte	0xb7
 693 0187 6B000000 		.4byte	0x6b
 694 018b 00000000 		.4byte	.LFB6
 695 018f 48000000 		.4byte	.LFE6-.LFB6
 696 0193 01       		.uleb128 0x1
 697 0194 9C       		.byte	0x9c
 698 0195 B8010000 		.4byte	0x1b8
 699 0199 0A       		.uleb128 0xa
 700 019a 6E010000 		.4byte	.LASF26
 701 019e 01       		.byte	0x1
 702 019f B7       		.byte	0xb7
 703 01a0 6B000000 		.4byte	0x6b
 704 01a4 26000000 		.4byte	.LLST2
 705 01a8 07       		.uleb128 0x7
 706 01a9 38020000 		.4byte	.LASF24
 707 01ad 01       		.byte	0x1
 708 01ae B9       		.byte	0xb9
 709 01af 6B000000 		.4byte	0x6b
 710 01b3 92000000 		.4byte	.LLST3
ARM GAS  C:\Users\Walaa\AppData\Local\Temp\ccA2nUzk.s 			page 21


 711 01b7 00       		.byte	0
 712 01b8 0B       		.uleb128 0xb
 713 01b9 29030000 		.4byte	.LASF25
 714 01bd 01       		.byte	0x1
 715 01be 0501     		.2byte	0x105
 716 01c0 00000000 		.4byte	.LFB7
 717 01c4 1C000000 		.4byte	.LFE7-.LFB7
 718 01c8 01       		.uleb128 0x1
 719 01c9 9C       		.byte	0x9c
 720 01ca DF010000 		.4byte	0x1df
 721 01ce 0C       		.uleb128 0xc
 722 01cf B6010000 		.4byte	.LASF27
 723 01d3 01       		.byte	0x1
 724 01d4 0501     		.2byte	0x105
 725 01d6 6B000000 		.4byte	0x6b
 726 01da E2000000 		.4byte	.LLST4
 727 01de 00       		.byte	0
 728 01df 06       		.uleb128 0x6
 729 01e0 59030000 		.4byte	.LASF28
 730 01e4 01       		.byte	0x1
 731 01e5 5D       		.byte	0x5d
 732 01e6 00000000 		.4byte	.LFB2
 733 01ea 0A000000 		.4byte	.LFE2-.LFB2
 734 01ee 01       		.uleb128 0x1
 735 01ef 9C       		.byte	0x9c
 736 01f0 04020000 		.4byte	0x204
 737 01f4 0D       		.uleb128 0xd
 738 01f5 08000000 		.4byte	.LVL21
 739 01f9 B8010000 		.4byte	0x1b8
 740 01fd 0E       		.uleb128 0xe
 741 01fe 01       		.uleb128 0x1
 742 01ff 50       		.byte	0x50
 743 0200 01       		.uleb128 0x1
 744 0201 30       		.byte	0x30
 745 0202 00       		.byte	0
 746 0203 00       		.byte	0
 747 0204 06       		.uleb128 0x6
 748 0205 17010000 		.4byte	.LASF29
 749 0209 01       		.byte	0x1
 750 020a 2B       		.byte	0x2b
 751 020b 00000000 		.4byte	.LFB0
 752 020f 1C000000 		.4byte	.LFE0-.LFB0
 753 0213 01       		.uleb128 0x1
 754 0214 9C       		.byte	0x9c
 755 0215 2C020000 		.4byte	0x22c
 756 0219 08       		.uleb128 0x8
 757 021a 0C000000 		.4byte	.LVL22
 758 021e DF010000 		.4byte	0x1df
 759 0222 08       		.uleb128 0x8
 760 0223 16000000 		.4byte	.LVL23
 761 0227 0B010000 		.4byte	0x10b
 762 022b 00       		.byte	0
 763 022c 0F       		.uleb128 0xf
 764 022d A2000000 		.4byte	.LASF34
 765 0231 01       		.byte	0x1
 766 0232 1A01     		.2byte	0x11a
 767 0234 6B000000 		.4byte	0x6b
ARM GAS  C:\Users\Walaa\AppData\Local\Temp\ccA2nUzk.s 			page 22


 768 0238 00000000 		.4byte	.LFB8
 769 023c 10000000 		.4byte	.LFE8-.LFB8
 770 0240 01       		.uleb128 0x1
 771 0241 9C       		.byte	0x9c
 772 0242 0B       		.uleb128 0xb
 773 0243 0E030000 		.4byte	.LASF30
 774 0247 01       		.byte	0x1
 775 0248 2E01     		.2byte	0x12e
 776 024a 00000000 		.4byte	.LFB9
 777 024e 0C000000 		.4byte	.LFE9-.LFB9
 778 0252 01       		.uleb128 0x1
 779 0253 9C       		.byte	0x9c
 780 0254 67020000 		.4byte	0x267
 781 0258 10       		.uleb128 0x10
 782 0259 C6010000 		.4byte	.LASF31
 783 025d 01       		.byte	0x1
 784 025e 2E01     		.2byte	0x12e
 785 0260 77000000 		.4byte	0x77
 786 0264 01       		.uleb128 0x1
 787 0265 50       		.byte	0x50
 788 0266 00       		.byte	0
 789 0267 11       		.uleb128 0x11
 790 0268 6F000000 		.4byte	.LASF33
 791 026c 01       		.byte	0x1
 792 026d 4901     		.2byte	0x149
 793 026f 98000000 		.4byte	0x98
 794 0273 00000000 		.4byte	.LFB10
 795 0277 1C000000 		.4byte	.LFE10-.LFB10
 796 027b 01       		.uleb128 0x1
 797 027c 9C       		.byte	0x9c
 798 027d B1020000 		.4byte	0x2b1
 799 0281 0C       		.uleb128 0xc
 800 0282 C6010000 		.4byte	.LASF31
 801 0286 01       		.byte	0x1
 802 0287 4901     		.2byte	0x149
 803 0289 77000000 		.4byte	0x77
 804 028d 03010000 		.4byte	.LLST5
 805 0291 12       		.uleb128 0x12
 806 0292 38020000 		.4byte	.LASF24
 807 0296 01       		.byte	0x1
 808 0297 4C01     		.2byte	0x14c
 809 0299 98000000 		.4byte	0x98
 810 029d 2F010000 		.4byte	.LLST6
 811 02a1 0D       		.uleb128 0xd
 812 02a2 0A000000 		.4byte	.LVL28
 813 02a6 80010000 		.4byte	0x180
 814 02aa 0E       		.uleb128 0xe
 815 02ab 01       		.uleb128 0x1
 816 02ac 50       		.byte	0x50
 817 02ad 01       		.uleb128 0x1
 818 02ae 31       		.byte	0x31
 819 02af 00       		.byte	0
 820 02b0 00       		.byte	0
 821 02b1 0F       		.uleb128 0xf
 822 02b2 BC000000 		.4byte	.LASF35
 823 02b6 01       		.byte	0x1
 824 02b7 6E01     		.2byte	0x16e
ARM GAS  C:\Users\Walaa\AppData\Local\Temp\ccA2nUzk.s 			page 23


 825 02b9 77000000 		.4byte	0x77
 826 02bd 00000000 		.4byte	.LFB11
 827 02c1 0C000000 		.4byte	.LFE11-.LFB11
 828 02c5 01       		.uleb128 0x1
 829 02c6 9C       		.byte	0x9c
 830 02c7 11       		.uleb128 0x11
 831 02c8 D8000000 		.4byte	.LASF36
 832 02cc 01       		.byte	0x1
 833 02cd 8701     		.2byte	0x187
 834 02cf 77000000 		.4byte	0x77
 835 02d3 00000000 		.4byte	.LFB12
 836 02d7 24000000 		.4byte	.LFE12-.LFB12
 837 02db 01       		.uleb128 0x1
 838 02dc 9C       		.byte	0x9c
 839 02dd FF020000 		.4byte	0x2ff
 840 02e1 13       		.uleb128 0x13
 841 02e2 38020000 		.4byte	.LASF24
 842 02e6 01       		.byte	0x1
 843 02e7 8901     		.2byte	0x189
 844 02e9 77000000 		.4byte	0x77
 845 02ed 01       		.uleb128 0x1
 846 02ee 50       		.byte	0x50
 847 02ef 0D       		.uleb128 0xd
 848 02f0 0E000000 		.4byte	.LVL33
 849 02f4 80010000 		.4byte	0x180
 850 02f8 0E       		.uleb128 0xe
 851 02f9 01       		.uleb128 0x1
 852 02fa 50       		.byte	0x50
 853 02fb 01       		.uleb128 0x1
 854 02fc 32       		.byte	0x32
 855 02fd 00       		.byte	0
 856 02fe 00       		.byte	0
 857 02ff 14       		.uleb128 0x14
 858 0300 23020000 		.4byte	.LASF42
 859 0304 01       		.byte	0x1
 860 0305 13       		.byte	0x13
 861 0306 6B000000 		.4byte	0x6b
 862 030a 05       		.uleb128 0x5
 863 030b 03       		.byte	0x3
 864 030c 00000000 		.4byte	ShiftReg_fwd_initVar
 865 0310 15       		.uleb128 0x15
 866 0311 D7010000 		.4byte	.LASF37
 867 0315 D7010000 		.4byte	.LASF37
 868 0319 03       		.byte	0x3
 869 031a 7D       		.byte	0x7d
 870 031b 15       		.uleb128 0x15
 871 031c 0D020000 		.4byte	.LASF38
 872 0320 0D020000 		.4byte	.LASF38
 873 0324 03       		.byte	0x3
 874 0325 7E       		.byte	0x7e
 875 0326 00       		.byte	0
 876              		.section	.debug_abbrev,"",%progbits
 877              	.Ldebug_abbrev0:
 878 0000 01       		.uleb128 0x1
 879 0001 11       		.uleb128 0x11
 880 0002 01       		.byte	0x1
 881 0003 25       		.uleb128 0x25
ARM GAS  C:\Users\Walaa\AppData\Local\Temp\ccA2nUzk.s 			page 24


 882 0004 0E       		.uleb128 0xe
 883 0005 13       		.uleb128 0x13
 884 0006 0B       		.uleb128 0xb
 885 0007 03       		.uleb128 0x3
 886 0008 0E       		.uleb128 0xe
 887 0009 1B       		.uleb128 0x1b
 888 000a 0E       		.uleb128 0xe
 889 000b 55       		.uleb128 0x55
 890 000c 17       		.uleb128 0x17
 891 000d 11       		.uleb128 0x11
 892 000e 01       		.uleb128 0x1
 893 000f 10       		.uleb128 0x10
 894 0010 17       		.uleb128 0x17
 895 0011 00       		.byte	0
 896 0012 00       		.byte	0
 897 0013 02       		.uleb128 0x2
 898 0014 24       		.uleb128 0x24
 899 0015 00       		.byte	0
 900 0016 0B       		.uleb128 0xb
 901 0017 0B       		.uleb128 0xb
 902 0018 3E       		.uleb128 0x3e
 903 0019 0B       		.uleb128 0xb
 904 001a 03       		.uleb128 0x3
 905 001b 0E       		.uleb128 0xe
 906 001c 00       		.byte	0
 907 001d 00       		.byte	0
 908 001e 03       		.uleb128 0x3
 909 001f 24       		.uleb128 0x24
 910 0020 00       		.byte	0
 911 0021 0B       		.uleb128 0xb
 912 0022 0B       		.uleb128 0xb
 913 0023 3E       		.uleb128 0x3e
 914 0024 0B       		.uleb128 0xb
 915 0025 03       		.uleb128 0x3
 916 0026 08       		.uleb128 0x8
 917 0027 00       		.byte	0
 918 0028 00       		.byte	0
 919 0029 04       		.uleb128 0x4
 920 002a 16       		.uleb128 0x16
 921 002b 00       		.byte	0
 922 002c 03       		.uleb128 0x3
 923 002d 0E       		.uleb128 0xe
 924 002e 3A       		.uleb128 0x3a
 925 002f 0B       		.uleb128 0xb
 926 0030 3B       		.uleb128 0x3b
 927 0031 05       		.uleb128 0x5
 928 0032 49       		.uleb128 0x49
 929 0033 13       		.uleb128 0x13
 930 0034 00       		.byte	0
 931 0035 00       		.byte	0
 932 0036 05       		.uleb128 0x5
 933 0037 35       		.uleb128 0x35
 934 0038 00       		.byte	0
 935 0039 49       		.uleb128 0x49
 936 003a 13       		.uleb128 0x13
 937 003b 00       		.byte	0
 938 003c 00       		.byte	0
ARM GAS  C:\Users\Walaa\AppData\Local\Temp\ccA2nUzk.s 			page 25


 939 003d 06       		.uleb128 0x6
 940 003e 2E       		.uleb128 0x2e
 941 003f 01       		.byte	0x1
 942 0040 3F       		.uleb128 0x3f
 943 0041 19       		.uleb128 0x19
 944 0042 03       		.uleb128 0x3
 945 0043 0E       		.uleb128 0xe
 946 0044 3A       		.uleb128 0x3a
 947 0045 0B       		.uleb128 0xb
 948 0046 3B       		.uleb128 0x3b
 949 0047 0B       		.uleb128 0xb
 950 0048 27       		.uleb128 0x27
 951 0049 19       		.uleb128 0x19
 952 004a 11       		.uleb128 0x11
 953 004b 01       		.uleb128 0x1
 954 004c 12       		.uleb128 0x12
 955 004d 06       		.uleb128 0x6
 956 004e 40       		.uleb128 0x40
 957 004f 18       		.uleb128 0x18
 958 0050 9742     		.uleb128 0x2117
 959 0052 19       		.uleb128 0x19
 960 0053 01       		.uleb128 0x1
 961 0054 13       		.uleb128 0x13
 962 0055 00       		.byte	0
 963 0056 00       		.byte	0
 964 0057 07       		.uleb128 0x7
 965 0058 34       		.uleb128 0x34
 966 0059 00       		.byte	0
 967 005a 03       		.uleb128 0x3
 968 005b 0E       		.uleb128 0xe
 969 005c 3A       		.uleb128 0x3a
 970 005d 0B       		.uleb128 0xb
 971 005e 3B       		.uleb128 0x3b
 972 005f 0B       		.uleb128 0xb
 973 0060 49       		.uleb128 0x49
 974 0061 13       		.uleb128 0x13
 975 0062 02       		.uleb128 0x2
 976 0063 17       		.uleb128 0x17
 977 0064 00       		.byte	0
 978 0065 00       		.byte	0
 979 0066 08       		.uleb128 0x8
 980 0067 898201   		.uleb128 0x4109
 981 006a 00       		.byte	0
 982 006b 11       		.uleb128 0x11
 983 006c 01       		.uleb128 0x1
 984 006d 31       		.uleb128 0x31
 985 006e 13       		.uleb128 0x13
 986 006f 00       		.byte	0
 987 0070 00       		.byte	0
 988 0071 09       		.uleb128 0x9
 989 0072 2E       		.uleb128 0x2e
 990 0073 01       		.byte	0x1
 991 0074 3F       		.uleb128 0x3f
 992 0075 19       		.uleb128 0x19
 993 0076 03       		.uleb128 0x3
 994 0077 0E       		.uleb128 0xe
 995 0078 3A       		.uleb128 0x3a
ARM GAS  C:\Users\Walaa\AppData\Local\Temp\ccA2nUzk.s 			page 26


 996 0079 0B       		.uleb128 0xb
 997 007a 3B       		.uleb128 0x3b
 998 007b 0B       		.uleb128 0xb
 999 007c 27       		.uleb128 0x27
 1000 007d 19       		.uleb128 0x19
 1001 007e 49       		.uleb128 0x49
 1002 007f 13       		.uleb128 0x13
 1003 0080 11       		.uleb128 0x11
 1004 0081 01       		.uleb128 0x1
 1005 0082 12       		.uleb128 0x12
 1006 0083 06       		.uleb128 0x6
 1007 0084 40       		.uleb128 0x40
 1008 0085 18       		.uleb128 0x18
 1009 0086 9742     		.uleb128 0x2117
 1010 0088 19       		.uleb128 0x19
 1011 0089 01       		.uleb128 0x1
 1012 008a 13       		.uleb128 0x13
 1013 008b 00       		.byte	0
 1014 008c 00       		.byte	0
 1015 008d 0A       		.uleb128 0xa
 1016 008e 05       		.uleb128 0x5
 1017 008f 00       		.byte	0
 1018 0090 03       		.uleb128 0x3
 1019 0091 0E       		.uleb128 0xe
 1020 0092 3A       		.uleb128 0x3a
 1021 0093 0B       		.uleb128 0xb
 1022 0094 3B       		.uleb128 0x3b
 1023 0095 0B       		.uleb128 0xb
 1024 0096 49       		.uleb128 0x49
 1025 0097 13       		.uleb128 0x13
 1026 0098 02       		.uleb128 0x2
 1027 0099 17       		.uleb128 0x17
 1028 009a 00       		.byte	0
 1029 009b 00       		.byte	0
 1030 009c 0B       		.uleb128 0xb
 1031 009d 2E       		.uleb128 0x2e
 1032 009e 01       		.byte	0x1
 1033 009f 3F       		.uleb128 0x3f
 1034 00a0 19       		.uleb128 0x19
 1035 00a1 03       		.uleb128 0x3
 1036 00a2 0E       		.uleb128 0xe
 1037 00a3 3A       		.uleb128 0x3a
 1038 00a4 0B       		.uleb128 0xb
 1039 00a5 3B       		.uleb128 0x3b
 1040 00a6 05       		.uleb128 0x5
 1041 00a7 27       		.uleb128 0x27
 1042 00a8 19       		.uleb128 0x19
 1043 00a9 11       		.uleb128 0x11
 1044 00aa 01       		.uleb128 0x1
 1045 00ab 12       		.uleb128 0x12
 1046 00ac 06       		.uleb128 0x6
 1047 00ad 40       		.uleb128 0x40
 1048 00ae 18       		.uleb128 0x18
 1049 00af 9742     		.uleb128 0x2117
 1050 00b1 19       		.uleb128 0x19
 1051 00b2 01       		.uleb128 0x1
 1052 00b3 13       		.uleb128 0x13
ARM GAS  C:\Users\Walaa\AppData\Local\Temp\ccA2nUzk.s 			page 27


 1053 00b4 00       		.byte	0
 1054 00b5 00       		.byte	0
 1055 00b6 0C       		.uleb128 0xc
 1056 00b7 05       		.uleb128 0x5
 1057 00b8 00       		.byte	0
 1058 00b9 03       		.uleb128 0x3
 1059 00ba 0E       		.uleb128 0xe
 1060 00bb 3A       		.uleb128 0x3a
 1061 00bc 0B       		.uleb128 0xb
 1062 00bd 3B       		.uleb128 0x3b
 1063 00be 05       		.uleb128 0x5
 1064 00bf 49       		.uleb128 0x49
 1065 00c0 13       		.uleb128 0x13
 1066 00c1 02       		.uleb128 0x2
 1067 00c2 17       		.uleb128 0x17
 1068 00c3 00       		.byte	0
 1069 00c4 00       		.byte	0
 1070 00c5 0D       		.uleb128 0xd
 1071 00c6 898201   		.uleb128 0x4109
 1072 00c9 01       		.byte	0x1
 1073 00ca 11       		.uleb128 0x11
 1074 00cb 01       		.uleb128 0x1
 1075 00cc 31       		.uleb128 0x31
 1076 00cd 13       		.uleb128 0x13
 1077 00ce 00       		.byte	0
 1078 00cf 00       		.byte	0
 1079 00d0 0E       		.uleb128 0xe
 1080 00d1 8A8201   		.uleb128 0x410a
 1081 00d4 00       		.byte	0
 1082 00d5 02       		.uleb128 0x2
 1083 00d6 18       		.uleb128 0x18
 1084 00d7 9142     		.uleb128 0x2111
 1085 00d9 18       		.uleb128 0x18
 1086 00da 00       		.byte	0
 1087 00db 00       		.byte	0
 1088 00dc 0F       		.uleb128 0xf
 1089 00dd 2E       		.uleb128 0x2e
 1090 00de 00       		.byte	0
 1091 00df 3F       		.uleb128 0x3f
 1092 00e0 19       		.uleb128 0x19
 1093 00e1 03       		.uleb128 0x3
 1094 00e2 0E       		.uleb128 0xe
 1095 00e3 3A       		.uleb128 0x3a
 1096 00e4 0B       		.uleb128 0xb
 1097 00e5 3B       		.uleb128 0x3b
 1098 00e6 05       		.uleb128 0x5
 1099 00e7 27       		.uleb128 0x27
 1100 00e8 19       		.uleb128 0x19
 1101 00e9 49       		.uleb128 0x49
 1102 00ea 13       		.uleb128 0x13
 1103 00eb 11       		.uleb128 0x11
 1104 00ec 01       		.uleb128 0x1
 1105 00ed 12       		.uleb128 0x12
 1106 00ee 06       		.uleb128 0x6
 1107 00ef 40       		.uleb128 0x40
 1108 00f0 18       		.uleb128 0x18
 1109 00f1 9742     		.uleb128 0x2117
ARM GAS  C:\Users\Walaa\AppData\Local\Temp\ccA2nUzk.s 			page 28


 1110 00f3 19       		.uleb128 0x19
 1111 00f4 00       		.byte	0
 1112 00f5 00       		.byte	0
 1113 00f6 10       		.uleb128 0x10
 1114 00f7 05       		.uleb128 0x5
 1115 00f8 00       		.byte	0
 1116 00f9 03       		.uleb128 0x3
 1117 00fa 0E       		.uleb128 0xe
 1118 00fb 3A       		.uleb128 0x3a
 1119 00fc 0B       		.uleb128 0xb
 1120 00fd 3B       		.uleb128 0x3b
 1121 00fe 05       		.uleb128 0x5
 1122 00ff 49       		.uleb128 0x49
 1123 0100 13       		.uleb128 0x13
 1124 0101 02       		.uleb128 0x2
 1125 0102 18       		.uleb128 0x18
 1126 0103 00       		.byte	0
 1127 0104 00       		.byte	0
 1128 0105 11       		.uleb128 0x11
 1129 0106 2E       		.uleb128 0x2e
 1130 0107 01       		.byte	0x1
 1131 0108 3F       		.uleb128 0x3f
 1132 0109 19       		.uleb128 0x19
 1133 010a 03       		.uleb128 0x3
 1134 010b 0E       		.uleb128 0xe
 1135 010c 3A       		.uleb128 0x3a
 1136 010d 0B       		.uleb128 0xb
 1137 010e 3B       		.uleb128 0x3b
 1138 010f 05       		.uleb128 0x5
 1139 0110 27       		.uleb128 0x27
 1140 0111 19       		.uleb128 0x19
 1141 0112 49       		.uleb128 0x49
 1142 0113 13       		.uleb128 0x13
 1143 0114 11       		.uleb128 0x11
 1144 0115 01       		.uleb128 0x1
 1145 0116 12       		.uleb128 0x12
 1146 0117 06       		.uleb128 0x6
 1147 0118 40       		.uleb128 0x40
 1148 0119 18       		.uleb128 0x18
 1149 011a 9742     		.uleb128 0x2117
 1150 011c 19       		.uleb128 0x19
 1151 011d 01       		.uleb128 0x1
 1152 011e 13       		.uleb128 0x13
 1153 011f 00       		.byte	0
 1154 0120 00       		.byte	0
 1155 0121 12       		.uleb128 0x12
 1156 0122 34       		.uleb128 0x34
 1157 0123 00       		.byte	0
 1158 0124 03       		.uleb128 0x3
 1159 0125 0E       		.uleb128 0xe
 1160 0126 3A       		.uleb128 0x3a
 1161 0127 0B       		.uleb128 0xb
 1162 0128 3B       		.uleb128 0x3b
 1163 0129 05       		.uleb128 0x5
 1164 012a 49       		.uleb128 0x49
 1165 012b 13       		.uleb128 0x13
 1166 012c 02       		.uleb128 0x2
ARM GAS  C:\Users\Walaa\AppData\Local\Temp\ccA2nUzk.s 			page 29


 1167 012d 17       		.uleb128 0x17
 1168 012e 00       		.byte	0
 1169 012f 00       		.byte	0
 1170 0130 13       		.uleb128 0x13
 1171 0131 34       		.uleb128 0x34
 1172 0132 00       		.byte	0
 1173 0133 03       		.uleb128 0x3
 1174 0134 0E       		.uleb128 0xe
 1175 0135 3A       		.uleb128 0x3a
 1176 0136 0B       		.uleb128 0xb
 1177 0137 3B       		.uleb128 0x3b
 1178 0138 05       		.uleb128 0x5
 1179 0139 49       		.uleb128 0x49
 1180 013a 13       		.uleb128 0x13
 1181 013b 02       		.uleb128 0x2
 1182 013c 18       		.uleb128 0x18
 1183 013d 00       		.byte	0
 1184 013e 00       		.byte	0
 1185 013f 14       		.uleb128 0x14
 1186 0140 34       		.uleb128 0x34
 1187 0141 00       		.byte	0
 1188 0142 03       		.uleb128 0x3
 1189 0143 0E       		.uleb128 0xe
 1190 0144 3A       		.uleb128 0x3a
 1191 0145 0B       		.uleb128 0xb
 1192 0146 3B       		.uleb128 0x3b
 1193 0147 0B       		.uleb128 0xb
 1194 0148 49       		.uleb128 0x49
 1195 0149 13       		.uleb128 0x13
 1196 014a 3F       		.uleb128 0x3f
 1197 014b 19       		.uleb128 0x19
 1198 014c 02       		.uleb128 0x2
 1199 014d 18       		.uleb128 0x18
 1200 014e 00       		.byte	0
 1201 014f 00       		.byte	0
 1202 0150 15       		.uleb128 0x15
 1203 0151 2E       		.uleb128 0x2e
 1204 0152 00       		.byte	0
 1205 0153 3F       		.uleb128 0x3f
 1206 0154 19       		.uleb128 0x19
 1207 0155 3C       		.uleb128 0x3c
 1208 0156 19       		.uleb128 0x19
 1209 0157 6E       		.uleb128 0x6e
 1210 0158 0E       		.uleb128 0xe
 1211 0159 03       		.uleb128 0x3
 1212 015a 0E       		.uleb128 0xe
 1213 015b 3A       		.uleb128 0x3a
 1214 015c 0B       		.uleb128 0xb
 1215 015d 3B       		.uleb128 0x3b
 1216 015e 0B       		.uleb128 0xb
 1217 015f 00       		.byte	0
 1218 0160 00       		.byte	0
 1219 0161 00       		.byte	0
 1220              		.section	.debug_loc,"",%progbits
 1221              	.Ldebug_loc0:
 1222              	.LLST0:
 1223 0000 06000000 		.4byte	.LVL0
ARM GAS  C:\Users\Walaa\AppData\Local\Temp\ccA2nUzk.s 			page 30


 1224 0004 13000000 		.4byte	.LVL1-1
 1225 0008 0100     		.2byte	0x1
 1226 000a 50       		.byte	0x50
 1227 000b 00000000 		.4byte	0
 1228 000f 00000000 		.4byte	0
 1229              	.LLST1:
 1230 0013 06000000 		.4byte	.LVL3
 1231 0017 13000000 		.4byte	.LVL4-1
 1232 001b 0100     		.2byte	0x1
 1233 001d 50       		.byte	0x50
 1234 001e 00000000 		.4byte	0
 1235 0022 00000000 		.4byte	0
 1236              	.LLST2:
 1237 0026 00000000 		.4byte	.LVL6
 1238 002a 18000000 		.4byte	.LVL8
 1239 002e 0100     		.2byte	0x1
 1240 0030 50       		.byte	0x50
 1241 0031 18000000 		.4byte	.LVL8
 1242 0035 1A000000 		.4byte	.LVL9
 1243 0039 0400     		.2byte	0x4
 1244 003b F3       		.byte	0xf3
 1245 003c 01       		.uleb128 0x1
 1246 003d 50       		.byte	0x50
 1247 003e 9F       		.byte	0x9f
 1248 003f 1A000000 		.4byte	.LVL9
 1249 0043 1C000000 		.4byte	.LVL10
 1250 0047 0100     		.2byte	0x1
 1251 0049 50       		.byte	0x50
 1252 004a 1C000000 		.4byte	.LVL10
 1253 004e 1E000000 		.4byte	.LVL11
 1254 0052 0400     		.2byte	0x4
 1255 0054 F3       		.byte	0xf3
 1256 0055 01       		.uleb128 0x1
 1257 0056 50       		.byte	0x50
 1258 0057 9F       		.byte	0x9f
 1259 0058 1E000000 		.4byte	.LVL11
 1260 005c 20000000 		.4byte	.LVL12
 1261 0060 0100     		.2byte	0x1
 1262 0062 50       		.byte	0x50
 1263 0063 20000000 		.4byte	.LVL12
 1264 0067 22000000 		.4byte	.LVL13
 1265 006b 0400     		.2byte	0x4
 1266 006d F3       		.byte	0xf3
 1267 006e 01       		.uleb128 0x1
 1268 006f 50       		.byte	0x50
 1269 0070 9F       		.byte	0x9f
 1270 0071 22000000 		.4byte	.LVL13
 1271 0075 24000000 		.4byte	.LVL14
 1272 0079 0100     		.2byte	0x1
 1273 007b 50       		.byte	0x50
 1274 007c 24000000 		.4byte	.LVL14
 1275 0080 48000000 		.4byte	.LFE6
 1276 0084 0400     		.2byte	0x4
 1277 0086 F3       		.byte	0xf3
 1278 0087 01       		.uleb128 0x1
 1279 0088 50       		.byte	0x50
 1280 0089 9F       		.byte	0x9f
ARM GAS  C:\Users\Walaa\AppData\Local\Temp\ccA2nUzk.s 			page 31


 1281 008a 00000000 		.4byte	0
 1282 008e 00000000 		.4byte	0
 1283              	.LLST3:
 1284 0092 02000000 		.4byte	.LVL7
 1285 0096 1A000000 		.4byte	.LVL9
 1286 009a 0300     		.2byte	0x3
 1287 009c 09       		.byte	0x9
 1288 009d FE       		.byte	0xfe
 1289 009e 9F       		.byte	0x9f
 1290 009f 1A000000 		.4byte	.LVL9
 1291 00a3 1E000000 		.4byte	.LVL11
 1292 00a7 0200     		.2byte	0x2
 1293 00a9 31       		.byte	0x31
 1294 00aa 9F       		.byte	0x9f
 1295 00ab 1E000000 		.4byte	.LVL11
 1296 00af 24000000 		.4byte	.LVL14
 1297 00b3 0300     		.2byte	0x3
 1298 00b5 09       		.byte	0x9
 1299 00b6 FE       		.byte	0xfe
 1300 00b7 9F       		.byte	0x9f
 1301 00b8 24000000 		.4byte	.LVL14
 1302 00bc 38000000 		.4byte	.LVL15
 1303 00c0 0100     		.2byte	0x1
 1304 00c2 50       		.byte	0x50
 1305 00c3 3A000000 		.4byte	.LVL16
 1306 00c7 3E000000 		.4byte	.LVL17
 1307 00cb 0200     		.2byte	0x2
 1308 00cd 31       		.byte	0x31
 1309 00ce 9F       		.byte	0x9f
 1310 00cf 3E000000 		.4byte	.LVL17
 1311 00d3 48000000 		.4byte	.LFE6
 1312 00d7 0100     		.2byte	0x1
 1313 00d9 50       		.byte	0x50
 1314 00da 00000000 		.4byte	0
 1315 00de 00000000 		.4byte	0
 1316              	.LLST4:
 1317 00e2 00000000 		.4byte	.LVL19
 1318 00e6 10000000 		.4byte	.LVL20
 1319 00ea 0100     		.2byte	0x1
 1320 00ec 50       		.byte	0x50
 1321 00ed 10000000 		.4byte	.LVL20
 1322 00f1 1C000000 		.4byte	.LFE7
 1323 00f5 0400     		.2byte	0x4
 1324 00f7 F3       		.byte	0xf3
 1325 00f8 01       		.uleb128 0x1
 1326 00f9 50       		.byte	0x50
 1327 00fa 9F       		.byte	0x9f
 1328 00fb 00000000 		.4byte	0
 1329 00ff 00000000 		.4byte	0
 1330              	.LLST5:
 1331 0103 00000000 		.4byte	.LVL25
 1332 0107 06000000 		.4byte	.LVL27
 1333 010b 0100     		.2byte	0x1
 1334 010d 50       		.byte	0x50
 1335 010e 06000000 		.4byte	.LVL27
 1336 0112 18000000 		.4byte	.LVL32
 1337 0116 0100     		.2byte	0x1
ARM GAS  C:\Users\Walaa\AppData\Local\Temp\ccA2nUzk.s 			page 32


 1338 0118 54       		.byte	0x54
 1339 0119 18000000 		.4byte	.LVL32
 1340 011d 1C000000 		.4byte	.LFE10
 1341 0121 0400     		.2byte	0x4
 1342 0123 F3       		.byte	0xf3
 1343 0124 01       		.uleb128 0x1
 1344 0125 50       		.byte	0x50
 1345 0126 9F       		.byte	0x9f
 1346 0127 00000000 		.4byte	0
 1347 012b 00000000 		.4byte	0
 1348              	.LLST6:
 1349 012f 04000000 		.4byte	.LVL26
 1350 0133 10000000 		.4byte	.LVL29
 1351 0137 0200     		.2byte	0x2
 1352 0139 41       		.byte	0x41
 1353 013a 9F       		.byte	0x9f
 1354 013b 10000000 		.4byte	.LVL29
 1355 013f 14000000 		.4byte	.LVL30
 1356 0143 0200     		.2byte	0x2
 1357 0145 30       		.byte	0x30
 1358 0146 9F       		.byte	0x9f
 1359 0147 14000000 		.4byte	.LVL30
 1360 014b 16000000 		.4byte	.LVL31
 1361 014f 0200     		.2byte	0x2
 1362 0151 41       		.byte	0x41
 1363 0152 9F       		.byte	0x9f
 1364 0153 16000000 		.4byte	.LVL31
 1365 0157 1C000000 		.4byte	.LFE10
 1366 015b 0100     		.2byte	0x1
 1367 015d 50       		.byte	0x50
 1368 015e 00000000 		.4byte	0
 1369 0162 00000000 		.4byte	0
 1370              		.section	.debug_aranges,"",%progbits
 1371 0000 7C000000 		.4byte	0x7c
 1372 0004 0200     		.2byte	0x2
 1373 0006 00000000 		.4byte	.Ldebug_info0
 1374 000a 04       		.byte	0x4
 1375 000b 00       		.byte	0
 1376 000c 0000     		.2byte	0
 1377 000e 0000     		.2byte	0
 1378 0010 00000000 		.4byte	.LFB4
 1379 0014 1C000000 		.4byte	.LFE4-.LFB4
 1380 0018 00000000 		.4byte	.LFB1
 1381 001c 18000000 		.4byte	.LFE1-.LFB1
 1382 0020 00000000 		.4byte	.LFB5
 1383 0024 1C000000 		.4byte	.LFE5-.LFB5
 1384 0028 00000000 		.4byte	.LFB3
 1385 002c 18000000 		.4byte	.LFE3-.LFB3
 1386 0030 00000000 		.4byte	.LFB6
 1387 0034 48000000 		.4byte	.LFE6-.LFB6
 1388 0038 00000000 		.4byte	.LFB7
 1389 003c 1C000000 		.4byte	.LFE7-.LFB7
 1390 0040 00000000 		.4byte	.LFB2
 1391 0044 0A000000 		.4byte	.LFE2-.LFB2
 1392 0048 00000000 		.4byte	.LFB0
 1393 004c 1C000000 		.4byte	.LFE0-.LFB0
 1394 0050 00000000 		.4byte	.LFB8
ARM GAS  C:\Users\Walaa\AppData\Local\Temp\ccA2nUzk.s 			page 33


 1395 0054 10000000 		.4byte	.LFE8-.LFB8
 1396 0058 00000000 		.4byte	.LFB9
 1397 005c 0C000000 		.4byte	.LFE9-.LFB9
 1398 0060 00000000 		.4byte	.LFB10
 1399 0064 1C000000 		.4byte	.LFE10-.LFB10
 1400 0068 00000000 		.4byte	.LFB11
 1401 006c 0C000000 		.4byte	.LFE11-.LFB11
 1402 0070 00000000 		.4byte	.LFB12
 1403 0074 24000000 		.4byte	.LFE12-.LFB12
 1404 0078 00000000 		.4byte	0
 1405 007c 00000000 		.4byte	0
 1406              		.section	.debug_ranges,"",%progbits
 1407              	.Ldebug_ranges0:
 1408 0000 00000000 		.4byte	.LFB4
 1409 0004 1C000000 		.4byte	.LFE4
 1410 0008 00000000 		.4byte	.LFB1
 1411 000c 18000000 		.4byte	.LFE1
 1412 0010 00000000 		.4byte	.LFB5
 1413 0014 1C000000 		.4byte	.LFE5
 1414 0018 00000000 		.4byte	.LFB3
 1415 001c 18000000 		.4byte	.LFE3
 1416 0020 00000000 		.4byte	.LFB6
 1417 0024 48000000 		.4byte	.LFE6
 1418 0028 00000000 		.4byte	.LFB7
 1419 002c 1C000000 		.4byte	.LFE7
 1420 0030 00000000 		.4byte	.LFB2
 1421 0034 0A000000 		.4byte	.LFE2
 1422 0038 00000000 		.4byte	.LFB0
 1423 003c 1C000000 		.4byte	.LFE0
 1424 0040 00000000 		.4byte	.LFB8
 1425 0044 10000000 		.4byte	.LFE8
 1426 0048 00000000 		.4byte	.LFB9
 1427 004c 0C000000 		.4byte	.LFE9
 1428 0050 00000000 		.4byte	.LFB10
 1429 0054 1C000000 		.4byte	.LFE10
 1430 0058 00000000 		.4byte	.LFB11
 1431 005c 0C000000 		.4byte	.LFE11
 1432 0060 00000000 		.4byte	.LFB12
 1433 0064 24000000 		.4byte	.LFE12
 1434 0068 00000000 		.4byte	0
 1435 006c 00000000 		.4byte	0
 1436              		.section	.debug_line,"",%progbits
 1437              	.Ldebug_line0:
 1438 0000 64010000 		.section	.debug_str,"MS",%progbits,1
 1438      02005400 
 1438      00000201 
 1438      FB0E0D00 
 1438      01010101 
 1439              	.LASF19:
 1440 0000 53686966 		.ascii	"ShiftReg_fwd_EnableInt\000"
 1440      74526567 
 1440      5F667764 
 1440      5F456E61 
 1440      626C6549 
 1441              	.LASF14:
 1442 0017 63797374 		.ascii	"cystatus\000"
 1442      61747573 
ARM GAS  C:\Users\Walaa\AppData\Local\Temp\ccA2nUzk.s 			page 34


 1442      00
 1443              	.LASF16:
 1444 0020 72656733 		.ascii	"reg32\000"
 1444      3200
 1445              	.LASF41:
 1446 0026 433A5C55 		.ascii	"C:\\Users\\Walaa\\Documents\\PSoC Creator\\unicon_w"
 1446      73657273 
 1446      5C57616C 
 1446      61615C44 
 1446      6F63756D 
 1447 0054 6F726B73 		.ascii	"orkspace\\PSoC_Unicon.cydsn\000"
 1447      70616365 
 1447      5C50536F 
 1447      435F556E 
 1447      69636F6E 
 1448              	.LASF33:
 1449 006f 53686966 		.ascii	"ShiftReg_fwd_WriteData\000"
 1449      74526567 
 1449      5F667764 
 1449      5F577269 
 1449      74654461 
 1450              	.LASF4:
 1451 0086 6C6F6E67 		.ascii	"long int\000"
 1451      20696E74 
 1451      00
 1452              	.LASF3:
 1453 008f 73686F72 		.ascii	"short unsigned int\000"
 1453      7420756E 
 1453      7369676E 
 1453      65642069 
 1453      6E7400
 1454              	.LASF34:
 1455 00a2 53686966 		.ascii	"ShiftReg_fwd_GetIntStatus\000"
 1455      74526567 
 1455      5F667764 
 1455      5F476574 
 1455      496E7453 
 1456              	.LASF35:
 1457 00bc 53686966 		.ascii	"ShiftReg_fwd_ReadData\000"
 1457      74526567 
 1457      5F667764 
 1457      5F526561 
 1457      64446174 
 1458              	.LASF11:
 1459 00d2 666C6F61 		.ascii	"float\000"
 1459      7400
 1460              	.LASF36:
 1461 00d8 53686966 		.ascii	"ShiftReg_fwd_ReadRegValue\000"
 1461      74526567 
 1461      5F667764 
 1461      5F526561 
 1461      64526567 
 1462              	.LASF7:
 1463 00f2 6C6F6E67 		.ascii	"long long unsigned int\000"
 1463      206C6F6E 
 1463      6720756E 
 1463      7369676E 
ARM GAS  C:\Users\Walaa\AppData\Local\Temp\ccA2nUzk.s 			page 35


 1463      65642069 
 1464              	.LASF1:
 1465 0109 756E7369 		.ascii	"unsigned char\000"
 1465      676E6564 
 1465      20636861 
 1465      7200
 1466              	.LASF29:
 1467 0117 53686966 		.ascii	"ShiftReg_fwd_Start\000"
 1467      74526567 
 1467      5F667764 
 1467      5F537461 
 1467      727400
 1468              	.LASF23:
 1469 012a 53686966 		.ascii	"ShiftReg_fwd_Stop\000"
 1469      74526567 
 1469      5F667764 
 1469      5F53746F 
 1469      7000
 1470              	.LASF15:
 1471 013c 72656738 		.ascii	"reg8\000"
 1471      00
 1472              	.LASF22:
 1473 0141 696E7465 		.ascii	"interruptState\000"
 1473      72727570 
 1473      74537461 
 1473      746500
 1474              	.LASF21:
 1475 0150 53686966 		.ascii	"ShiftReg_fwd_DisableInt\000"
 1475      74526567 
 1475      5F667764 
 1475      5F446973 
 1475      61626C65 
 1476              	.LASF9:
 1477 0168 75696E74 		.ascii	"uint8\000"
 1477      3800
 1478              	.LASF26:
 1479 016e 6669666F 		.ascii	"fifoId\000"
 1479      496400
 1480              	.LASF40:
 1481 0175 47656E65 		.ascii	"Generated_Source\\PSoC5\\ShiftReg_fwd.c\000"
 1481      72617465 
 1481      645F536F 
 1481      75726365 
 1481      5C50536F 
 1482              	.LASF20:
 1483 019b 53686966 		.ascii	"ShiftReg_fwd_Enable\000"
 1483      74526567 
 1483      5F667764 
 1483      5F456E61 
 1483      626C6500 
 1484              	.LASF12:
 1485 01af 646F7562 		.ascii	"double\000"
 1485      6C6500
 1486              	.LASF27:
 1487 01b6 696E7465 		.ascii	"interruptSource\000"
 1487      72727570 
 1487      74536F75 
ARM GAS  C:\Users\Walaa\AppData\Local\Temp\ccA2nUzk.s 			page 36


 1487      72636500 
 1488              	.LASF31:
 1489 01c6 73686966 		.ascii	"shiftData\000"
 1489      74446174 
 1489      6100
 1490              	.LASF10:
 1491 01d0 75696E74 		.ascii	"uint32\000"
 1491      333200
 1492              	.LASF37:
 1493 01d7 4379456E 		.ascii	"CyEnterCriticalSection\000"
 1493      74657243 
 1493      72697469 
 1493      63616C53 
 1493      65637469 
 1494              	.LASF5:
 1495 01ee 6C6F6E67 		.ascii	"long unsigned int\000"
 1495      20756E73 
 1495      69676E65 
 1495      6420696E 
 1495      7400
 1496              	.LASF8:
 1497 0200 756E7369 		.ascii	"unsigned int\000"
 1497      676E6564 
 1497      20696E74 
 1497      00
 1498              	.LASF38:
 1499 020d 43794578 		.ascii	"CyExitCriticalSection\000"
 1499      69744372 
 1499      69746963 
 1499      616C5365 
 1499      6374696F 
 1500              	.LASF42:
 1501 0223 53686966 		.ascii	"ShiftReg_fwd_initVar\000"
 1501      74526567 
 1501      5F667764 
 1501      5F696E69 
 1501      74566172 
 1502              	.LASF24:
 1503 0238 72657375 		.ascii	"result\000"
 1503      6C7400
 1504              	.LASF39:
 1505 023f 474E5520 		.ascii	"GNU C11 5.4.1 20160609 (release) [ARM/embedded-5-br"
 1505      43313120 
 1505      352E342E 
 1505      31203230 
 1505      31363036 
 1506 0272 616E6368 		.ascii	"anch revision 237715] -mcpu=cortex-m3 -mthumb -g -O"
 1506      20726576 
 1506      6973696F 
 1506      6E203233 
 1506      37373135 
 1507 02a5 67202D66 		.ascii	"g -ffunction-sections -ffat-lto-objects\000"
 1507      66756E63 
 1507      74696F6E 
 1507      2D736563 
 1507      74696F6E 
 1508              	.LASF18:
ARM GAS  C:\Users\Walaa\AppData\Local\Temp\ccA2nUzk.s 			page 37


 1509 02cd 73697A65 		.ascii	"sizetype\000"
 1509      74797065 
 1509      00
 1510              	.LASF6:
 1511 02d6 6C6F6E67 		.ascii	"long long int\000"
 1511      206C6F6E 
 1511      6720696E 
 1511      7400
 1512              	.LASF32:
 1513 02e4 53686966 		.ascii	"ShiftReg_fwd_GetFIFOStatus\000"
 1513      74526567 
 1513      5F667764 
 1513      5F476574 
 1513      4649464F 
 1514              	.LASF13:
 1515 02ff 63686172 		.ascii	"char\000"
 1515      00
 1516              	.LASF2:
 1517 0304 73686F72 		.ascii	"short int\000"
 1517      7420696E 
 1517      7400
 1518              	.LASF30:
 1519 030e 53686966 		.ascii	"ShiftReg_fwd_WriteRegValue\000"
 1519      74526567 
 1519      5F667764 
 1519      5F577269 
 1519      74655265 
 1520              	.LASF25:
 1521 0329 53686966 		.ascii	"ShiftReg_fwd_SetIntMode\000"
 1521      74526567 
 1521      5F667764 
 1521      5F536574 
 1521      496E744D 
 1522              	.LASF17:
 1523 0341 6C6F6E67 		.ascii	"long double\000"
 1523      20646F75 
 1523      626C6500 
 1524              	.LASF0:
 1525 034d 7369676E 		.ascii	"signed char\000"
 1525      65642063 
 1525      68617200 
 1526              	.LASF28:
 1527 0359 53686966 		.ascii	"ShiftReg_fwd_Init\000"
 1527      74526567 
 1527      5F667764 
 1527      5F496E69 
 1527      7400
 1528              		.ident	"GCC: (GNU Tools for ARM Embedded Processors) 5.4.1 20160609 (release) [ARM/embedded-5-bran
